admin-unit-test	Set up job	ï»¿2025-12-28T14:22:05.8517810Z Current runner version: '2.330.0'
admin-unit-test	Set up job	2025-12-28T14:22:05.8543031Z ##[group]Runner Image Provisioner
admin-unit-test	Set up job	2025-12-28T14:22:05.8543902Z Hosted Compute Agent
admin-unit-test	Set up job	2025-12-28T14:22:05.8544406Z Version: 20251211.462
admin-unit-test	Set up job	2025-12-28T14:22:05.8545121Z Commit: 6cbad8c2bb55d58165063d031ccabf57e2d2db61
admin-unit-test	Set up job	2025-12-28T14:22:05.8545816Z Build Date: 2025-12-11T16:28:49Z
admin-unit-test	Set up job	2025-12-28T14:22:05.8546444Z Worker ID: {20e473e8-c714-48be-b288-246c595933be}
admin-unit-test	Set up job	2025-12-28T14:22:05.8547137Z ##[endgroup]
admin-unit-test	Set up job	2025-12-28T14:22:05.8547662Z ##[group]Operating System
admin-unit-test	Set up job	2025-12-28T14:22:05.8548206Z Ubuntu
admin-unit-test	Set up job	2025-12-28T14:22:05.8548721Z 24.04.3
admin-unit-test	Set up job	2025-12-28T14:22:05.8549215Z LTS
admin-unit-test	Set up job	2025-12-28T14:22:05.8549630Z ##[endgroup]
admin-unit-test	Set up job	2025-12-28T14:22:05.8550347Z ##[group]Runner Image
admin-unit-test	Set up job	2025-12-28T14:22:05.8550870Z Image: ubuntu-24.04
admin-unit-test	Set up job	2025-12-28T14:22:05.8551370Z Version: 20251215.174.1
admin-unit-test	Set up job	2025-12-28T14:22:05.8552384Z Included Software: https://github.com/actions/runner-images/blob/ubuntu24/20251215.174/images/ubuntu/Ubuntu2404-Readme.md
admin-unit-test	Set up job	2025-12-28T14:22:05.8553831Z Image Release: https://github.com/actions/runner-images/releases/tag/ubuntu24%2F20251215.174
admin-unit-test	Set up job	2025-12-28T14:22:05.8555027Z ##[endgroup]
admin-unit-test	Set up job	2025-12-28T14:22:05.8556071Z ##[group]GITHUB_TOKEN Permissions
admin-unit-test	Set up job	2025-12-28T14:22:05.8558486Z Contents: read
admin-unit-test	Set up job	2025-12-28T14:22:05.8559045Z Metadata: read
admin-unit-test	Set up job	2025-12-28T14:22:05.8559550Z Packages: read
admin-unit-test	Set up job	2025-12-28T14:22:05.8560402Z ##[endgroup]
admin-unit-test	Set up job	2025-12-28T14:22:05.8562727Z Secret source: Actions
admin-unit-test	Set up job	2025-12-28T14:22:05.8563805Z Prepare workflow directory
admin-unit-test	Set up job	2025-12-28T14:22:05.9005846Z Prepare all required actions
admin-unit-test	Set up job	2025-12-28T14:22:05.9044411Z Getting action download info
admin-unit-test	Set up job	2025-12-28T14:22:06.2441527Z Download action repository 'actions/checkout@v4' (SHA:34e114876b0b11c390a56381ad16ebd13914f8d5)
admin-unit-test	Set up job	2025-12-28T14:22:06.3408945Z Download action repository 'actions/setup-python@v5' (SHA:a26af69be951a213d495a4c3e4e4022e16d87065)
admin-unit-test	Set up job	2025-12-28T14:22:06.4273410Z Download action repository 'actions/upload-artifact@v4' (SHA:ea165f8d65b6e75b540449e92b4886f43607fa02)
admin-unit-test	Set up job	2025-12-28T14:22:06.6390965Z Complete job name: admin-unit-test
admin-unit-test	Initialize containers	ï»¿2025-12-28T14:22:06.6870709Z ##[group]Checking docker version
admin-unit-test	Initialize containers	2025-12-28T14:22:06.6883593Z ##[command]/usr/bin/docker version --format '{{.Server.APIVersion}}'
admin-unit-test	Initialize containers	2025-12-28T14:22:06.7722994Z '1.48'
admin-unit-test	Initialize containers	2025-12-28T14:22:06.7735058Z Docker daemon API version: '1.48'
admin-unit-test	Initialize containers	2025-12-28T14:22:06.7735796Z ##[command]/usr/bin/docker version --format '{{.Client.APIVersion}}'
admin-unit-test	Initialize containers	2025-12-28T14:22:06.7890629Z '1.48'
admin-unit-test	Initialize containers	2025-12-28T14:22:06.7904466Z Docker client API version: '1.48'
admin-unit-test	Initialize containers	2025-12-28T14:22:06.7910519Z ##[endgroup]
admin-unit-test	Initialize containers	2025-12-28T14:22:06.7913505Z ##[group]Clean up resources from previous jobs
admin-unit-test	Initialize containers	2025-12-28T14:22:06.7918781Z ##[command]/usr/bin/docker ps --all --quiet --no-trunc --filter "label=1164db"
admin-unit-test	Initialize containers	2025-12-28T14:22:06.8061908Z ##[command]/usr/bin/docker network prune --force --filter "label=1164db"
admin-unit-test	Initialize containers	2025-12-28T14:22:06.8191750Z ##[endgroup]
admin-unit-test	Initialize containers	2025-12-28T14:22:06.8192279Z ##[group]Create local container network
admin-unit-test	Initialize containers	2025-12-28T14:22:06.8202048Z ##[command]/usr/bin/docker network create --label 1164db github_network_d31ec50644604416936069a7109096f4
admin-unit-test	Initialize containers	2025-12-28T14:22:06.8734992Z a0e8fe9e1c71f292f262bf92c2f7b0ac2b67939a6e40d811f9cf81fabdd3fd31
admin-unit-test	Initialize containers	2025-12-28T14:22:06.8757294Z ##[endgroup]
admin-unit-test	Initialize containers	2025-12-28T14:22:06.8793047Z ##[group]Starting postgres service container
admin-unit-test	Initialize containers	2025-12-28T14:22:06.8824298Z ##[command]/usr/bin/docker pull postgres:15
admin-unit-test	Initialize containers	2025-12-28T14:22:07.4400966Z 15: Pulling from library/postgres
admin-unit-test	Initialize containers	2025-12-28T14:22:07.5761744Z 1733a4cd5954: Pulling fs layer
admin-unit-test	Initialize containers	2025-12-28T14:22:07.5763388Z 66fe66faf896: Pulling fs layer
admin-unit-test	Initialize containers	2025-12-28T14:22:07.5764564Z c94f51fe9236: Pulling fs layer
admin-unit-test	Initialize containers	2025-12-28T14:22:07.5765589Z 9602d06b4e70: Pulling fs layer
admin-unit-test	Initialize containers	2025-12-28T14:22:07.5766320Z fab6e4443d8a: Pulling fs layer
admin-unit-test	Initialize containers	2025-12-28T14:22:07.5767065Z f2a9e5883151: Pulling fs layer
admin-unit-test	Initialize containers	2025-12-28T14:22:07.5767754Z 8d363c2df07a: Pulling fs layer
admin-unit-test	Initialize containers	2025-12-28T14:22:07.5768432Z 5cdd56139991: Pulling fs layer
admin-unit-test	Initialize containers	2025-12-28T14:22:07.5769097Z aa55ead71133: Pulling fs layer
admin-unit-test	Initialize containers	2025-12-28T14:22:07.5769771Z 758ebfa119db: Pulling fs layer
admin-unit-test	Initialize containers	2025-12-28T14:22:07.5770696Z 798e92f9757e: Pulling fs layer
admin-unit-test	Initialize containers	2025-12-28T14:22:07.5771743Z ada9fa789fdc: Pulling fs layer
admin-unit-test	Initialize containers	2025-12-28T14:22:07.5772420Z 3e738c3a66c8: Pulling fs layer
admin-unit-test	Initialize containers	2025-12-28T14:22:07.5773078Z 687b178dca38: Pulling fs layer
admin-unit-test	Initialize containers	2025-12-28T14:22:07.5773836Z f2a9e5883151: Waiting
admin-unit-test	Initialize containers	2025-12-28T14:22:07.5774458Z 9602d06b4e70: Waiting
admin-unit-test	Initialize containers	2025-12-28T14:22:07.5775089Z fab6e4443d8a: Waiting
admin-unit-test	Initialize containers	2025-12-28T14:22:07.5775718Z aa55ead71133: Waiting
admin-unit-test	Initialize containers	2025-12-28T14:22:07.5776343Z 8d363c2df07a: Waiting
admin-unit-test	Initialize containers	2025-12-28T14:22:07.5776969Z 758ebfa119db: Waiting
admin-unit-test	Initialize containers	2025-12-28T14:22:07.5777590Z 5cdd56139991: Waiting
admin-unit-test	Initialize containers	2025-12-28T14:22:07.5778208Z 798e92f9757e: Waiting
admin-unit-test	Initialize containers	2025-12-28T14:22:07.5778820Z 687b178dca38: Waiting
admin-unit-test	Initialize containers	2025-12-28T14:22:07.5779445Z ada9fa789fdc: Waiting
admin-unit-test	Initialize containers	2025-12-28T14:22:07.5780303Z 3e738c3a66c8: Waiting
admin-unit-test	Initialize containers	2025-12-28T14:22:07.7712287Z 66fe66faf896: Verifying Checksum
admin-unit-test	Initialize containers	2025-12-28T14:22:07.7714452Z 66fe66faf896: Download complete
admin-unit-test	Initialize containers	2025-12-28T14:22:07.8660476Z c94f51fe9236: Verifying Checksum
admin-unit-test	Initialize containers	2025-12-28T14:22:07.8662276Z c94f51fe9236: Download complete
admin-unit-test	Initialize containers	2025-12-28T14:22:08.0098534Z 9602d06b4e70: Verifying Checksum
admin-unit-test	Initialize containers	2025-12-28T14:22:08.0099435Z 9602d06b4e70: Download complete
admin-unit-test	Initialize containers	2025-12-28T14:22:08.0485486Z 1733a4cd5954: Verifying Checksum
admin-unit-test	Initialize containers	2025-12-28T14:22:08.0487074Z 1733a4cd5954: Download complete
admin-unit-test	Initialize containers	2025-12-28T14:22:08.2003481Z fab6e4443d8a: Verifying Checksum
admin-unit-test	Initialize containers	2025-12-28T14:22:08.2004081Z fab6e4443d8a: Download complete
admin-unit-test	Initialize containers	2025-12-28T14:22:08.2528554Z 8d363c2df07a: Verifying Checksum
admin-unit-test	Initialize containers	2025-12-28T14:22:08.2529211Z 8d363c2df07a: Download complete
admin-unit-test	Initialize containers	2025-12-28T14:22:08.2643678Z f2a9e5883151: Verifying Checksum
admin-unit-test	Initialize containers	2025-12-28T14:22:08.2644235Z f2a9e5883151: Download complete
admin-unit-test	Initialize containers	2025-12-28T14:22:08.3884851Z 5cdd56139991: Verifying Checksum
admin-unit-test	Initialize containers	2025-12-28T14:22:08.3885577Z 5cdd56139991: Download complete
admin-unit-test	Initialize containers	2025-12-28T14:22:08.4526677Z 758ebfa119db: Verifying Checksum
admin-unit-test	Initialize containers	2025-12-28T14:22:08.4529550Z 758ebfa119db: Download complete
admin-unit-test	Initialize containers	2025-12-28T14:22:08.6117906Z 798e92f9757e: Download complete
admin-unit-test	Initialize containers	2025-12-28T14:22:08.6478492Z ada9fa789fdc: Download complete
admin-unit-test	Initialize containers	2025-12-28T14:22:08.8267434Z 687b178dca38: Verifying Checksum
admin-unit-test	Initialize containers	2025-12-28T14:22:08.8268000Z 687b178dca38: Download complete
admin-unit-test	Initialize containers	2025-12-28T14:22:08.8569416Z 3e738c3a66c8: Verifying Checksum
admin-unit-test	Initialize containers	2025-12-28T14:22:08.8569960Z 3e738c3a66c8: Download complete
admin-unit-test	Initialize containers	2025-12-28T14:22:09.0728689Z 1733a4cd5954: Pull complete
admin-unit-test	Initialize containers	2025-12-28T14:22:09.2745033Z 66fe66faf896: Pull complete
admin-unit-test	Initialize containers	2025-12-28T14:22:09.4586609Z aa55ead71133: Verifying Checksum
admin-unit-test	Initialize containers	2025-12-28T14:22:09.4587142Z aa55ead71133: Download complete
admin-unit-test	Initialize containers	2025-12-28T14:22:09.4705752Z c94f51fe9236: Pull complete
admin-unit-test	Initialize containers	2025-12-28T14:22:09.5098984Z 9602d06b4e70: Pull complete
admin-unit-test	Initialize containers	2025-12-28T14:22:09.8337406Z fab6e4443d8a: Pull complete
admin-unit-test	Initialize containers	2025-12-28T14:22:09.9154452Z f2a9e5883151: Pull complete
admin-unit-test	Initialize containers	2025-12-28T14:22:09.9254830Z 8d363c2df07a: Pull complete
admin-unit-test	Initialize containers	2025-12-28T14:22:09.9372212Z 5cdd56139991: Pull complete
admin-unit-test	Initialize containers	2025-12-28T14:22:12.8286999Z aa55ead71133: Pull complete
admin-unit-test	Initialize containers	2025-12-28T14:22:12.8432035Z 758ebfa119db: Pull complete
admin-unit-test	Initialize containers	2025-12-28T14:22:12.8525577Z 798e92f9757e: Pull complete
admin-unit-test	Initialize containers	2025-12-28T14:22:12.8609676Z ada9fa789fdc: Pull complete
admin-unit-test	Initialize containers	2025-12-28T14:22:12.8744489Z 3e738c3a66c8: Pull complete
admin-unit-test	Initialize containers	2025-12-28T14:22:12.8834059Z 687b178dca38: Pull complete
admin-unit-test	Initialize containers	2025-12-28T14:22:12.8873681Z Digest: sha256:697ff70295146d53b702b07532fe68aaed7a5f10d04ff68edbeffd5fbacd15a5
admin-unit-test	Initialize containers	2025-12-28T14:22:12.8883964Z Status: Downloaded newer image for postgres:15
admin-unit-test	Initialize containers	2025-12-28T14:22:12.8894382Z docker.io/library/postgres:15
admin-unit-test	Initialize containers	2025-12-28T14:22:12.8954660Z ##[command]/usr/bin/docker create --name c23f0fd2813248eeb0ed4d7f108133cc_postgres15_7b988f --label 1164db --network github_network_d31ec50644604416936069a7109096f4 --network-alias postgres -p 5432:5432 --health-cmd pg_isready --health-interval 10s --health-timeout 5s --health-retries 5 -e "POSTGRES_USER=trading" -e "POSTGRES_PASSWORD=trading123" -e "POSTGRES_DB=exchange_info_db" -e GITHUB_ACTIONS=true -e CI=true postgres:15
admin-unit-test	Initialize containers	2025-12-28T14:22:12.9200757Z 2c93c0d93e52b7059130c77f4b030414cbe95c3cacd6194524e682352765568f
admin-unit-test	Initialize containers	2025-12-28T14:22:12.9224067Z ##[command]/usr/bin/docker start 2c93c0d93e52b7059130c77f4b030414cbe95c3cacd6194524e682352765568f
admin-unit-test	Initialize containers	2025-12-28T14:22:13.2568838Z 2c93c0d93e52b7059130c77f4b030414cbe95c3cacd6194524e682352765568f
admin-unit-test	Initialize containers	2025-12-28T14:22:13.2593904Z ##[command]/usr/bin/docker ps --all --filter id=2c93c0d93e52b7059130c77f4b030414cbe95c3cacd6194524e682352765568f --filter status=running --no-trunc --format "{{.ID}} {{.Status}}"
admin-unit-test	Initialize containers	2025-12-28T14:22:13.2722328Z 2c93c0d93e52b7059130c77f4b030414cbe95c3cacd6194524e682352765568f Up Less than a second (health: starting)
admin-unit-test	Initialize containers	2025-12-28T14:22:13.2742295Z ##[command]/usr/bin/docker port 2c93c0d93e52b7059130c77f4b030414cbe95c3cacd6194524e682352765568f
admin-unit-test	Initialize containers	2025-12-28T14:22:13.2874643Z 5432/tcp -> 0.0.0.0:5432
admin-unit-test	Initialize containers	2025-12-28T14:22:13.2875423Z 5432/tcp -> [::]:5432
admin-unit-test	Initialize containers	2025-12-28T14:22:13.2922890Z ##[endgroup]
admin-unit-test	Initialize containers	2025-12-28T14:22:13.2931727Z ##[group]Waiting for all services to be ready
admin-unit-test	Initialize containers	2025-12-28T14:22:13.2944974Z ##[command]/usr/bin/docker inspect --format="{{if .Config.Healthcheck}}{{print .State.Health.Status}}{{end}}" 2c93c0d93e52b7059130c77f4b030414cbe95c3cacd6194524e682352765568f
admin-unit-test	Initialize containers	2025-12-28T14:22:13.3094041Z starting
admin-unit-test	Initialize containers	2025-12-28T14:22:13.3116398Z postgres service is starting, waiting 2 seconds before checking again.
admin-unit-test	Initialize containers	2025-12-28T14:22:15.3110914Z ##[command]/usr/bin/docker inspect --format="{{if .Config.Healthcheck}}{{print .State.Health.Status}}{{end}}" 2c93c0d93e52b7059130c77f4b030414cbe95c3cacd6194524e682352765568f
admin-unit-test	Initialize containers	2025-12-28T14:22:15.3228354Z starting
admin-unit-test	Initialize containers	2025-12-28T14:22:15.3241538Z postgres service is starting, waiting 3 seconds before checking again.
admin-unit-test	Initialize containers	2025-12-28T14:22:18.9385266Z ##[command]/usr/bin/docker inspect --format="{{if .Config.Healthcheck}}{{print .State.Health.Status}}{{end}}" 2c93c0d93e52b7059130c77f4b030414cbe95c3cacd6194524e682352765568f
admin-unit-test	Initialize containers	2025-12-28T14:22:18.9504254Z starting
admin-unit-test	Initialize containers	2025-12-28T14:22:18.9521639Z postgres service is starting, waiting 6 seconds before checking again.
admin-unit-test	Initialize containers	2025-12-28T14:22:25.8150402Z ##[command]/usr/bin/docker inspect --format="{{if .Config.Healthcheck}}{{print .State.Health.Status}}{{end}}" 2c93c0d93e52b7059130c77f4b030414cbe95c3cacd6194524e682352765568f
admin-unit-test	Initialize containers	2025-12-28T14:22:25.8277933Z healthy
admin-unit-test	Initialize containers	2025-12-28T14:22:25.8296744Z postgres service is healthy.
admin-unit-test	Initialize containers	2025-12-28T14:22:25.8297710Z ##[endgroup]
admin-unit-test	Run actions/checkout@v4	ï»¿2025-12-28T14:22:25.8548019Z ##[group]Run actions/checkout@v4
admin-unit-test	Run actions/checkout@v4	2025-12-28T14:22:25.8548551Z with:
admin-unit-test	Run actions/checkout@v4	2025-12-28T14:22:25.8548740Z   repository: gjwang/zero_x_infinity
admin-unit-test	Run actions/checkout@v4	2025-12-28T14:22:25.8549129Z   token: ***
admin-unit-test	Run actions/checkout@v4	2025-12-28T14:22:25.8549310Z   ssh-strict: true
admin-unit-test	Run actions/checkout@v4	2025-12-28T14:22:25.8549479Z   ssh-user: git
admin-unit-test	Run actions/checkout@v4	2025-12-28T14:22:25.8549660Z   persist-credentials: true
admin-unit-test	Run actions/checkout@v4	2025-12-28T14:22:25.8549859Z   clean: true
admin-unit-test	Run actions/checkout@v4	2025-12-28T14:22:25.8550320Z   sparse-checkout-cone-mode: true
admin-unit-test	Run actions/checkout@v4	2025-12-28T14:22:25.8550554Z   fetch-depth: 1
admin-unit-test	Run actions/checkout@v4	2025-12-28T14:22:25.8550724Z   fetch-tags: false
admin-unit-test	Run actions/checkout@v4	2025-12-28T14:22:25.8550896Z   show-progress: true
admin-unit-test	Run actions/checkout@v4	2025-12-28T14:22:25.8551074Z   lfs: false
admin-unit-test	Run actions/checkout@v4	2025-12-28T14:22:25.8551227Z   submodules: false
admin-unit-test	Run actions/checkout@v4	2025-12-28T14:22:25.8551419Z   set-safe-directory: true
admin-unit-test	Run actions/checkout@v4	2025-12-28T14:22:25.8551863Z env:
admin-unit-test	Run actions/checkout@v4	2025-12-28T14:22:25.8552027Z   CI: true
admin-unit-test	Run actions/checkout@v4	2025-12-28T14:22:25.8552199Z   PG_HOST: localhost
admin-unit-test	Run actions/checkout@v4	2025-12-28T14:22:25.8552382Z   PG_PORT: 5432
admin-unit-test	Run actions/checkout@v4	2025-12-28T14:22:25.8552553Z   PG_USER: trading
admin-unit-test	Run actions/checkout@v4	2025-12-28T14:22:25.8552751Z   PG_PASSWORD: trading123
admin-unit-test	Run actions/checkout@v4	2025-12-28T14:22:25.8552986Z   PG_DB: exchange_info_db
admin-unit-test	Run actions/checkout@v4	2025-12-28T14:22:25.8553417Z   DATABASE_URL: ***localhost:5432/exchange_info_db
admin-unit-test	Run actions/checkout@v4	2025-12-28T14:22:25.8553963Z   DATABASE_URL_ASYNC: ***localhost:5432/exchange_info_db
admin-unit-test	Run actions/checkout@v4	2025-12-28T14:22:25.8554224Z   ADMIN_PORT: 8001
admin-unit-test	Run actions/checkout@v4	2025-12-28T14:22:25.8554398Z   GATEWAY_PORT: 8080
admin-unit-test	Run actions/checkout@v4	2025-12-28T14:22:25.8554575Z ##[endgroup]
admin-unit-test	Run actions/checkout@v4	2025-12-28T14:22:25.9628352Z Syncing repository: gjwang/zero_x_infinity
admin-unit-test	Run actions/checkout@v4	2025-12-28T14:22:25.9629633Z ##[group]Getting Git version info
admin-unit-test	Run actions/checkout@v4	2025-12-28T14:22:25.9630206Z Working directory is '/home/runner/work/zero_x_infinity/zero_x_infinity'
admin-unit-test	Run actions/checkout@v4	2025-12-28T14:22:25.9630789Z [command]/usr/bin/git version
admin-unit-test	Run actions/checkout@v4	2025-12-28T14:22:25.9720292Z git version 2.52.0
admin-unit-test	Run actions/checkout@v4	2025-12-28T14:22:25.9747513Z ##[endgroup]
admin-unit-test	Run actions/checkout@v4	2025-12-28T14:22:25.9771727Z Temporarily overriding HOME='/home/runner/work/_temp/aa2e45fc-3bc1-4b27-8478-7a08be4e22a7' before making global git config changes
admin-unit-test	Run actions/checkout@v4	2025-12-28T14:22:25.9773030Z Adding repository directory to the temporary git global config as a safe directory
admin-unit-test	Run actions/checkout@v4	2025-12-28T14:22:25.9778453Z [command]/usr/bin/git config --global --add safe.directory /home/runner/work/zero_x_infinity/zero_x_infinity
admin-unit-test	Run actions/checkout@v4	2025-12-28T14:22:25.9821652Z Deleting the contents of '/home/runner/work/zero_x_infinity/zero_x_infinity'
admin-unit-test	Run actions/checkout@v4	2025-12-28T14:22:25.9825780Z ##[group]Initializing the repository
admin-unit-test	Run actions/checkout@v4	2025-12-28T14:22:25.9830346Z [command]/usr/bin/git init /home/runner/work/zero_x_infinity/zero_x_infinity
admin-unit-test	Run actions/checkout@v4	2025-12-28T14:22:25.9926585Z hint: Using 'master' as the name for the initial branch. This default branch name
admin-unit-test	Run actions/checkout@v4	2025-12-28T14:22:25.9994488Z hint: will change to "main" in Git 3.0. To configure the initial branch name
admin-unit-test	Run actions/checkout@v4	2025-12-28T14:22:25.9995231Z hint: to use in all of your new repositories, which will suppress this warning,
admin-unit-test	Run actions/checkout@v4	2025-12-28T14:22:25.9995783Z hint: call:
admin-unit-test	Run actions/checkout@v4	2025-12-28T14:22:25.9996052Z hint:
admin-unit-test	Run actions/checkout@v4	2025-12-28T14:22:25.9996447Z hint: 	git config --global init.defaultBranch <name>
admin-unit-test	Run actions/checkout@v4	2025-12-28T14:22:25.9996887Z hint:
admin-unit-test	Run actions/checkout@v4	2025-12-28T14:22:25.9997406Z hint: Names commonly chosen instead of 'master' are 'main', 'trunk' and
admin-unit-test	Run actions/checkout@v4	2025-12-28T14:22:25.9998350Z hint: 'development'. The just-created branch can be renamed via this command:
admin-unit-test	Run actions/checkout@v4	2025-12-28T14:22:25.9998957Z hint:
admin-unit-test	Run actions/checkout@v4	2025-12-28T14:22:25.9999206Z hint: 	git branch -m <name>
admin-unit-test	Run actions/checkout@v4	2025-12-28T14:22:25.9999514Z hint:
admin-unit-test	Run actions/checkout@v4	2025-12-28T14:22:25.9999967Z hint: Disable this message with "git config set advice.defaultBranchName false"
admin-unit-test	Run actions/checkout@v4	2025-12-28T14:22:26.0001208Z Initialized empty Git repository in /home/runner/work/zero_x_infinity/zero_x_infinity/.git/
admin-unit-test	Run actions/checkout@v4	2025-12-28T14:22:26.0005215Z [command]/usr/bin/git remote add origin https://github.com/gjwang/zero_x_infinity
admin-unit-test	Run actions/checkout@v4	2025-12-28T14:22:26.0009553Z ##[endgroup]
admin-unit-test	Run actions/checkout@v4	2025-12-28T14:22:26.0010343Z ##[group]Disabling automatic garbage collection
admin-unit-test	Run actions/checkout@v4	2025-12-28T14:22:26.0010871Z [command]/usr/bin/git config --local gc.auto 0
admin-unit-test	Run actions/checkout@v4	2025-12-28T14:22:26.0022038Z ##[endgroup]
admin-unit-test	Run actions/checkout@v4	2025-12-28T14:22:26.0022436Z ##[group]Setting up auth
admin-unit-test	Run actions/checkout@v4	2025-12-28T14:22:26.0029462Z [command]/usr/bin/git config --local --name-only --get-regexp core\.sshCommand
admin-unit-test	Run actions/checkout@v4	2025-12-28T14:22:26.0061619Z [command]/usr/bin/git submodule foreach --recursive sh -c "git config --local --name-only --get-regexp 'core\.sshCommand' && git config --local --unset-all 'core.sshCommand' || :"
admin-unit-test	Run actions/checkout@v4	2025-12-28T14:22:26.0398276Z [command]/usr/bin/git config --local --name-only --get-regexp http\.https\:\/\/github\.com\/\.extraheader
admin-unit-test	Run actions/checkout@v4	2025-12-28T14:22:26.0430333Z [command]/usr/bin/git submodule foreach --recursive sh -c "git config --local --name-only --get-regexp 'http\.https\:\/\/github\.com\/\.extraheader' && git config --local --unset-all 'http.https://github.com/.extraheader' || :"
admin-unit-test	Run actions/checkout@v4	2025-12-28T14:22:26.0657459Z [command]/usr/bin/git config --local --name-only --get-regexp ^includeIf\.gitdir:
admin-unit-test	Run actions/checkout@v4	2025-12-28T14:22:26.0700573Z [command]/usr/bin/git submodule foreach --recursive git config --local --show-origin --name-only --get-regexp remote.origin.url
admin-unit-test	Run actions/checkout@v4	2025-12-28T14:22:26.0929222Z [command]/usr/bin/git config --local http.https://github.com/.extraheader AUTHORIZATION: basic ***
admin-unit-test	Run actions/checkout@v4	2025-12-28T14:22:26.0965263Z ##[endgroup]
admin-unit-test	Run actions/checkout@v4	2025-12-28T14:22:26.0965952Z ##[group]Fetching the repository
admin-unit-test	Run actions/checkout@v4	2025-12-28T14:22:26.0974719Z [command]/usr/bin/git -c protocol.version=2 fetch --no-tags --prune --no-recurse-submodules --depth=1 origin +d9ecfe855b034fea94a72cd41dbe07cccbe9a200:refs/remotes/origin/main
admin-unit-test	Run actions/checkout@v4	2025-12-28T14:22:28.8115275Z From https://github.com/gjwang/zero_x_infinity
admin-unit-test	Run actions/checkout@v4	2025-12-28T14:22:28.8116201Z  * [new ref]         d9ecfe855b034fea94a72cd41dbe07cccbe9a200 -> origin/main
admin-unit-test	Run actions/checkout@v4	2025-12-28T14:22:28.8151765Z ##[endgroup]
admin-unit-test	Run actions/checkout@v4	2025-12-28T14:22:28.8152358Z ##[group]Determining the checkout info
admin-unit-test	Run actions/checkout@v4	2025-12-28T14:22:28.8152953Z ##[endgroup]
admin-unit-test	Run actions/checkout@v4	2025-12-28T14:22:28.8156554Z [command]/usr/bin/git sparse-checkout disable
admin-unit-test	Run actions/checkout@v4	2025-12-28T14:22:28.8199221Z [command]/usr/bin/git config --local --unset-all extensions.worktreeConfig
admin-unit-test	Run actions/checkout@v4	2025-12-28T14:22:28.8226113Z ##[group]Checking out the ref
admin-unit-test	Run actions/checkout@v4	2025-12-28T14:22:28.8231751Z [command]/usr/bin/git checkout --progress --force -B main refs/remotes/origin/main
admin-unit-test	Run actions/checkout@v4	2025-12-28T14:22:29.8272317Z Updating files:  92% (553/596)
admin-unit-test	Run actions/checkout@v4	2025-12-28T14:22:29.8275918Z Updating files:  93% (555/596)
admin-unit-test	Run actions/checkout@v4	2025-12-28T14:22:29.8281421Z Updating files:  94% (561/596)
admin-unit-test	Run actions/checkout@v4	2025-12-28T14:22:29.8286867Z Updating files:  95% (567/596)
admin-unit-test	Run actions/checkout@v4	2025-12-28T14:22:29.8294132Z Updating files:  96% (573/596)
admin-unit-test	Run actions/checkout@v4	2025-12-28T14:22:29.8299201Z Updating files:  97% (579/596)
admin-unit-test	Run actions/checkout@v4	2025-12-28T14:22:29.8304983Z Updating files:  98% (585/596)
admin-unit-test	Run actions/checkout@v4	2025-12-28T14:22:29.8311657Z Updating files:  99% (591/596)
admin-unit-test	Run actions/checkout@v4	2025-12-28T14:22:29.8312079Z Updating files: 100% (596/596)
admin-unit-test	Run actions/checkout@v4	2025-12-28T14:22:29.8312464Z Updating files: 100% (596/596), done.
admin-unit-test	Run actions/checkout@v4	2025-12-28T14:22:29.8330412Z Switched to a new branch 'main'
admin-unit-test	Run actions/checkout@v4	2025-12-28T14:22:29.8333661Z branch 'main' set up to track 'origin/main'.
admin-unit-test	Run actions/checkout@v4	2025-12-28T14:22:29.8365170Z ##[endgroup]
admin-unit-test	Run actions/checkout@v4	2025-12-28T14:22:29.8410362Z [command]/usr/bin/git log -1 --format=%H
admin-unit-test	Run actions/checkout@v4	2025-12-28T14:22:29.8435390Z d9ecfe855b034fea94a72cd41dbe07cccbe9a200
admin-unit-test	Set up Python 3.11	ï»¿2025-12-28T14:22:29.8653690Z ##[group]Run actions/setup-python@v5
admin-unit-test	Set up Python 3.11	2025-12-28T14:22:29.8653962Z with:
admin-unit-test	Set up Python 3.11	2025-12-28T14:22:29.8654146Z   python-version: 3.11
admin-unit-test	Set up Python 3.11	2025-12-28T14:22:29.8654344Z   cache: pip
admin-unit-test	Set up Python 3.11	2025-12-28T14:22:29.8654560Z   cache-dependency-path: admin/requirements.txt
admin-unit-test	Set up Python 3.11	2025-12-28T14:22:29.8654827Z   check-latest: false
admin-unit-test	Set up Python 3.11	2025-12-28T14:22:29.8655138Z   token: ***
admin-unit-test	Set up Python 3.11	2025-12-28T14:22:29.8655323Z   update-environment: true
admin-unit-test	Set up Python 3.11	2025-12-28T14:22:29.8655538Z   allow-prereleases: false
admin-unit-test	Set up Python 3.11	2025-12-28T14:22:29.8655742Z   freethreaded: false
admin-unit-test	Set up Python 3.11	2025-12-28T14:22:29.8655916Z env:
admin-unit-test	Set up Python 3.11	2025-12-28T14:22:29.8656068Z   CI: true
admin-unit-test	Set up Python 3.11	2025-12-28T14:22:29.8656223Z   PG_HOST: localhost
admin-unit-test	Set up Python 3.11	2025-12-28T14:22:29.8656411Z   PG_PORT: 5432
admin-unit-test	Set up Python 3.11	2025-12-28T14:22:29.8656578Z   PG_USER: trading
admin-unit-test	Set up Python 3.11	2025-12-28T14:22:29.8656759Z   PG_PASSWORD: trading123
admin-unit-test	Set up Python 3.11	2025-12-28T14:22:29.8656958Z   PG_DB: exchange_info_db
admin-unit-test	Set up Python 3.11	2025-12-28T14:22:29.8657348Z   DATABASE_URL: ***localhost:5432/exchange_info_db
admin-unit-test	Set up Python 3.11	2025-12-28T14:22:29.8657893Z   DATABASE_URL_ASYNC: ***localhost:5432/exchange_info_db
admin-unit-test	Set up Python 3.11	2025-12-28T14:22:29.8658167Z   ADMIN_PORT: 8001
admin-unit-test	Set up Python 3.11	2025-12-28T14:22:29.8658379Z   GATEWAY_PORT: 8080
admin-unit-test	Set up Python 3.11	2025-12-28T14:22:29.8658561Z ##[endgroup]
admin-unit-test	Set up Python 3.11	2025-12-28T14:22:30.0334131Z ##[group]Installed versions
admin-unit-test	Set up Python 3.11	2025-12-28T14:22:30.0444393Z Successfully set up CPython (3.11.14)
admin-unit-test	Set up Python 3.11	2025-12-28T14:22:30.0445606Z ##[endgroup]
admin-unit-test	Set up Python 3.11	2025-12-28T14:22:30.0734643Z [command]/opt/hostedtoolcache/Python/3.11.14/x64/bin/pip cache dir
admin-unit-test	Set up Python 3.11	2025-12-28T14:22:30.3794453Z /home/runner/.cache/pip
admin-unit-test	Set up Python 3.11	2025-12-28T14:22:30.5564355Z pip cache is not found
admin-unit-test	Install dependencies	ï»¿2025-12-28T14:22:30.5671026Z ##[group]Run cd admin
admin-unit-test	Install dependencies	2025-12-28T14:22:30.5671349Z [36;1mcd admin[0m
admin-unit-test	Install dependencies	2025-12-28T14:22:30.5671588Z [36;1mpython -m pip install --upgrade pip[0m
admin-unit-test	Install dependencies	2025-12-28T14:22:30.5671881Z [36;1mpip install -r requirements.txt[0m
admin-unit-test	Install dependencies	2025-12-28T14:22:30.5711791Z shell: /usr/bin/bash -e {0}
admin-unit-test	Install dependencies	2025-12-28T14:22:30.5712043Z env:
admin-unit-test	Install dependencies	2025-12-28T14:22:30.5712198Z   CI: true
admin-unit-test	Install dependencies	2025-12-28T14:22:30.5712370Z   PG_HOST: localhost
admin-unit-test	Install dependencies	2025-12-28T14:22:30.5712557Z   PG_PORT: 5432
admin-unit-test	Install dependencies	2025-12-28T14:22:30.5712731Z   PG_USER: trading
admin-unit-test	Install dependencies	2025-12-28T14:22:30.5712919Z   PG_PASSWORD: trading123
admin-unit-test	Install dependencies	2025-12-28T14:22:30.5713127Z   PG_DB: exchange_info_db
admin-unit-test	Install dependencies	2025-12-28T14:22:30.5713608Z   DATABASE_URL: ***localhost:5432/exchange_info_db
admin-unit-test	Install dependencies	2025-12-28T14:22:30.5714137Z   DATABASE_URL_ASYNC: ***localhost:5432/exchange_info_db
admin-unit-test	Install dependencies	2025-12-28T14:22:30.5714400Z   ADMIN_PORT: 8001
admin-unit-test	Install dependencies	2025-12-28T14:22:30.5714582Z   GATEWAY_PORT: 8080
admin-unit-test	Install dependencies	2025-12-28T14:22:30.5714832Z   pythonLocation: /opt/hostedtoolcache/Python/3.11.14/x64
admin-unit-test	Install dependencies	2025-12-28T14:22:30.5715233Z   PKG_CONFIG_PATH: /opt/hostedtoolcache/Python/3.11.14/x64/lib/pkgconfig
admin-unit-test	Install dependencies	2025-12-28T14:22:30.5715650Z   Python_ROOT_DIR: /opt/hostedtoolcache/Python/3.11.14/x64
admin-unit-test	Install dependencies	2025-12-28T14:22:30.5715993Z   Python2_ROOT_DIR: /opt/hostedtoolcache/Python/3.11.14/x64
admin-unit-test	Install dependencies	2025-12-28T14:22:30.5716324Z   Python3_ROOT_DIR: /opt/hostedtoolcache/Python/3.11.14/x64
admin-unit-test	Install dependencies	2025-12-28T14:22:30.5716662Z   LD_LIBRARY_PATH: /opt/hostedtoolcache/Python/3.11.14/x64/lib
admin-unit-test	Install dependencies	2025-12-28T14:22:30.5716952Z ##[endgroup]
admin-unit-test	Install dependencies	2025-12-28T14:22:31.4396531Z Requirement already satisfied: pip in /opt/hostedtoolcache/Python/3.11.14/x64/lib/python3.11/site-packages (25.3)
admin-unit-test	Install dependencies	2025-12-28T14:22:32.6719375Z Collecting fastapi==0.109.2 (from -r requirements.txt (line 5))
admin-unit-test	Install dependencies	2025-12-28T14:22:32.8241584Z   Downloading fastapi-0.109.2-py3-none-any.whl.metadata (25 kB)
admin-unit-test	Install dependencies	2025-12-28T14:22:32.8925800Z Collecting uvicorn>=0.24.0 (from uvicorn[standard]>=0.24.0->-r requirements.txt (line 6))
admin-unit-test	Install dependencies	2025-12-28T14:22:32.9226728Z   Downloading uvicorn-0.40.0-py3-none-any.whl.metadata (6.7 kB)
admin-unit-test	Install dependencies	2025-12-28T14:22:32.9589578Z Collecting fastapi-amis-admin==0.7.3 (from -r requirements.txt (line 9))
admin-unit-test	Install dependencies	2025-12-28T14:22:32.9899540Z   Downloading fastapi_amis_admin-0.7.3-py3-none-any.whl.metadata (13 kB)
admin-unit-test	Install dependencies	2025-12-28T14:22:33.0244143Z Collecting fastapi-user-auth==0.7.3 (from -r requirements.txt (line 10))
admin-unit-test	Install dependencies	2025-12-28T14:22:33.0543316Z   Downloading fastapi_user_auth-0.7.3-py3-none-any.whl.metadata (16 kB)
admin-unit-test	Install dependencies	2025-12-28T14:22:33.4043583Z Collecting sqlalchemy>=2.0.0 (from sqlalchemy[asyncio]>=2.0.0->-r requirements.txt (line 13))
admin-unit-test	Install dependencies	2025-12-28T14:22:33.4343399Z   Downloading sqlalchemy-2.0.45-cp311-cp311-manylinux2014_x86_64.manylinux_2_17_x86_64.manylinux_2_28_x86_64.whl.metadata (9.5 kB)
admin-unit-test	Install dependencies	2025-12-28T14:22:33.4996730Z Collecting asyncpg>=0.29.0 (from -r requirements.txt (line 14))
admin-unit-test	Install dependencies	2025-12-28T14:22:33.5296972Z   Downloading asyncpg-0.31.0-cp311-cp311-manylinux2014_x86_64.manylinux_2_17_x86_64.manylinux_2_28_x86_64.whl.metadata (4.4 kB)
admin-unit-test	Install dependencies	2025-12-28T14:22:33.6988132Z Collecting greenlet>=3.0.0 (from -r requirements.txt (line 15))
admin-unit-test	Install dependencies	2025-12-28T14:22:33.7281575Z   Downloading greenlet-3.3.0-cp311-cp311-manylinux_2_24_x86_64.manylinux_2_28_x86_64.whl.metadata (4.1 kB)
admin-unit-test	Install dependencies	2025-12-28T14:22:33.8716303Z Collecting pydantic<2.10,>=2.0.0 (from -r requirements.txt (line 18))
admin-unit-test	Install dependencies	2025-12-28T14:22:33.9013776Z   Downloading pydantic-2.9.2-py3-none-any.whl.metadata (149 kB)
admin-unit-test	Install dependencies	2025-12-28T14:22:33.9751493Z Collecting pydantic-settings>=2.0.0 (from -r requirements.txt (line 19))
admin-unit-test	Install dependencies	2025-12-28T14:22:34.0045193Z   Downloading pydantic_settings-2.12.0-py3-none-any.whl.metadata (3.4 kB)
admin-unit-test	Install dependencies	2025-12-28T14:22:34.0336373Z Collecting python-dotenv>=1.0.0 (from -r requirements.txt (line 20))
admin-unit-test	Install dependencies	2025-12-28T14:22:34.0628688Z   Downloading python_dotenv-1.2.1-py3-none-any.whl.metadata (25 kB)
admin-unit-test	Install dependencies	2025-12-28T14:22:34.1205160Z Collecting bcrypt>=4.0.0 (from -r requirements.txt (line 21))
admin-unit-test	Install dependencies	2025-12-28T14:22:34.1500948Z   Downloading bcrypt-5.0.0-cp39-abi3-manylinux_2_34_x86_64.whl.metadata (10 kB)
admin-unit-test	Install dependencies	2025-12-28T14:22:34.1978551Z Collecting pytest>=7.4.0 (from -r requirements.txt (line 24))
admin-unit-test	Install dependencies	2025-12-28T14:22:34.2273322Z   Downloading pytest-9.0.2-py3-none-any.whl.metadata (7.6 kB)
admin-unit-test	Install dependencies	2025-12-28T14:22:34.2599399Z Collecting pytest-asyncio>=0.21.0 (from -r requirements.txt (line 25))
admin-unit-test	Install dependencies	2025-12-28T14:22:34.2899644Z   Downloading pytest_asyncio-1.3.0-py3-none-any.whl.metadata (4.1 kB)
admin-unit-test	Install dependencies	2025-12-28T14:22:34.3204423Z Collecting httpx>=0.25.0 (from -r requirements.txt (line 26))
admin-unit-test	Install dependencies	2025-12-28T14:22:34.3496152Z   Downloading httpx-0.28.1-py3-none-any.whl.metadata (7.1 kB)
admin-unit-test	Install dependencies	2025-12-28T14:22:34.3813735Z Collecting anyio>=4.0.0 (from -r requirements.txt (line 27))
admin-unit-test	Install dependencies	2025-12-28T14:22:34.4111334Z   Downloading anyio-4.12.0-py3-none-any.whl.metadata (4.3 kB)
admin-unit-test	Install dependencies	2025-12-28T14:22:34.4355986Z Collecting python-ulid>=3.0.0 (from -r requirements.txt (line 28))
admin-unit-test	Install dependencies	2025-12-28T14:22:34.4649813Z   Downloading python_ulid-3.1.0-py3-none-any.whl.metadata (5.8 kB)
admin-unit-test	Install dependencies	2025-12-28T14:22:34.4887836Z Collecting loguru>=0.7.0 (from -r requirements.txt (line 29))
admin-unit-test	Install dependencies	2025-12-28T14:22:34.5182525Z   Downloading loguru-0.7.3-py3-none-any.whl.metadata (22 kB)
admin-unit-test	Install dependencies	2025-12-28T14:22:34.5860861Z Collecting starlette<0.37.0,>=0.36.3 (from fastapi==0.109.2->-r requirements.txt (line 5))
admin-unit-test	Install dependencies	2025-12-28T14:22:34.6154685Z   Downloading starlette-0.36.3-py3-none-any.whl.metadata (5.9 kB)
admin-unit-test	Install dependencies	2025-12-28T14:22:34.6442070Z Collecting typing-extensions>=4.8.0 (from fastapi==0.109.2->-r requirements.txt (line 5))
admin-unit-test	Install dependencies	2025-12-28T14:22:34.6741500Z   Downloading typing_extensions-4.15.0-py3-none-any.whl.metadata (3.3 kB)
admin-unit-test	Install dependencies	2025-12-28T14:22:34.7124020Z Collecting sqlmodel<0.1.0,>=0.0.14 (from fastapi-amis-admin==0.7.3->-r requirements.txt (line 9))
admin-unit-test	Install dependencies	2025-12-28T14:22:34.7417218Z   Downloading sqlmodel-0.0.31-py3-none-any.whl.metadata (10 kB)
admin-unit-test	Install dependencies	2025-12-28T14:22:34.7675256Z Collecting python-multipart>=0.0.5 (from fastapi-amis-admin==0.7.3->-r requirements.txt (line 9))
admin-unit-test	Install dependencies	2025-12-28T14:22:34.7968519Z   Downloading python_multipart-0.0.21-py3-none-any.whl.metadata (1.8 kB)
admin-unit-test	Install dependencies	2025-12-28T14:22:34.8220358Z Collecting sqlalchemy-database<0.2.0,>=0.1.1 (from fastapi-amis-admin==0.7.3->-r requirements.txt (line 9))
admin-unit-test	Install dependencies	2025-12-28T14:22:34.8521738Z   Downloading sqlalchemy_database-0.1.2-py3-none-any.whl.metadata (9.5 kB)
admin-unit-test	Install dependencies	2025-12-28T14:22:34.8762583Z Collecting aiofiles>=0.17.0 (from fastapi-amis-admin==0.7.3->-r requirements.txt (line 9))
admin-unit-test	Install dependencies	2025-12-28T14:22:34.9055455Z   Downloading aiofiles-25.1.0-py3-none-any.whl.metadata (6.3 kB)
admin-unit-test	Install dependencies	2025-12-28T14:22:34.9372594Z Collecting email-validator<3.0.0,>=1.3.1 (from fastapi-user-auth==0.7.3->-r requirements.txt (line 10))
admin-unit-test	Install dependencies	2025-12-28T14:22:34.9669326Z   Downloading email_validator-2.3.0-py3-none-any.whl.metadata (26 kB)
admin-unit-test	Install dependencies	2025-12-28T14:22:34.9909064Z Collecting passlib>=1.7.4 (from fastapi-user-auth==0.7.3->-r requirements.txt (line 10))
admin-unit-test	Install dependencies	2025-12-28T14:22:35.0204165Z   Downloading passlib-1.7.4-py2.py3-none-any.whl.metadata (1.7 kB)
admin-unit-test	Install dependencies	2025-12-28T14:22:35.0273629Z Collecting bcrypt>=4.0.0 (from -r requirements.txt (line 21))
admin-unit-test	Install dependencies	2025-12-28T14:22:35.0567810Z   Downloading bcrypt-4.0.1-cp36-abi3-manylinux_2_28_x86_64.whl.metadata (9.0 kB)
admin-unit-test	Install dependencies	2025-12-28T14:22:35.0984165Z Collecting casbin>=1.34.0 (from fastapi-user-auth==0.7.3->-r requirements.txt (line 10))
admin-unit-test	Install dependencies	2025-12-28T14:22:35.1278439Z   Downloading casbin-1.43.0-py3-none-any.whl.metadata (19 kB)
admin-unit-test	Install dependencies	2025-12-28T14:22:35.1505086Z Collecting annotated-types>=0.6.0 (from pydantic<2.10,>=2.0.0->-r requirements.txt (line 18))
admin-unit-test	Install dependencies	2025-12-28T14:22:35.1804945Z   Downloading annotated_types-0.7.0-py3-none-any.whl.metadata (15 kB)
admin-unit-test	Install dependencies	2025-12-28T14:22:35.9704830Z Collecting pydantic-core==2.23.4 (from pydantic<2.10,>=2.0.0->-r requirements.txt (line 18))
admin-unit-test	Install dependencies	2025-12-28T14:22:36.0002690Z   Downloading pydantic_core-2.23.4-cp311-cp311-manylinux_2_17_x86_64.manylinux2014_x86_64.whl.metadata (6.6 kB)
admin-unit-test	Install dependencies	2025-12-28T14:22:36.0353569Z Collecting dnspython>=2.0.0 (from email-validator<3.0.0,>=1.3.1->fastapi-user-auth==0.7.3->-r requirements.txt (line 10))
admin-unit-test	Install dependencies	2025-12-28T14:22:36.0656160Z   Downloading dnspython-2.8.0-py3-none-any.whl.metadata (5.7 kB)
admin-unit-test	Install dependencies	2025-12-28T14:22:36.0932364Z Collecting idna>=2.0.0 (from email-validator<3.0.0,>=1.3.1->fastapi-user-auth==0.7.3->-r requirements.txt (line 10))
admin-unit-test	Install dependencies	2025-12-28T14:22:36.1225225Z   Downloading idna-3.11-py3-none-any.whl.metadata (8.4 kB)
admin-unit-test	Install dependencies	2025-12-28T14:22:36.2095940Z Collecting click>=7.0 (from uvicorn>=0.24.0->uvicorn[standard]>=0.24.0->-r requirements.txt (line 6))
admin-unit-test	Install dependencies	2025-12-28T14:22:36.2389152Z   Downloading click-8.3.1-py3-none-any.whl.metadata (2.6 kB)
admin-unit-test	Install dependencies	2025-12-28T14:22:36.2610342Z Collecting h11>=0.8 (from uvicorn>=0.24.0->uvicorn[standard]>=0.24.0->-r requirements.txt (line 6))
admin-unit-test	Install dependencies	2025-12-28T14:22:36.2902738Z   Downloading h11-0.16.0-py3-none-any.whl.metadata (8.3 kB)
admin-unit-test	Install dependencies	2025-12-28T14:22:36.3168065Z Collecting typing-inspection>=0.4.0 (from pydantic-settings>=2.0.0->-r requirements.txt (line 19))
admin-unit-test	Install dependencies	2025-12-28T14:22:36.3463901Z   Downloading typing_inspection-0.4.2-py3-none-any.whl.metadata (2.6 kB)
admin-unit-test	Install dependencies	2025-12-28T14:22:36.3694004Z Collecting iniconfig>=1.0.1 (from pytest>=7.4.0->-r requirements.txt (line 24))
admin-unit-test	Install dependencies	2025-12-28T14:22:36.3985669Z   Downloading iniconfig-2.3.0-py3-none-any.whl.metadata (2.5 kB)
admin-unit-test	Install dependencies	2025-12-28T14:22:36.4248564Z Collecting packaging>=22 (from pytest>=7.4.0->-r requirements.txt (line 24))
admin-unit-test	Install dependencies	2025-12-28T14:22:36.4542236Z   Downloading packaging-25.0-py3-none-any.whl.metadata (3.3 kB)
admin-unit-test	Install dependencies	2025-12-28T14:22:36.4773302Z Collecting pluggy<2,>=1.5 (from pytest>=7.4.0->-r requirements.txt (line 24))
admin-unit-test	Install dependencies	2025-12-28T14:22:36.5065562Z   Downloading pluggy-1.6.0-py3-none-any.whl.metadata (4.8 kB)
admin-unit-test	Install dependencies	2025-12-28T14:22:36.5371221Z Collecting pygments>=2.7.2 (from pytest>=7.4.0->-r requirements.txt (line 24))
admin-unit-test	Install dependencies	2025-12-28T14:22:36.5665211Z   Downloading pygments-2.19.2-py3-none-any.whl.metadata (2.5 kB)
admin-unit-test	Install dependencies	2025-12-28T14:22:36.6138438Z Collecting certifi (from httpx>=0.25.0->-r requirements.txt (line 26))
admin-unit-test	Install dependencies	2025-12-28T14:22:36.6432389Z   Downloading certifi-2025.11.12-py3-none-any.whl.metadata (2.5 kB)
admin-unit-test	Install dependencies	2025-12-28T14:22:36.6732640Z Collecting httpcore==1.* (from httpx>=0.25.0->-r requirements.txt (line 26))
admin-unit-test	Install dependencies	2025-12-28T14:22:36.7029254Z   Downloading httpcore-1.0.9-py3-none-any.whl.metadata (21 kB)
admin-unit-test	Install dependencies	2025-12-28T14:22:36.7352412Z Collecting simpleeval>=0.9.11 (from casbin>=1.34.0->fastapi-user-auth==0.7.3->-r requirements.txt (line 10))
admin-unit-test	Install dependencies	2025-12-28T14:22:36.7642985Z   Downloading simpleeval-1.0.3-py3-none-any.whl.metadata (17 kB)
admin-unit-test	Install dependencies	2025-12-28T14:22:36.8183373Z Collecting httptools>=0.6.3 (from uvicorn[standard]>=0.24.0->-r requirements.txt (line 6))
admin-unit-test	Install dependencies	2025-12-28T14:22:36.8479429Z   Downloading httptools-0.7.1-cp311-cp311-manylinux1_x86_64.manylinux_2_28_x86_64.manylinux_2_5_x86_64.whl.metadata (3.5 kB)
admin-unit-test	Install dependencies	2025-12-28T14:22:36.9018780Z Collecting pyyaml>=5.1 (from uvicorn[standard]>=0.24.0->-r requirements.txt (line 6))
admin-unit-test	Install dependencies	2025-12-28T14:22:36.9314533Z   Downloading pyyaml-6.0.3-cp311-cp311-manylinux2014_x86_64.manylinux_2_17_x86_64.manylinux_2_28_x86_64.whl.metadata (2.4 kB)
admin-unit-test	Install dependencies	2025-12-28T14:22:36.9826514Z Collecting uvloop>=0.15.1 (from uvicorn[standard]>=0.24.0->-r requirements.txt (line 6))
admin-unit-test	Install dependencies	2025-12-28T14:22:37.0119937Z   Downloading uvloop-0.22.1-cp311-cp311-manylinux2014_x86_64.manylinux_2_17_x86_64.manylinux_2_28_x86_64.whl.metadata (4.9 kB)
admin-unit-test	Install dependencies	2025-12-28T14:22:37.0996970Z Collecting watchfiles>=0.13 (from uvicorn[standard]>=0.24.0->-r requirements.txt (line 6))
admin-unit-test	Install dependencies	2025-12-28T14:22:37.1595744Z   Downloading watchfiles-1.1.1-cp311-cp311-manylinux_2_17_x86_64.manylinux2014_x86_64.whl.metadata (4.9 kB)
admin-unit-test	Install dependencies	2025-12-28T14:22:37.2591960Z Collecting websockets>=10.4 (from uvicorn[standard]>=0.24.0->-r requirements.txt (line 6))
admin-unit-test	Install dependencies	2025-12-28T14:22:37.2891396Z   Downloading websockets-15.0.1-cp311-cp311-manylinux_2_5_x86_64.manylinux1_x86_64.manylinux_2_17_x86_64.manylinux2014_x86_64.whl.metadata (6.8 kB)
admin-unit-test	Install dependencies	2025-12-28T14:22:37.3361793Z Downloading fastapi-0.109.2-py3-none-any.whl (92 kB)
admin-unit-test	Install dependencies	2025-12-28T14:22:37.3732730Z Downloading fastapi_amis_admin-0.7.3-py3-none-any.whl (115 kB)
admin-unit-test	Install dependencies	2025-12-28T14:22:37.4115877Z Downloading fastapi_user_auth-0.7.3-py3-none-any.whl (47 kB)
admin-unit-test	Install dependencies	2025-12-28T14:22:37.4436825Z Downloading pydantic-2.9.2-py3-none-any.whl (434 kB)
admin-unit-test	Install dependencies	2025-12-28T14:22:37.5096441Z Downloading pydantic_core-2.23.4-cp311-cp311-manylinux_2_17_x86_64.manylinux2014_x86_64.whl (2.1 MB)
admin-unit-test	Install dependencies	2025-12-28T14:22:37.5692189Z    â”â”â”â”â”â”â”â”â”â”â”â”â”â”â”â”â”â”â”â”â”â”â”â”â”â”â”â”â”â”â”â”â”â”â”â”â”â”â”â” 2.1/2.1 MB 33.7 MB/s  0:00:00
admin-unit-test	Install dependencies	2025-12-28T14:22:37.5991567Z Downloading bcrypt-4.0.1-cp36-abi3-manylinux_2_28_x86_64.whl (593 kB)
admin-unit-test	Install dependencies	2025-12-28T14:22:37.6057648Z    â”â”â”â”â”â”â”â”â”â”â”â”â”â”â”â”â”â”â”â”â”â”â”â”â”â”â”â”â”â”â”â”â”â”â”â”â”â”â”â” 593.7/593.7 kB 88.9 MB/s  0:00:00
admin-unit-test	Install dependencies	2025-12-28T14:22:37.6348297Z Downloading email_validator-2.3.0-py3-none-any.whl (35 kB)
admin-unit-test	Install dependencies	2025-12-28T14:22:37.6662064Z Downloading sqlalchemy_database-0.1.2-py3-none-any.whl (11 kB)
admin-unit-test	Install dependencies	2025-12-28T14:22:37.6979289Z Downloading sqlmodel-0.0.31-py3-none-any.whl (27 kB)
admin-unit-test	Install dependencies	2025-12-28T14:22:37.7298956Z Downloading sqlalchemy-2.0.45-cp311-cp311-manylinux2014_x86_64.manylinux_2_17_x86_64.manylinux_2_28_x86_64.whl (3.3 MB)
admin-unit-test	Install dependencies	2025-12-28T14:22:37.7678930Z    â”â”â”â”â”â”â”â”â”â”â”â”â”â”â”â”â”â”â”â”â”â”â”â”â”â”â”â”â”â”â”â”â”â”â”â”â”â”â”â” 3.3/3.3 MB 87.0 MB/s  0:00:00
admin-unit-test	Install dependencies	2025-12-28T14:22:37.7975476Z Downloading starlette-0.36.3-py3-none-any.whl (71 kB)
admin-unit-test	Install dependencies	2025-12-28T14:22:37.8290853Z Downloading anyio-4.12.0-py3-none-any.whl (113 kB)
admin-unit-test	Install dependencies	2025-12-28T14:22:37.8609883Z Downloading uvicorn-0.40.0-py3-none-any.whl (68 kB)
admin-unit-test	Install dependencies	2025-12-28T14:22:37.8931523Z Downloading asyncpg-0.31.0-cp311-cp311-manylinux2014_x86_64.manylinux_2_17_x86_64.manylinux_2_28_x86_64.whl (3.0 MB)
admin-unit-test	Install dependencies	2025-12-28T14:22:37.9098855Z    â”â”â”â”â”â”â”â”â”â”â”â”â”â”â”â”â”â”â”â”â”â”â”â”â”â”â”â”â”â”â”â”â”â”â”â”â”â”â”â” 3.0/3.0 MB 196.4 MB/s  0:00:00
admin-unit-test	Install dependencies	2025-12-28T14:22:37.9399081Z Downloading greenlet-3.3.0-cp311-cp311-manylinux_2_24_x86_64.manylinux_2_28_x86_64.whl (590 kB)
admin-unit-test	Install dependencies	2025-12-28T14:22:37.9467867Z    â”â”â”â”â”â”â”â”â”â”â”â”â”â”â”â”â”â”â”â”â”â”â”â”â”â”â”â”â”â”â”â”â”â”â”â”â”â”â”â” 590.2/590.2 kB 92.0 MB/s  0:00:00
admin-unit-test	Install dependencies	2025-12-28T14:22:37.9764533Z Downloading pydantic_settings-2.12.0-py3-none-any.whl (51 kB)
admin-unit-test	Install dependencies	2025-12-28T14:22:38.0077572Z Downloading python_dotenv-1.2.1-py3-none-any.whl (21 kB)
admin-unit-test	Install dependencies	2025-12-28T14:22:38.0391320Z Downloading pytest-9.0.2-py3-none-any.whl (374 kB)
admin-unit-test	Install dependencies	2025-12-28T14:22:38.0719302Z Downloading pluggy-1.6.0-py3-none-any.whl (20 kB)
admin-unit-test	Install dependencies	2025-12-28T14:22:38.1029635Z Downloading pytest_asyncio-1.3.0-py3-none-any.whl (15 kB)
admin-unit-test	Install dependencies	2025-12-28T14:22:38.1345068Z Downloading httpx-0.28.1-py3-none-any.whl (73 kB)
admin-unit-test	Install dependencies	2025-12-28T14:22:38.1663149Z Downloading httpcore-1.0.9-py3-none-any.whl (78 kB)
admin-unit-test	Install dependencies	2025-12-28T14:22:38.1983598Z Downloading python_ulid-3.1.0-py3-none-any.whl (11 kB)
admin-unit-test	Install dependencies	2025-12-28T14:22:38.2293900Z Downloading loguru-0.7.3-py3-none-any.whl (61 kB)
admin-unit-test	Install dependencies	2025-12-28T14:22:38.2609411Z Downloading aiofiles-25.1.0-py3-none-any.whl (14 kB)
admin-unit-test	Install dependencies	2025-12-28T14:22:38.2923257Z Downloading annotated_types-0.7.0-py3-none-any.whl (13 kB)
admin-unit-test	Install dependencies	2025-12-28T14:22:38.3241590Z Downloading casbin-1.43.0-py3-none-any.whl (475 kB)
admin-unit-test	Install dependencies	2025-12-28T14:22:38.3578149Z Downloading click-8.3.1-py3-none-any.whl (108 kB)
admin-unit-test	Install dependencies	2025-12-28T14:22:38.3904172Z Downloading dnspython-2.8.0-py3-none-any.whl (331 kB)
admin-unit-test	Install dependencies	2025-12-28T14:22:38.4229194Z Downloading h11-0.16.0-py3-none-any.whl (37 kB)
admin-unit-test	Install dependencies	2025-12-28T14:22:38.4544680Z Downloading idna-3.11-py3-none-any.whl (71 kB)
admin-unit-test	Install dependencies	2025-12-28T14:22:38.4863062Z Downloading iniconfig-2.3.0-py3-none-any.whl (7.5 kB)
admin-unit-test	Install dependencies	2025-12-28T14:22:38.5176869Z Downloading packaging-25.0-py3-none-any.whl (66 kB)
admin-unit-test	Install dependencies	2025-12-28T14:22:38.5493856Z Downloading passlib-1.7.4-py2.py3-none-any.whl (525 kB)
admin-unit-test	Install dependencies	2025-12-28T14:22:38.5553360Z    â”â”â”â”â”â”â”â”â”â”â”â”â”â”â”â”â”â”â”â”â”â”â”â”â”â”â”â”â”â”â”â”â”â”â”â”â”â”â”â” 525.6/525.6 kB 75.6 MB/s  0:00:00
admin-unit-test	Install dependencies	2025-12-28T14:22:38.5847053Z Downloading pygments-2.19.2-py3-none-any.whl (1.2 MB)
admin-unit-test	Install dependencies	2025-12-28T14:22:38.5928080Z    â”â”â”â”â”â”â”â”â”â”â”â”â”â”â”â”â”â”â”â”â”â”â”â”â”â”â”â”â”â”â”â”â”â”â”â”â”â”â”â” 1.2/1.2 MB 165.2 MB/s  0:00:00
admin-unit-test	Install dependencies	2025-12-28T14:22:38.6222392Z Downloading python_multipart-0.0.21-py3-none-any.whl (24 kB)
admin-unit-test	Install dependencies	2025-12-28T14:22:38.6535068Z Downloading simpleeval-1.0.3-py3-none-any.whl (15 kB)
admin-unit-test	Install dependencies	2025-12-28T14:22:38.6849034Z Downloading typing_extensions-4.15.0-py3-none-any.whl (44 kB)
admin-unit-test	Install dependencies	2025-12-28T14:22:38.7163478Z Downloading typing_inspection-0.4.2-py3-none-any.whl (14 kB)
admin-unit-test	Install dependencies	2025-12-28T14:22:38.7478385Z Downloading httptools-0.7.1-cp311-cp311-manylinux1_x86_64.manylinux_2_28_x86_64.manylinux_2_5_x86_64.whl (456 kB)
admin-unit-test	Install dependencies	2025-12-28T14:22:38.7808997Z Downloading pyyaml-6.0.3-cp311-cp311-manylinux2014_x86_64.manylinux_2_17_x86_64.manylinux_2_28_x86_64.whl (806 kB)
admin-unit-test	Install dependencies	2025-12-28T14:22:38.7875147Z    â”â”â”â”â”â”â”â”â”â”â”â”â”â”â”â”â”â”â”â”â”â”â”â”â”â”â”â”â”â”â”â”â”â”â”â”â”â”â”â” 806.6/806.6 kB 125.6 MB/s  0:00:00
admin-unit-test	Install dependencies	2025-12-28T14:22:38.8171450Z Downloading uvloop-0.22.1-cp311-cp311-manylinux2014_x86_64.manylinux_2_17_x86_64.manylinux_2_28_x86_64.whl (3.8 MB)
admin-unit-test	Install dependencies	2025-12-28T14:22:38.8342886Z    â”â”â”â”â”â”â”â”â”â”â”â”â”â”â”â”â”â”â”â”â”â”â”â”â”â”â”â”â”â”â”â”â”â”â”â”â”â”â”â” 3.8/3.8 MB 238.3 MB/s  0:00:00
admin-unit-test	Install dependencies	2025-12-28T14:22:38.8640926Z Downloading watchfiles-1.1.1-cp311-cp311-manylinux_2_17_x86_64.manylinux2014_x86_64.whl (456 kB)
admin-unit-test	Install dependencies	2025-12-28T14:22:38.8968321Z Downloading websockets-15.0.1-cp311-cp311-manylinux_2_5_x86_64.manylinux1_x86_64.manylinux_2_17_x86_64.manylinux2014_x86_64.whl (182 kB)
admin-unit-test	Install dependencies	2025-12-28T14:22:38.9291421Z Downloading certifi-2025.11.12-py3-none-any.whl (159 kB)
admin-unit-test	Install dependencies	2025-12-28T14:22:39.0944768Z Installing collected packages: passlib, websockets, uvloop, typing-extensions, simpleeval, pyyaml, python-ulid, python-multipart, python-dotenv, pygments, pluggy, packaging, loguru, iniconfig, idna, httptools, h11, greenlet, dnspython, click, certifi, bcrypt, asyncpg, annotated-types, aiofiles, uvicorn, typing-inspection, sqlalchemy, pytest, pydantic-core, httpcore, email-validator, casbin, anyio, watchfiles, starlette, sqlalchemy-database, pytest-asyncio, pydantic, httpx, sqlmodel, pydantic-settings, fastapi, fastapi-amis-admin, fastapi-user-auth
admin-unit-test	Install dependencies	2025-12-28T14:22:43.3261016Z 
admin-unit-test	Install dependencies	2025-12-28T14:22:43.3289488Z Successfully installed aiofiles-25.1.0 annotated-types-0.7.0 anyio-4.12.0 asyncpg-0.31.0 bcrypt-4.0.1 casbin-1.43.0 certifi-2025.11.12 click-8.3.1 dnspython-2.8.0 email-validator-2.3.0 fastapi-0.109.2 fastapi-amis-admin-0.7.3 fastapi-user-auth-0.7.3 greenlet-3.3.0 h11-0.16.0 httpcore-1.0.9 httptools-0.7.1 httpx-0.28.1 idna-3.11 iniconfig-2.3.0 loguru-0.7.3 packaging-25.0 passlib-1.7.4 pluggy-1.6.0 pydantic-2.9.2 pydantic-core-2.23.4 pydantic-settings-2.12.0 pygments-2.19.2 pytest-9.0.2 pytest-asyncio-1.3.0 python-dotenv-1.2.1 python-multipart-0.0.21 python-ulid-3.1.0 pyyaml-6.0.3 simpleeval-1.0.3 sqlalchemy-2.0.45 sqlalchemy-database-0.1.2 sqlmodel-0.0.31 starlette-0.36.3 typing-extensions-4.15.0 typing-inspection-0.4.2 uvicorn-0.40.0 uvloop-0.22.1 watchfiles-1.1.1 websockets-15.0.1
admin-unit-test	Run database migrations	ï»¿2025-12-28T14:22:43.6203658Z ##[group]Run for migration in migrations/*.sql; do
admin-unit-test	Run database migrations	2025-12-28T14:22:43.6204039Z [36;1mfor migration in migrations/*.sql; do[0m
admin-unit-test	Run database migrations	2025-12-28T14:22:43.6204311Z [36;1m  if [ -f "$migration" ]; then[0m
admin-unit-test	Run database migrations	2025-12-28T14:22:43.6204555Z [36;1m    echo "Running: $migration"[0m
admin-unit-test	Run database migrations	2025-12-28T14:22:43.6204989Z [36;1m    PGPASSWORD=$PG_PASSWORD psql -h $PG_HOST -p $PG_PORT -U $PG_USER -d $PG_DB -f "$migration" 2>/dev/null || true[0m
admin-unit-test	Run database migrations	2025-12-28T14:22:43.6205406Z [36;1m  fi[0m
admin-unit-test	Run database migrations	2025-12-28T14:22:43.6205569Z [36;1mdone[0m
admin-unit-test	Run database migrations	2025-12-28T14:22:43.6239485Z shell: /usr/bin/bash -e {0}
admin-unit-test	Run database migrations	2025-12-28T14:22:43.6239714Z env:
admin-unit-test	Run database migrations	2025-12-28T14:22:43.6239865Z   CI: true
admin-unit-test	Run database migrations	2025-12-28T14:22:43.6240268Z   PG_HOST: localhost
admin-unit-test	Run database migrations	2025-12-28T14:22:43.6240456Z   PG_PORT: 5432
admin-unit-test	Run database migrations	2025-12-28T14:22:43.6240679Z   PG_USER: trading
admin-unit-test	Run database migrations	2025-12-28T14:22:43.6240874Z   PG_PASSWORD: trading123
admin-unit-test	Run database migrations	2025-12-28T14:22:43.6241095Z   PG_DB: exchange_info_db
admin-unit-test	Run database migrations	2025-12-28T14:22:43.6241566Z   DATABASE_URL: ***localhost:5432/exchange_info_db
admin-unit-test	Run database migrations	2025-12-28T14:22:43.6242057Z   DATABASE_URL_ASYNC: ***localhost:5432/exchange_info_db
admin-unit-test	Run database migrations	2025-12-28T14:22:43.6242355Z   ADMIN_PORT: 8001
admin-unit-test	Run database migrations	2025-12-28T14:22:43.6242538Z   GATEWAY_PORT: 8080
admin-unit-test	Run database migrations	2025-12-28T14:22:43.6242793Z   pythonLocation: /opt/hostedtoolcache/Python/3.11.14/x64
admin-unit-test	Run database migrations	2025-12-28T14:22:43.6243189Z   PKG_CONFIG_PATH: /opt/hostedtoolcache/Python/3.11.14/x64/lib/pkgconfig
admin-unit-test	Run database migrations	2025-12-28T14:22:43.6243571Z   Python_ROOT_DIR: /opt/hostedtoolcache/Python/3.11.14/x64
admin-unit-test	Run database migrations	2025-12-28T14:22:43.6243908Z   Python2_ROOT_DIR: /opt/hostedtoolcache/Python/3.11.14/x64
admin-unit-test	Run database migrations	2025-12-28T14:22:43.6244250Z   Python3_ROOT_DIR: /opt/hostedtoolcache/Python/3.11.14/x64
admin-unit-test	Run database migrations	2025-12-28T14:22:43.6244583Z   LD_LIBRARY_PATH: /opt/hostedtoolcache/Python/3.11.14/x64/lib
admin-unit-test	Run database migrations	2025-12-28T14:22:43.6244872Z ##[endgroup]
admin-unit-test	Run database migrations	2025-12-28T14:22:43.6305657Z Running: migrations/001_init_schema.sql
admin-unit-test	Run database migrations	2025-12-28T14:22:43.7336493Z CREATE TABLE
admin-unit-test	Run database migrations	2025-12-28T14:22:43.7366039Z CREATE TABLE
admin-unit-test	Run database migrations	2025-12-28T14:22:43.7396500Z CREATE TABLE
admin-unit-test	Run database migrations	2025-12-28T14:22:43.7424178Z CREATE TABLE
admin-unit-test	Run database migrations	2025-12-28T14:22:43.7433614Z CREATE INDEX
admin-unit-test	Run database migrations	2025-12-28T14:22:43.7448404Z Running: migrations/002_create_api_keys.sql
admin-unit-test	Run database migrations	2025-12-28T14:22:43.7859828Z CREATE TABLE
admin-unit-test	Run database migrations	2025-12-28T14:22:43.7871311Z CREATE INDEX
admin-unit-test	Run database migrations	2025-12-28T14:22:43.7881275Z CREATE INDEX
admin-unit-test	Run database migrations	2025-12-28T14:22:43.7886257Z COMMENT
admin-unit-test	Run database migrations	2025-12-28T14:22:43.7889197Z COMMENT
admin-unit-test	Run database migrations	2025-12-28T14:22:43.7891932Z COMMENT
admin-unit-test	Run database migrations	2025-12-28T14:22:43.7894864Z COMMENT
admin-unit-test	Run database migrations	2025-12-28T14:22:43.7907883Z Running: migrations/003_internal_transfer.sql
admin-unit-test	Run database migrations	2025-12-28T14:22:43.8327591Z DO
admin-unit-test	Run database migrations	2025-12-28T14:22:43.8351751Z DO
admin-unit-test	Run database migrations	2025-12-28T14:22:43.8383499Z CREATE TABLE
admin-unit-test	Run database migrations	2025-12-28T14:22:43.8393935Z CREATE INDEX
admin-unit-test	Run database migrations	2025-12-28T14:22:43.8405534Z Running: migrations/004_fsm_transfers.sql
admin-unit-test	Run database migrations	2025-12-28T14:22:43.8804145Z CREATE TABLE
admin-unit-test	Run database migrations	2025-12-28T14:22:43.8815192Z CREATE INDEX
admin-unit-test	Run database migrations	2025-12-28T14:22:43.8823824Z CREATE INDEX
admin-unit-test	Run database migrations	2025-12-28T14:22:43.8832957Z CREATE INDEX
admin-unit-test	Run database migrations	2025-12-28T14:22:43.8860361Z CREATE TABLE
admin-unit-test	Run database migrations	2025-12-28T14:22:43.8870241Z CREATE INDEX
admin-unit-test	Run database migrations	2025-12-28T14:22:43.8873770Z COMMENT
admin-unit-test	Run database migrations	2025-12-28T14:22:43.8877948Z COMMENT
admin-unit-test	Run database migrations	2025-12-28T14:22:43.8888367Z Running: migrations/005_account_status.sql
admin-unit-test	Run database migrations	2025-12-28T14:22:43.9249423Z ALTER TABLE
admin-unit-test	Run database migrations	2025-12-28T14:22:43.9253679Z COMMENT
admin-unit-test	Run database migrations	2025-12-28T14:22:43.9266745Z CREATE INDEX
admin-unit-test	Run database migrations	2025-12-28T14:22:43.9278549Z Running: migrations/006_consolidate_transfer_id.sql
admin-unit-test	Run database migrations	2025-12-28T14:22:43.9643752Z DROP TABLE
admin-unit-test	Run database migrations	2025-12-28T14:22:43.9659555Z DROP TABLE
admin-unit-test	Run database migrations	2025-12-28T14:22:43.9704322Z CREATE TABLE
admin-unit-test	Run database migrations	2025-12-28T14:22:43.9715489Z CREATE INDEX
admin-unit-test	Run database migrations	2025-12-28T14:22:43.9725024Z CREATE INDEX
admin-unit-test	Run database migrations	2025-12-28T14:22:43.9734265Z CREATE INDEX
admin-unit-test	Run database migrations	2025-12-28T14:22:43.9763301Z CREATE TABLE
admin-unit-test	Run database migrations	2025-12-28T14:22:43.9772082Z CREATE INDEX
admin-unit-test	Run database migrations	2025-12-28T14:22:43.9775770Z COMMENT
admin-unit-test	Run database migrations	2025-12-28T14:22:43.9778397Z COMMENT
admin-unit-test	Run database migrations	2025-12-28T14:22:43.9790842Z Running: migrations/007_trade_fee.sql
admin-unit-test	Run database migrations	2025-12-28T14:22:44.0156495Z ALTER TABLE
admin-unit-test	Run database migrations	2025-12-28T14:22:44.0160728Z ALTER TABLE
admin-unit-test	Run database migrations	2025-12-28T14:22:44.0165420Z COMMENT
admin-unit-test	Run database migrations	2025-12-28T14:22:44.0168280Z COMMENT
admin-unit-test	Run database migrations	2025-12-28T14:22:44.0184413Z CREATE TABLE
admin-unit-test	Run database migrations	2025-12-28T14:22:44.0190510Z INSERT 0 6
admin-unit-test	Run database migrations	2025-12-28T14:22:44.0195360Z ALTER TABLE
admin-unit-test	Run database migrations	2025-12-28T14:22:44.0205298Z Running: migrations/008_admin_audit_log.sql
admin-unit-test	Run database migrations	2025-12-28T14:22:44.0585925Z CREATE TABLE
admin-unit-test	Run database migrations	2025-12-28T14:22:44.0595017Z CREATE INDEX
admin-unit-test	Run database migrations	2025-12-28T14:22:44.0604926Z CREATE INDEX
admin-unit-test	Run database migrations	2025-12-28T14:22:44.0629643Z CREATE INDEX
admin-unit-test	Run database migrations	2025-12-28T14:22:44.0646728Z CREATE INDEX
admin-unit-test	Run database migrations	2025-12-28T14:22:44.0651167Z COMMENT
admin-unit-test	Run database migrations	2025-12-28T14:22:44.0654579Z COMMENT
admin-unit-test	Run database migrations	2025-12-28T14:22:44.0658001Z COMMENT
admin-unit-test	Run database migrations	2025-12-28T14:22:44.0661699Z COMMENT
admin-unit-test	Run database migrations	2025-12-28T14:22:44.0671197Z Running: migrations/009_users_auth.sql
admin-unit-test	Run database migrations	2025-12-28T14:22:44.1048257Z ALTER TABLE
admin-unit-test	Run database migrations	2025-12-28T14:22:44.1052742Z COMMENT
admin-unit-test	Run database migrations	2025-12-28T14:22:44.1056202Z COMMENT
admin-unit-test	Run database migrations	2025-12-28T14:22:44.1067608Z Running: migrations/010_deposit_withdraw.sql
admin-unit-test	Run database migrations	2025-12-28T14:22:44.1443779Z CREATE TABLE
admin-unit-test	Run database migrations	2025-12-28T14:22:44.1453688Z CREATE INDEX
admin-unit-test	Run database migrations	2025-12-28T14:22:44.1474019Z CREATE TABLE
admin-unit-test	Run database migrations	2025-12-28T14:22:44.1483717Z CREATE INDEX
admin-unit-test	Run database migrations	2025-12-28T14:22:44.1496229Z CREATE TABLE
admin-unit-test	Run database migrations	2025-12-28T14:22:44.1505542Z CREATE INDEX
admin-unit-test	Run Admin Unit Tests	ï»¿2025-12-28T14:22:44.1543572Z ##[group]Run cd admin
admin-unit-test	Run Admin Unit Tests	2025-12-28T14:22:44.1543823Z [36;1mcd admin[0m
admin-unit-test	Run Admin Unit Tests	2025-12-28T14:22:44.1544301Z [36;1mpython -m pytest tests/ -m 'not e2e' --ignore=tests/e2e --ignore=tests/integration -v --tb=short --junitxml=test-results.xml[0m
admin-unit-test	Run Admin Unit Tests	2025-12-28T14:22:44.1577097Z shell: /usr/bin/bash -e {0}
admin-unit-test	Run Admin Unit Tests	2025-12-28T14:22:44.1577325Z env:
admin-unit-test	Run Admin Unit Tests	2025-12-28T14:22:44.1577479Z   CI: true
admin-unit-test	Run Admin Unit Tests	2025-12-28T14:22:44.1577650Z   PG_HOST: localhost
admin-unit-test	Run Admin Unit Tests	2025-12-28T14:22:44.1577837Z   PG_PORT: 5432
admin-unit-test	Run Admin Unit Tests	2025-12-28T14:22:44.1578006Z   PG_USER: trading
admin-unit-test	Run Admin Unit Tests	2025-12-28T14:22:44.1578184Z   PG_PASSWORD: trading123
admin-unit-test	Run Admin Unit Tests	2025-12-28T14:22:44.1578399Z   PG_DB: exchange_info_db
admin-unit-test	Run Admin Unit Tests	2025-12-28T14:22:44.1578859Z   DATABASE_URL: ***localhost:5432/exchange_info_db
admin-unit-test	Run Admin Unit Tests	2025-12-28T14:22:44.1579371Z   DATABASE_URL_ASYNC: ***localhost:5432/exchange_info_db
admin-unit-test	Run Admin Unit Tests	2025-12-28T14:22:44.1579660Z   ADMIN_PORT: 8001
admin-unit-test	Run Admin Unit Tests	2025-12-28T14:22:44.1579841Z   GATEWAY_PORT: 8080
admin-unit-test	Run Admin Unit Tests	2025-12-28T14:22:44.1580207Z   pythonLocation: /opt/hostedtoolcache/Python/3.11.14/x64
admin-unit-test	Run Admin Unit Tests	2025-12-28T14:22:44.1580595Z   PKG_CONFIG_PATH: /opt/hostedtoolcache/Python/3.11.14/x64/lib/pkgconfig
admin-unit-test	Run Admin Unit Tests	2025-12-28T14:22:44.1581010Z   Python_ROOT_DIR: /opt/hostedtoolcache/Python/3.11.14/x64
admin-unit-test	Run Admin Unit Tests	2025-12-28T14:22:44.1581348Z   Python2_ROOT_DIR: /opt/hostedtoolcache/Python/3.11.14/x64
admin-unit-test	Run Admin Unit Tests	2025-12-28T14:22:44.1581679Z   Python3_ROOT_DIR: /opt/hostedtoolcache/Python/3.11.14/x64
admin-unit-test	Run Admin Unit Tests	2025-12-28T14:22:44.1582013Z   LD_LIBRARY_PATH: /opt/hostedtoolcache/Python/3.11.14/x64/lib
admin-unit-test	Run Admin Unit Tests	2025-12-28T14:22:44.1582292Z ##[endgroup]
admin-unit-test	Run Admin Unit Tests	2025-12-28T14:22:44.8455791Z ============================= test session starts ==============================
admin-unit-test	Run Admin Unit Tests	2025-12-28T14:22:44.8456799Z platform linux -- Python 3.11.14, pytest-9.0.2, pluggy-1.6.0 -- /opt/hostedtoolcache/Python/3.11.14/x64/bin/python
admin-unit-test	Run Admin Unit Tests	2025-12-28T14:22:44.8457616Z cachedir: .pytest_cache
admin-unit-test	Run Admin Unit Tests	2025-12-28T14:22:44.8458163Z rootdir: /home/runner/work/zero_x_infinity/zero_x_infinity/admin
admin-unit-test	Run Admin Unit Tests	2025-12-28T14:22:44.8458732Z configfile: pytest.ini
admin-unit-test	Run Admin Unit Tests	2025-12-28T14:22:44.8459126Z plugins: anyio-4.12.0, asyncio-1.3.0
admin-unit-test	Run Admin Unit Tests	2025-12-28T14:22:44.8459965Z asyncio: mode=Mode.AUTO, debug=False, asyncio_default_fixture_loop_scope=None, asyncio_default_test_loop_scope=function
admin-unit-test	Run Admin Unit Tests	2025-12-28T14:22:48.1136207Z collecting ... collected 210 items / 2 errors
admin-unit-test	Run Admin Unit Tests	2025-12-28T14:22:48.1136754Z 
admin-unit-test	Run Admin Unit Tests	2025-12-28T14:22:48.1136965Z ==================================== ERRORS ====================================
admin-unit-test	Run Admin Unit Tests	2025-12-28T14:22:48.1137653Z __________________ ERROR collecting tests/test_admin_login.py __________________
admin-unit-test	Run Admin Unit Tests	2025-12-28T14:22:48.1138463Z ImportError while importing test module '/home/runner/work/zero_x_infinity/zero_x_infinity/admin/tests/test_admin_login.py'.
admin-unit-test	Run Admin Unit Tests	2025-12-28T14:22:48.1139242Z Hint: make sure your test modules/packages have valid Python names.
admin-unit-test	Run Admin Unit Tests	2025-12-28T14:22:48.1139652Z Traceback:
admin-unit-test	Run Admin Unit Tests	2025-12-28T14:22:48.1140585Z /opt/hostedtoolcache/Python/3.11.14/x64/lib/python3.11/importlib/__init__.py:126: in import_module
admin-unit-test	Run Admin Unit Tests	2025-12-28T14:22:48.1141889Z     return _bootstrap._gcd_import(name[level:], package, level)
admin-unit-test	Run Admin Unit Tests	2025-12-28T14:22:48.1142297Z            ^^^^^^^^^^^^^^^^^^^^^^^^^^^^^^^^^^^^^^^^^^^^^^^^^^^^
admin-unit-test	Run Admin Unit Tests	2025-12-28T14:22:48.1142643Z tests/test_admin_login.py:8: in <module>
admin-unit-test	Run Admin Unit Tests	2025-12-28T14:22:48.1142958Z     from main import app
admin-unit-test	Run Admin Unit Tests	2025-12-28T14:22:48.1143223Z main.py:24: in <module>
admin-unit-test	Run Admin Unit Tests	2025-12-28T14:22:48.1143613Z     from fastapi_amis_admin.admin.settings import Settings as AdminSettings
admin-unit-test	Run Admin Unit Tests	2025-12-28T14:22:48.1144411Z /opt/hostedtoolcache/Python/3.11.14/x64/lib/python3.11/site-packages/fastapi_amis_admin/admin/__init__.py:1: in <module>
admin-unit-test	Run Admin Unit Tests	2025-12-28T14:22:48.1145069Z     from .admin import (
admin-unit-test	Run Admin Unit Tests	2025-12-28T14:22:48.1145657Z /opt/hostedtoolcache/Python/3.11.14/x64/lib/python3.11/site-packages/fastapi_amis_admin/admin/admin.py:36: in <module>
admin-unit-test	Run Admin Unit Tests	2025-12-28T14:22:48.1146271Z     from fastapi_amis_admin.admin.parser import AmisParser
admin-unit-test	Run Admin Unit Tests	2025-12-28T14:22:48.1146873Z /opt/hostedtoolcache/Python/3.11.14/x64/lib/python3.11/site-packages/fastapi_amis_admin/admin/parser.py:19: in <module>
admin-unit-test	Run Admin Unit Tests	2025-12-28T14:22:48.1147463Z     from fastapi_amis_admin.models import Choices
admin-unit-test	Run Admin Unit Tests	2025-12-28T14:22:48.1148049Z /opt/hostedtoolcache/Python/3.11.14/x64/lib/python3.11/site-packages/fastapi_amis_admin/models/__init__.py:1: in <module>
admin-unit-test	Run Admin Unit Tests	2025-12-28T14:22:48.1148844Z     from .fields import Field
admin-unit-test	Run Admin Unit Tests	2025-12-28T14:22:48.1149373Z /opt/hostedtoolcache/Python/3.11.14/x64/lib/python3.11/site-packages/fastapi_amis_admin/models/fields.py:4: in <module>
admin-unit-test	Run Admin Unit Tests	2025-12-28T14:22:48.1150182Z     from sqlmodel._compat import Undefined, UndefinedType, post_init_field_info
admin-unit-test	Run Admin Unit Tests	2025-12-28T14:22:48.1151037Z E   ImportError: cannot import name 'post_init_field_info' from 'sqlmodel._compat' (/opt/hostedtoolcache/Python/3.11.14/x64/lib/python3.11/site-packages/sqlmodel/_compat.py)
admin-unit-test	Run Admin Unit Tests	2025-12-28T14:22:48.1151857Z ________________ ERROR collecting tests/test_multi_agent_qa.py _________________
admin-unit-test	Run Admin Unit Tests	2025-12-28T14:22:48.1152533Z ImportError while importing test module '/home/runner/work/zero_x_infinity/zero_x_infinity/admin/tests/test_multi_agent_qa.py'.
admin-unit-test	Run Admin Unit Tests	2025-12-28T14:22:48.1153203Z Hint: make sure your test modules/packages have valid Python names.
admin-unit-test	Run Admin Unit Tests	2025-12-28T14:22:48.1153535Z Traceback:
admin-unit-test	Run Admin Unit Tests	2025-12-28T14:22:48.1153941Z /opt/hostedtoolcache/Python/3.11.14/x64/lib/python3.11/importlib/__init__.py:126: in import_module
admin-unit-test	Run Admin Unit Tests	2025-12-28T14:22:48.1154492Z     return _bootstrap._gcd_import(name[level:], package, level)
admin-unit-test	Run Admin Unit Tests	2025-12-28T14:22:48.1154824Z            ^^^^^^^^^^^^^^^^^^^^^^^^^^^^^^^^^^^^^^^^^^^^^^^^^^^^
admin-unit-test	Run Admin Unit Tests	2025-12-28T14:22:48.1155113Z tests/test_multi_agent_qa.py:16: in <module>
admin-unit-test	Run Admin Unit Tests	2025-12-28T14:22:48.1155383Z     from main import app
admin-unit-test	Run Admin Unit Tests	2025-12-28T14:22:48.1155610Z main.py:24: in <module>
admin-unit-test	Run Admin Unit Tests	2025-12-28T14:22:48.1155936Z     from fastapi_amis_admin.admin.settings import Settings as AdminSettings
admin-unit-test	Run Admin Unit Tests	2025-12-28T14:22:48.1156592Z /opt/hostedtoolcache/Python/3.11.14/x64/lib/python3.11/site-packages/fastapi_amis_admin/admin/__init__.py:1: in <module>
admin-unit-test	Run Admin Unit Tests	2025-12-28T14:22:48.1157086Z     from .admin import (
admin-unit-test	Run Admin Unit Tests	2025-12-28T14:22:48.1157531Z /opt/hostedtoolcache/Python/3.11.14/x64/lib/python3.11/site-packages/fastapi_amis_admin/admin/admin.py:36: in <module>
admin-unit-test	Run Admin Unit Tests	2025-12-28T14:22:48.1158063Z     from fastapi_amis_admin.admin.parser import AmisParser
admin-unit-test	Run Admin Unit Tests	2025-12-28T14:22:48.1158593Z /opt/hostedtoolcache/Python/3.11.14/x64/lib/python3.11/site-packages/fastapi_amis_admin/admin/parser.py:19: in <module>
admin-unit-test	Run Admin Unit Tests	2025-12-28T14:22:48.1159103Z     from fastapi_amis_admin.models import Choices
admin-unit-test	Run Admin Unit Tests	2025-12-28T14:22:48.1159607Z /opt/hostedtoolcache/Python/3.11.14/x64/lib/python3.11/site-packages/fastapi_amis_admin/models/__init__.py:1: in <module>
admin-unit-test	Run Admin Unit Tests	2025-12-28T14:22:48.1160309Z     from .fields import Field
admin-unit-test	Run Admin Unit Tests	2025-12-28T14:22:48.1160774Z /opt/hostedtoolcache/Python/3.11.14/x64/lib/python3.11/site-packages/fastapi_amis_admin/models/fields.py:4: in <module>
admin-unit-test	Run Admin Unit Tests	2025-12-28T14:22:48.1161358Z     from sqlmodel._compat import Undefined, UndefinedType, post_init_field_info
admin-unit-test	Run Admin Unit Tests	2025-12-28T14:22:48.1162085Z E   ImportError: cannot import name 'post_init_field_info' from 'sqlmodel._compat' (/opt/hostedtoolcache/Python/3.11.14/x64/lib/python3.11/site-packages/sqlmodel/_compat.py)
admin-unit-test	Run Admin Unit Tests	2025-12-28T14:22:48.1162868Z =============================== warnings summary ===============================
admin-unit-test	Run Admin Unit Tests	2025-12-28T14:22:48.1163339Z ../../../../../../opt/hostedtoolcache/Python/3.11.14/x64/lib/python3.11/site-packages/starlette/formparsers.py:12
admin-unit-test	Run Admin Unit Tests	2025-12-28T14:22:48.1164231Z   /opt/hostedtoolcache/Python/3.11.14/x64/lib/python3.11/site-packages/starlette/formparsers.py:12: PendingDeprecationWarning: Please use `import python_multipart` instead.
admin-unit-test	Run Admin Unit Tests	2025-12-28T14:22:48.1164900Z     import multipart
admin-unit-test	Run Admin Unit Tests	2025-12-28T14:22:48.1165022Z 
admin-unit-test	Run Admin Unit Tests	2025-12-28T14:22:48.1165274Z ../../../../../../opt/hostedtoolcache/Python/3.11.14/x64/lib/python3.11/site-packages/pydantic/main.py:1396
admin-unit-test	Run Admin Unit Tests	2025-12-28T14:22:48.1165842Z ../../../../../../opt/hostedtoolcache/Python/3.11.14/x64/lib/python3.11/site-packages/pydantic/main.py:1396
admin-unit-test	Run Admin Unit Tests	2025-12-28T14:22:48.1166403Z ../../../../../../opt/hostedtoolcache/Python/3.11.14/x64/lib/python3.11/site-packages/pydantic/main.py:1396
admin-unit-test	Run Admin Unit Tests	2025-12-28T14:22:48.1166963Z ../../../../../../opt/hostedtoolcache/Python/3.11.14/x64/lib/python3.11/site-packages/pydantic/main.py:1396
admin-unit-test	Run Admin Unit Tests	2025-12-28T14:22:48.1167507Z ../../../../../../opt/hostedtoolcache/Python/3.11.14/x64/lib/python3.11/site-packages/pydantic/main.py:1396
admin-unit-test	Run Admin Unit Tests	2025-12-28T14:22:48.1168193Z ../../../../../../opt/hostedtoolcache/Python/3.11.14/x64/lib/python3.11/site-packages/pydantic/main.py:1396
admin-unit-test	Run Admin Unit Tests	2025-12-28T14:22:48.1168745Z ../../../../../../opt/hostedtoolcache/Python/3.11.14/x64/lib/python3.11/site-packages/pydantic/main.py:1396
admin-unit-test	Run Admin Unit Tests	2025-12-28T14:22:48.1169292Z ../../../../../../opt/hostedtoolcache/Python/3.11.14/x64/lib/python3.11/site-packages/pydantic/main.py:1396
admin-unit-test	Run Admin Unit Tests	2025-12-28T14:22:48.1169843Z ../../../../../../opt/hostedtoolcache/Python/3.11.14/x64/lib/python3.11/site-packages/pydantic/main.py:1396
admin-unit-test	Run Admin Unit Tests	2025-12-28T14:22:48.1171242Z   /opt/hostedtoolcache/Python/3.11.14/x64/lib/python3.11/site-packages/pydantic/main.py:1396: PydanticDeprecatedSince20: The `update_forward_refs` method is deprecated; use `model_rebuild` instead. Deprecated in Pydantic V2.0 to be removed in V3.0. See Pydantic V2 Migration Guide at https://errors.pydantic.dev/2.9/migration/
admin-unit-test	Run Admin Unit Tests	2025-12-28T14:22:48.1172359Z     warnings.warn(
admin-unit-test	Run Admin Unit Tests	2025-12-28T14:22:48.1172478Z 
admin-unit-test	Run Admin Unit Tests	2025-12-28T14:22:48.1172665Z -- Docs: https://docs.pytest.org/en/stable/how-to/capture-warnings.html
admin-unit-test	Run Admin Unit Tests	2025-12-28T14:22:48.1173170Z - generated xml file: /home/runner/work/zero_x_infinity/zero_x_infinity/admin/test-results.xml -
admin-unit-test	Run Admin Unit Tests	2025-12-28T14:22:48.1173628Z =========================== short test summary info ============================
admin-unit-test	Run Admin Unit Tests	2025-12-28T14:22:48.1173908Z ERROR tests/test_admin_login.py
admin-unit-test	Run Admin Unit Tests	2025-12-28T14:22:48.1174142Z ERROR tests/test_multi_agent_qa.py
admin-unit-test	Run Admin Unit Tests	2025-12-28T14:22:48.1174441Z !!!!!!!!!!!!!!!!!!! Interrupted: 2 errors during collection !!!!!!!!!!!!!!!!!!!!
admin-unit-test	Run Admin Unit Tests	2025-12-28T14:22:48.1174776Z ======================== 10 warnings, 2 errors in 3.04s ========================
admin-unit-test	Run Admin Unit Tests	2025-12-28T14:22:48.3332518Z ##[error]Process completed with exit code 2.
admin-unit-test	Upload test results	ï»¿2025-12-28T14:22:48.3390948Z ##[group]Run actions/upload-artifact@v4
admin-unit-test	Upload test results	2025-12-28T14:22:48.3391235Z with:
admin-unit-test	Upload test results	2025-12-28T14:22:48.3391417Z   name: admin-test-results
admin-unit-test	Upload test results	2025-12-28T14:22:48.3391640Z   path: admin/test-results.xml
admin-unit-test	Upload test results	2025-12-28T14:22:48.3391875Z   if-no-files-found: warn
admin-unit-test	Upload test results	2025-12-28T14:22:48.3392085Z   compression-level: 6
admin-unit-test	Upload test results	2025-12-28T14:22:48.3392272Z   overwrite: false
admin-unit-test	Upload test results	2025-12-28T14:22:48.3392482Z   include-hidden-files: false
admin-unit-test	Upload test results	2025-12-28T14:22:48.3392705Z env:
admin-unit-test	Upload test results	2025-12-28T14:22:48.3392863Z   CI: true
admin-unit-test	Upload test results	2025-12-28T14:22:48.3393024Z   PG_HOST: localhost
admin-unit-test	Upload test results	2025-12-28T14:22:48.3393210Z   PG_PORT: 5432
admin-unit-test	Upload test results	2025-12-28T14:22:48.3393376Z   PG_USER: trading
admin-unit-test	Upload test results	2025-12-28T14:22:48.3393560Z   PG_PASSWORD: trading123
admin-unit-test	Upload test results	2025-12-28T14:22:48.3393753Z   PG_DB: exchange_info_db
admin-unit-test	Upload test results	2025-12-28T14:22:48.3394222Z   DATABASE_URL: ***localhost:5432/exchange_info_db
admin-unit-test	Upload test results	2025-12-28T14:22:48.3394725Z   DATABASE_URL_ASYNC: ***localhost:5432/exchange_info_db
admin-unit-test	Upload test results	2025-12-28T14:22:48.3395008Z   ADMIN_PORT: 8001
admin-unit-test	Upload test results	2025-12-28T14:22:48.3395188Z   GATEWAY_PORT: 8080
admin-unit-test	Upload test results	2025-12-28T14:22:48.3395651Z   pythonLocation: /opt/hostedtoolcache/Python/3.11.14/x64
admin-unit-test	Upload test results	2025-12-28T14:22:48.3396037Z   PKG_CONFIG_PATH: /opt/hostedtoolcache/Python/3.11.14/x64/lib/pkgconfig
admin-unit-test	Upload test results	2025-12-28T14:22:48.3396401Z   Python_ROOT_DIR: /opt/hostedtoolcache/Python/3.11.14/x64
admin-unit-test	Upload test results	2025-12-28T14:22:48.3396731Z   Python2_ROOT_DIR: /opt/hostedtoolcache/Python/3.11.14/x64
admin-unit-test	Upload test results	2025-12-28T14:22:48.3397057Z   Python3_ROOT_DIR: /opt/hostedtoolcache/Python/3.11.14/x64
admin-unit-test	Upload test results	2025-12-28T14:22:48.3397393Z   LD_LIBRARY_PATH: /opt/hostedtoolcache/Python/3.11.14/x64/lib
admin-unit-test	Upload test results	2025-12-28T14:22:48.3397667Z ##[endgroup]
admin-unit-test	Upload test results	2025-12-28T14:22:48.5516175Z With the provided path, there will be 1 file uploaded
admin-unit-test	Upload test results	2025-12-28T14:22:48.5522836Z Artifact name is valid!
admin-unit-test	Upload test results	2025-12-28T14:22:48.5524333Z Root directory input is valid!
admin-unit-test	Upload test results	2025-12-28T14:22:48.7043704Z Beginning upload of artifact content to blob storage
admin-unit-test	Upload test results	2025-12-28T14:22:48.8707681Z Uploaded bytes 875
admin-unit-test	Upload test results	2025-12-28T14:22:48.9118352Z Finished uploading artifact content to blob storage!
admin-unit-test	Upload test results	2025-12-28T14:22:48.9122233Z SHA256 digest of uploaded artifact zip is f3515eeb6d0b8c8c11c9fc7a0833c6a386fd381fc38be6ae77d6f9ad5fbda835
admin-unit-test	Upload test results	2025-12-28T14:22:48.9123514Z Finalizing artifact upload
admin-unit-test	Upload test results	2025-12-28T14:22:49.0074254Z Artifact admin-test-results.zip successfully finalized. Artifact ID 4978865110
admin-unit-test	Upload test results	2025-12-28T14:22:49.0075405Z Artifact admin-test-results has been successfully uploaded! Final size is 875 bytes. Artifact ID is 4978865110
admin-unit-test	Upload test results	2025-12-28T14:22:49.0085426Z Artifact download URL: https://github.com/gjwang/zero_x_infinity/actions/runs/20555051163/artifacts/4978865110
admin-unit-test	Post Run actions/checkout@v4	ï»¿2025-12-28T14:22:49.0238399Z Post job cleanup.
admin-unit-test	Post Run actions/checkout@v4	2025-12-28T14:22:49.1190165Z [command]/usr/bin/git version
admin-unit-test	Post Run actions/checkout@v4	2025-12-28T14:22:49.1226723Z git version 2.52.0
admin-unit-test	Post Run actions/checkout@v4	2025-12-28T14:22:49.1273248Z Temporarily overriding HOME='/home/runner/work/_temp/017f619c-798a-4d39-85a1-c5482c98eda1' before making global git config changes
admin-unit-test	Post Run actions/checkout@v4	2025-12-28T14:22:49.1274546Z Adding repository directory to the temporary git global config as a safe directory
admin-unit-test	Post Run actions/checkout@v4	2025-12-28T14:22:49.1287199Z [command]/usr/bin/git config --global --add safe.directory /home/runner/work/zero_x_infinity/zero_x_infinity
admin-unit-test	Post Run actions/checkout@v4	2025-12-28T14:22:49.1323994Z [command]/usr/bin/git config --local --name-only --get-regexp core\.sshCommand
admin-unit-test	Post Run actions/checkout@v4	2025-12-28T14:22:49.1356968Z [command]/usr/bin/git submodule foreach --recursive sh -c "git config --local --name-only --get-regexp 'core\.sshCommand' && git config --local --unset-all 'core.sshCommand' || :"
admin-unit-test	Post Run actions/checkout@v4	2025-12-28T14:22:49.1588323Z [command]/usr/bin/git config --local --name-only --get-regexp http\.https\:\/\/github\.com\/\.extraheader
admin-unit-test	Post Run actions/checkout@v4	2025-12-28T14:22:49.1610553Z http.https://github.com/.extraheader
admin-unit-test	Post Run actions/checkout@v4	2025-12-28T14:22:49.1622636Z [command]/usr/bin/git config --local --unset-all http.https://github.com/.extraheader
admin-unit-test	Post Run actions/checkout@v4	2025-12-28T14:22:49.1653982Z [command]/usr/bin/git submodule foreach --recursive sh -c "git config --local --name-only --get-regexp 'http\.https\:\/\/github\.com\/\.extraheader' && git config --local --unset-all 'http.https://github.com/.extraheader' || :"
admin-unit-test	Post Run actions/checkout@v4	2025-12-28T14:22:49.1878952Z [command]/usr/bin/git config --local --name-only --get-regexp ^includeIf\.gitdir:
admin-unit-test	Post Run actions/checkout@v4	2025-12-28T14:22:49.1909672Z [command]/usr/bin/git submodule foreach --recursive git config --local --show-origin --name-only --get-regexp remote.origin.url
admin-unit-test	Stop containers	ï»¿2025-12-28T14:22:49.2223167Z Print service container logs: c23f0fd2813248eeb0ed4d7f108133cc_postgres15_7b988f
admin-unit-test	Stop containers	2025-12-28T14:22:49.2227660Z ##[command]/usr/bin/docker logs --details 2c93c0d93e52b7059130c77f4b030414cbe95c3cacd6194524e682352765568f
admin-unit-test	Stop containers	2025-12-28T14:22:49.2352204Z  The files belonging to this database system will be owned by user "postgres".
admin-unit-test	Stop containers	2025-12-28T14:22:49.2354075Z  initdb: warning: enabling "trust" authentication for local connections
admin-unit-test	Stop containers	2025-12-28T14:22:49.2355179Z  initdb: hint: You can change this by editing pg_hba.conf or using the option -A, or --auth-local and --auth-host, the next time you run initdb.
admin-unit-test	Stop containers	2025-12-28T14:22:49.2356094Z  This user must also own the server process.
admin-unit-test	Stop containers	2025-12-28T14:22:49.2356503Z  
admin-unit-test	Stop containers	2025-12-28T14:22:49.2356923Z  The database cluster will be initialized with locale "en_US.utf8".
admin-unit-test	Stop containers	2025-12-28T14:22:49.2357939Z  The default database encoding has accordingly been set to "UTF8".
admin-unit-test	Stop containers	2025-12-28T14:22:49.2358598Z  The default text search configuration will be set to "english".
admin-unit-test	Stop containers	2025-12-28T14:22:49.2359094Z  
admin-unit-test	Stop containers	2025-12-28T14:22:49.2359432Z  Data page checksums are disabled.
admin-unit-test	Stop containers	2025-12-28T14:22:49.2359806Z  
admin-unit-test	Stop containers	2025-12-28T14:22:49.2360534Z  fixing permissions on existing directory /var/lib/postgresql/data ... ok
admin-unit-test	Stop containers	2025-12-28T14:22:49.2361164Z  creating subdirectories ... ok
admin-unit-test	Stop containers	2025-12-28T14:22:49.2361630Z  selecting dynamic shared memory implementation ... posix
admin-unit-test	Stop containers	2025-12-28T14:22:49.2362160Z  selecting default max_connections ... 100
admin-unit-test	Stop containers	2025-12-28T14:22:49.2362613Z  selecting default shared_buffers ... 128MB
admin-unit-test	Stop containers	2025-12-28T14:22:49.2363054Z  selecting default time zone ... Etc/UTC
admin-unit-test	Stop containers	2025-12-28T14:22:49.2363483Z  creating configuration files ... ok
admin-unit-test	Stop containers	2025-12-28T14:22:49.2363888Z  running bootstrap script ... ok
admin-unit-test	Stop containers	2025-12-28T14:22:49.2364331Z  performing post-bootstrap initialization ... ok
admin-unit-test	Stop containers	2025-12-28T14:22:49.2364815Z  syncing data to disk ... ok
admin-unit-test	Stop containers	2025-12-28T14:22:49.2365156Z  
admin-unit-test	Stop containers	2025-12-28T14:22:49.2365389Z  
admin-unit-test	Stop containers	2025-12-28T14:22:49.2365727Z  Success. You can now start the database server using:
admin-unit-test	Stop containers	2025-12-28T14:22:49.2366181Z  
admin-unit-test	Stop containers	2025-12-28T14:22:49.2366526Z      pg_ctl -D /var/lib/postgresql/data -l logfile start
admin-unit-test	Stop containers	2025-12-28T14:22:49.2366969Z  
admin-unit-test	Stop containers	2025-12-28T14:22:49.2367890Z  waiting for server to start....2025-12-28 14:22:13.886 UTC [48] LOG:  starting PostgreSQL 15.15 (Debian 15.15-1.pgdg13+1) on x86_64-pc-linux-gnu, compiled by gcc (Debian 14.2.0-19) 14.2.0, 64-bit
admin-unit-test	Stop containers	2025-12-28T14:22:49.2369170Z  2025-12-28 14:22:13.887 UTC [48] LOG:  listening on Unix socket "/var/run/postgresql/.s.PGSQL.5432"
admin-unit-test	Stop containers	2025-12-28T14:22:49.2370341Z  2025-12-28 14:22:13.889 UTC [51] LOG:  database system was shut down at 2025-12-28 14:22:13 UTC
admin-unit-test	Stop containers	2025-12-28T14:22:49.2371080Z  2025-12-28 14:22:13.893 UTC [48] LOG:  database system is ready to accept connections
admin-unit-test	Stop containers	2025-12-28T14:22:49.2371568Z   done
admin-unit-test	Stop containers	2025-12-28T14:22:49.2371734Z  server started
admin-unit-test	Stop containers	2025-12-28T14:22:49.2371924Z  CREATE DATABASE
admin-unit-test	Stop containers	2025-12-28T14:22:49.2372087Z  
admin-unit-test	Stop containers	2025-12-28T14:22:49.2372233Z  
admin-unit-test	Stop containers	2025-12-28T14:22:49.2372538Z  /usr/local/bin/docker-entrypoint.sh: ignoring /docker-entrypoint-initdb.d/*
admin-unit-test	Stop containers	2025-12-28T14:22:49.2372921Z  
admin-unit-test	Stop containers	2025-12-28T14:22:49.2373154Z  2025-12-28 14:22:14.073 UTC [48] LOG:  received fast shutdown request
admin-unit-test	Stop containers	2025-12-28T14:22:49.2373617Z  waiting for server to shut down....2025-12-28 14:22:14.073 UTC [48] LOG:  aborting any active transactions
admin-unit-test	Stop containers	2025-12-28T14:22:49.2374204Z  2025-12-28 14:22:14.075 UTC [48] LOG:  background worker "logical replication launcher" (PID 54) exited with exit code 1
admin-unit-test	Stop containers	2025-12-28T14:22:49.2374946Z  2025-12-28 14:22:14.192 UTC [1] LOG:  starting PostgreSQL 15.15 (Debian 15.15-1.pgdg13+1) on x86_64-pc-linux-gnu, compiled by gcc (Debian 14.2.0-19) 14.2.0, 64-bit
admin-unit-test	Stop containers	2025-12-28T14:22:49.2375565Z  2025-12-28 14:22:14.192 UTC [1] LOG:  listening on IPv4 address "0.0.0.0", port 5432
admin-unit-test	Stop containers	2025-12-28T14:22:49.2375963Z  2025-12-28 14:22:14.192 UTC [1] LOG:  listening on IPv6 address "::", port 5432
admin-unit-test	Stop containers	2025-12-28T14:22:49.2376420Z  2025-12-28 14:22:14.193 UTC [1] LOG:  listening on Unix socket "/var/run/postgresql/.s.PGSQL.5432"
admin-unit-test	Stop containers	2025-12-28T14:22:49.2376894Z  2025-12-28 14:22:14.195 UTC [64] LOG:  database system was shut down at 2025-12-28 14:22:14 UTC
admin-unit-test	Stop containers	2025-12-28T14:22:49.2377659Z  2025-12-28 14:22:14.198 UTC [1] LOG:  database system is ready to accept connections
admin-unit-test	Stop containers	2025-12-28T14:22:49.2378049Z  2025-12-28 14:22:23.316 UTC [75] FATAL:  role "root" does not exist
admin-unit-test	Stop containers	2025-12-28T14:22:49.2378388Z  2025-12-28 14:22:33.383 UTC [83] FATAL:  role "root" does not exist
admin-unit-test	Stop containers	2025-12-28T14:22:49.2378718Z  2025-12-28 14:22:43.448 UTC [91] FATAL:  role "root" does not exist
admin-unit-test	Stop containers	2025-12-28T14:22:49.2379034Z  2025-12-28 14:22:14.075 UTC [49] LOG:  shutting down
admin-unit-test	Stop containers	2025-12-28T14:22:49.2379375Z  2025-12-28 14:22:14.075 UTC [49] LOG:  checkpoint starting: shutdown immediate
admin-unit-test	Stop containers	2025-12-28T14:22:49.2380421Z  2025-12-28 14:22:14.093 UTC [49] LOG:  checkpoint complete: wrote 922 buffers (5.6%); 0 WAL file(s) added, 0 removed, 0 recycled; write=0.013 s, sync=0.004 s, total=0.018 s; sync files=301, longest=0.002 s, average=0.001 s; distance=4239 kB, estimate=4239 kB
admin-unit-test	Stop containers	2025-12-28T14:22:49.2381400Z  2025-12-28 14:22:14.099 UTC [48] LOG:  database system is shut down
admin-unit-test	Stop containers	2025-12-28T14:22:49.2381693Z   done
admin-unit-test	Stop containers	2025-12-28T14:22:49.2381856Z  server stopped
admin-unit-test	Stop containers	2025-12-28T14:22:49.2382029Z  
admin-unit-test	Stop containers	2025-12-28T14:22:49.2382241Z  PostgreSQL init process complete; ready for start up.
admin-unit-test	Stop containers	2025-12-28T14:22:49.2382512Z  
admin-unit-test	Stop containers	2025-12-28T14:22:49.2387591Z Stop and remove container: c23f0fd2813248eeb0ed4d7f108133cc_postgres15_7b988f
admin-unit-test	Stop containers	2025-12-28T14:22:49.2392775Z ##[command]/usr/bin/docker rm --force 2c93c0d93e52b7059130c77f4b030414cbe95c3cacd6194524e682352765568f
admin-unit-test	Stop containers	2025-12-28T14:22:49.8827164Z 2c93c0d93e52b7059130c77f4b030414cbe95c3cacd6194524e682352765568f
admin-unit-test	Stop containers	2025-12-28T14:22:49.8854492Z Remove container network: github_network_d31ec50644604416936069a7109096f4
admin-unit-test	Stop containers	2025-12-28T14:22:49.8858774Z ##[command]/usr/bin/docker network rm github_network_d31ec50644604416936069a7109096f4
admin-unit-test	Stop containers	2025-12-28T14:22:50.0055580Z github_network_d31ec50644604416936069a7109096f4
admin-unit-test	Complete job	ï»¿2025-12-28T14:22:50.0113353Z Cleaning up orphan processes
