Admin UI E2E (Playwright)	Set up job	ï»¿2025-12-29T05:15:49.7986327Z Current runner version: '2.330.0'
Admin UI E2E (Playwright)	Set up job	2025-12-29T05:15:49.8020173Z ##[group]Runner Image Provisioner
Admin UI E2E (Playwright)	Set up job	2025-12-29T05:15:49.8021947Z Hosted Compute Agent
Admin UI E2E (Playwright)	Set up job	2025-12-29T05:15:49.8022950Z Version: 20251211.462
Admin UI E2E (Playwright)	Set up job	2025-12-29T05:15:49.8024025Z Commit: 6cbad8c2bb55d58165063d031ccabf57e2d2db61
Admin UI E2E (Playwright)	Set up job	2025-12-29T05:15:49.8025391Z Build Date: 2025-12-11T16:28:49Z
Admin UI E2E (Playwright)	Set up job	2025-12-29T05:15:49.8026656Z Worker ID: {eae7a90c-062a-46e6-a64c-4a9899867c73}
Admin UI E2E (Playwright)	Set up job	2025-12-29T05:15:49.8027839Z ##[endgroup]
Admin UI E2E (Playwright)	Set up job	2025-12-29T05:15:49.8028594Z ##[group]Operating System
Admin UI E2E (Playwright)	Set up job	2025-12-29T05:15:49.8029670Z Ubuntu
Admin UI E2E (Playwright)	Set up job	2025-12-29T05:15:49.8030506Z 24.04.3
Admin UI E2E (Playwright)	Set up job	2025-12-29T05:15:49.8031303Z LTS
Admin UI E2E (Playwright)	Set up job	2025-12-29T05:15:49.8032197Z ##[endgroup]
Admin UI E2E (Playwright)	Set up job	2025-12-29T05:15:49.8033091Z ##[group]Runner Image
Admin UI E2E (Playwright)	Set up job	2025-12-29T05:15:49.8034083Z Image: ubuntu-24.04
Admin UI E2E (Playwright)	Set up job	2025-12-29T05:15:49.8035311Z Version: 20251215.174.1
Admin UI E2E (Playwright)	Set up job	2025-12-29T05:15:49.8037051Z Included Software: https://github.com/actions/runner-images/blob/ubuntu24/20251215.174/images/ubuntu/Ubuntu2404-Readme.md
Admin UI E2E (Playwright)	Set up job	2025-12-29T05:15:49.8039355Z Image Release: https://github.com/actions/runner-images/releases/tag/ubuntu24%2F20251215.174
Admin UI E2E (Playwright)	Set up job	2025-12-29T05:15:49.8041394Z ##[endgroup]
Admin UI E2E (Playwright)	Set up job	2025-12-29T05:15:49.8043300Z ##[group]GITHUB_TOKEN Permissions
Admin UI E2E (Playwright)	Set up job	2025-12-29T05:15:49.8046413Z Contents: read
Admin UI E2E (Playwright)	Set up job	2025-12-29T05:15:49.8047262Z Metadata: read
Admin UI E2E (Playwright)	Set up job	2025-12-29T05:15:49.8048298Z Packages: read
Admin UI E2E (Playwright)	Set up job	2025-12-29T05:15:49.8049192Z ##[endgroup]
Admin UI E2E (Playwright)	Set up job	2025-12-29T05:15:49.8052295Z Secret source: Actions
Admin UI E2E (Playwright)	Set up job	2025-12-29T05:15:49.8054030Z Prepare workflow directory
Admin UI E2E (Playwright)	Set up job	2025-12-29T05:15:49.8511710Z Prepare all required actions
Admin UI E2E (Playwright)	Set up job	2025-12-29T05:15:49.8550062Z Getting action download info
Admin UI E2E (Playwright)	Set up job	2025-12-29T05:15:50.2285834Z Download action repository 'actions/checkout@v4' (SHA:34e114876b0b11c390a56381ad16ebd13914f8d5)
Admin UI E2E (Playwright)	Set up job	2025-12-29T05:15:50.3256328Z Download action repository 'actions/download-artifact@v4' (SHA:d3f86a106a0bac45b974a628896c90dbdf5c8093)
Admin UI E2E (Playwright)	Set up job	2025-12-29T05:15:51.0383549Z Download action repository 'astral-sh/setup-uv@v5' (SHA:d4b2f3b6ecc6e67c4457f6d3e41ec42d3d0fcb86)
Admin UI E2E (Playwright)	Set up job	2025-12-29T05:15:51.6627869Z Download action repository 'actions/upload-artifact@v4' (SHA:ea165f8d65b6e75b540449e92b4886f43607fa02)
Admin UI E2E (Playwright)	Set up job	2025-12-29T05:15:51.9080569Z Complete job name: Admin UI E2E (Playwright)
Admin UI E2E (Playwright)	Initialize containers	ï»¿2025-12-29T05:15:51.9659193Z ##[group]Checking docker version
Admin UI E2E (Playwright)	Initialize containers	2025-12-29T05:15:51.9672862Z ##[command]/usr/bin/docker version --format '{{.Server.APIVersion}}'
Admin UI E2E (Playwright)	Initialize containers	2025-12-29T05:15:52.0748760Z '1.48'
Admin UI E2E (Playwright)	Initialize containers	2025-12-29T05:15:52.0763286Z Docker daemon API version: '1.48'
Admin UI E2E (Playwright)	Initialize containers	2025-12-29T05:15:52.0765015Z ##[command]/usr/bin/docker version --format '{{.Client.APIVersion}}'
Admin UI E2E (Playwright)	Initialize containers	2025-12-29T05:15:52.0953491Z '1.48'
Admin UI E2E (Playwright)	Initialize containers	2025-12-29T05:15:52.0968285Z Docker client API version: '1.48'
Admin UI E2E (Playwright)	Initialize containers	2025-12-29T05:15:52.0974420Z ##[endgroup]
Admin UI E2E (Playwright)	Initialize containers	2025-12-29T05:15:52.0978123Z ##[group]Clean up resources from previous jobs
Admin UI E2E (Playwright)	Initialize containers	2025-12-29T05:15:52.0984109Z ##[command]/usr/bin/docker ps --all --quiet --no-trunc --filter "label=9b07f0"
Admin UI E2E (Playwright)	Initialize containers	2025-12-29T05:15:52.1129274Z ##[command]/usr/bin/docker network prune --force --filter "label=9b07f0"
Admin UI E2E (Playwright)	Initialize containers	2025-12-29T05:15:52.1270124Z ##[endgroup]
Admin UI E2E (Playwright)	Initialize containers	2025-12-29T05:15:52.1271070Z ##[group]Create local container network
Admin UI E2E (Playwright)	Initialize containers	2025-12-29T05:15:52.1282929Z ##[command]/usr/bin/docker network create --label 9b07f0 github_network_45237607dc364bbcb1b13504cc73ae0a
Admin UI E2E (Playwright)	Initialize containers	2025-12-29T05:15:52.1837811Z 5e4412c15d698eb8e11109643154485512cd19945940e3920858fe043210d5a9
Admin UI E2E (Playwright)	Initialize containers	2025-12-29T05:15:52.1858207Z ##[endgroup]
Admin UI E2E (Playwright)	Initialize containers	2025-12-29T05:15:52.1886257Z ##[group]Starting postgres service container
Admin UI E2E (Playwright)	Initialize containers	2025-12-29T05:15:52.1908143Z ##[command]/usr/bin/docker pull postgres:18
Admin UI E2E (Playwright)	Initialize containers	2025-12-29T05:15:52.7810755Z 18: Pulling from library/postgres
Admin UI E2E (Playwright)	Initialize containers	2025-12-29T05:15:52.9351753Z 1733a4cd5954: Pulling fs layer
Admin UI E2E (Playwright)	Initialize containers	2025-12-29T05:15:52.9352455Z bab3dfaacd57: Pulling fs layer
Admin UI E2E (Playwright)	Initialize containers	2025-12-29T05:15:52.9352957Z 6dd6fcdc9495: Pulling fs layer
Admin UI E2E (Playwright)	Initialize containers	2025-12-29T05:15:52.9354183Z b004922a6f45: Pulling fs layer
Admin UI E2E (Playwright)	Initialize containers	2025-12-29T05:15:52.9354633Z 72fdf866b594: Pulling fs layer
Admin UI E2E (Playwright)	Initialize containers	2025-12-29T05:15:52.9355296Z c3ff19dd627c: Pulling fs layer
Admin UI E2E (Playwright)	Initialize containers	2025-12-29T05:15:52.9355756Z 854c622dacff: Pulling fs layer
Admin UI E2E (Playwright)	Initialize containers	2025-12-29T05:15:52.9356074Z f106a4619ad3: Pulling fs layer
Admin UI E2E (Playwright)	Initialize containers	2025-12-29T05:15:52.9356512Z c063aa26ba0a: Pulling fs layer
Admin UI E2E (Playwright)	Initialize containers	2025-12-29T05:15:52.9357334Z 1a285618a7ed: Pulling fs layer
Admin UI E2E (Playwright)	Initialize containers	2025-12-29T05:15:52.9357757Z 807997f7ba63: Pulling fs layer
Admin UI E2E (Playwright)	Initialize containers	2025-12-29T05:15:52.9358031Z db5e628b821e: Pulling fs layer
Admin UI E2E (Playwright)	Initialize containers	2025-12-29T05:15:52.9358320Z 1dc30afa2762: Pulling fs layer
Admin UI E2E (Playwright)	Initialize containers	2025-12-29T05:15:52.9358580Z f106a4619ad3: Waiting
Admin UI E2E (Playwright)	Initialize containers	2025-12-29T05:15:52.9358812Z b004922a6f45: Waiting
Admin UI E2E (Playwright)	Initialize containers	2025-12-29T05:15:52.9359038Z c063aa26ba0a: Waiting
Admin UI E2E (Playwright)	Initialize containers	2025-12-29T05:15:52.9359262Z 72fdf866b594: Waiting
Admin UI E2E (Playwright)	Initialize containers	2025-12-29T05:15:52.9359476Z 1a285618a7ed: Waiting
Admin UI E2E (Playwright)	Initialize containers	2025-12-29T05:15:52.9359694Z c3ff19dd627c: Waiting
Admin UI E2E (Playwright)	Initialize containers	2025-12-29T05:15:52.9359904Z 1dc30afa2762: Waiting
Admin UI E2E (Playwright)	Initialize containers	2025-12-29T05:15:52.9360120Z 807997f7ba63: Waiting
Admin UI E2E (Playwright)	Initialize containers	2025-12-29T05:15:52.9360332Z 854c622dacff: Waiting
Admin UI E2E (Playwright)	Initialize containers	2025-12-29T05:15:53.1487080Z bab3dfaacd57: Verifying Checksum
Admin UI E2E (Playwright)	Initialize containers	2025-12-29T05:15:53.1487808Z bab3dfaacd57: Download complete
Admin UI E2E (Playwright)	Initialize containers	2025-12-29T05:15:53.2336340Z 6dd6fcdc9495: Download complete
Admin UI E2E (Playwright)	Initialize containers	2025-12-29T05:15:53.3449412Z 1733a4cd5954: Verifying Checksum
Admin UI E2E (Playwright)	Initialize containers	2025-12-29T05:15:53.3894939Z 1733a4cd5954: Download complete
Admin UI E2E (Playwright)	Initialize containers	2025-12-29T05:15:53.3895789Z b004922a6f45: Verifying Checksum
Admin UI E2E (Playwright)	Initialize containers	2025-12-29T05:15:53.3898402Z b004922a6f45: Download complete
Admin UI E2E (Playwright)	Initialize containers	2025-12-29T05:15:53.5256756Z 72fdf866b594: Verifying Checksum
Admin UI E2E (Playwright)	Initialize containers	2025-12-29T05:15:53.5262513Z 72fdf866b594: Download complete
Admin UI E2E (Playwright)	Initialize containers	2025-12-29T05:15:53.5984010Z c3ff19dd627c: Download complete
Admin UI E2E (Playwright)	Initialize containers	2025-12-29T05:15:53.6156578Z 854c622dacff: Verifying Checksum
Admin UI E2E (Playwright)	Initialize containers	2025-12-29T05:15:53.6159940Z 854c622dacff: Download complete
Admin UI E2E (Playwright)	Initialize containers	2025-12-29T05:15:53.7098326Z f106a4619ad3: Verifying Checksum
Admin UI E2E (Playwright)	Initialize containers	2025-12-29T05:15:53.7099367Z f106a4619ad3: Download complete
Admin UI E2E (Playwright)	Initialize containers	2025-12-29T05:15:53.8000600Z 1a285618a7ed: Download complete
Admin UI E2E (Playwright)	Initialize containers	2025-12-29T05:15:53.8902375Z 807997f7ba63: Verifying Checksum
Admin UI E2E (Playwright)	Initialize containers	2025-12-29T05:15:53.8905269Z 807997f7ba63: Download complete
Admin UI E2E (Playwright)	Initialize containers	2025-12-29T05:15:53.9955701Z db5e628b821e: Verifying Checksum
Admin UI E2E (Playwright)	Initialize containers	2025-12-29T05:15:53.9957352Z db5e628b821e: Download complete
Admin UI E2E (Playwright)	Initialize containers	2025-12-29T05:15:54.0715901Z 1dc30afa2762: Verifying Checksum
Admin UI E2E (Playwright)	Initialize containers	2025-12-29T05:15:54.0717141Z 1dc30afa2762: Download complete
Admin UI E2E (Playwright)	Initialize containers	2025-12-29T05:15:54.3680361Z c063aa26ba0a: Verifying Checksum
Admin UI E2E (Playwright)	Initialize containers	2025-12-29T05:15:54.3681015Z c063aa26ba0a: Download complete
Admin UI E2E (Playwright)	Initialize containers	2025-12-29T05:15:54.4798304Z 1733a4cd5954: Pull complete
Admin UI E2E (Playwright)	Initialize containers	2025-12-29T05:15:57.1614443Z bab3dfaacd57: Pull complete
Admin UI E2E (Playwright)	Initialize containers	2025-12-29T05:15:57.3425944Z 6dd6fcdc9495: Pull complete
Admin UI E2E (Playwright)	Initialize containers	2025-12-29T05:15:57.3897905Z b004922a6f45: Pull complete
Admin UI E2E (Playwright)	Initialize containers	2025-12-29T05:15:57.7033520Z 72fdf866b594: Pull complete
Admin UI E2E (Playwright)	Initialize containers	2025-12-29T05:15:57.7969193Z c3ff19dd627c: Pull complete
Admin UI E2E (Playwright)	Initialize containers	2025-12-29T05:15:57.8087406Z 854c622dacff: Pull complete
Admin UI E2E (Playwright)	Initialize containers	2025-12-29T05:15:57.8227735Z f106a4619ad3: Pull complete
Admin UI E2E (Playwright)	Initialize containers	2025-12-29T05:16:00.8232162Z c063aa26ba0a: Pull complete
Admin UI E2E (Playwright)	Initialize containers	2025-12-29T05:16:00.8563472Z 1a285618a7ed: Pull complete
Admin UI E2E (Playwright)	Initialize containers	2025-12-29T05:16:00.8684885Z 807997f7ba63: Pull complete
Admin UI E2E (Playwright)	Initialize containers	2025-12-29T05:16:00.8789658Z db5e628b821e: Pull complete
Admin UI E2E (Playwright)	Initialize containers	2025-12-29T05:16:00.8926157Z 1dc30afa2762: Pull complete
Admin UI E2E (Playwright)	Initialize containers	2025-12-29T05:16:00.8979323Z Digest: sha256:38d5c9d522037d8bf0864c9068e4df2f8a60127c6489ab06f98fdeda535560f9
Admin UI E2E (Playwright)	Initialize containers	2025-12-29T05:16:00.8997744Z Status: Downloaded newer image for postgres:18
Admin UI E2E (Playwright)	Initialize containers	2025-12-29T05:16:00.9011487Z docker.io/library/postgres:18
Admin UI E2E (Playwright)	Initialize containers	2025-12-29T05:16:00.9071379Z ##[command]/usr/bin/docker create --name 59c37fd41b114ea7b51859fa727f6d5d_postgres18_3cf0a5 --label 9b07f0 --network github_network_45237607dc364bbcb1b13504cc73ae0a --network-alias postgres -p 5432:5432 --health-cmd "pg_isready -U trading -d exchange_info_db" --health-interval 10s --health-timeout 5s --health-retries 5 -e "POSTGRES_DB=exchange_info_db" -e "POSTGRES_USER=trading" -e "POSTGRES_PASSWORD=trading123" -e GITHUB_ACTIONS=true -e CI=true postgres:18
Admin UI E2E (Playwright)	Initialize containers	2025-12-29T05:16:00.9356011Z 2d6db1dc341dfe7a46de7d07cf200322871b5c7d866ccfb01041e2e212af9427
Admin UI E2E (Playwright)	Initialize containers	2025-12-29T05:16:00.9380216Z ##[command]/usr/bin/docker start 2d6db1dc341dfe7a46de7d07cf200322871b5c7d866ccfb01041e2e212af9427
Admin UI E2E (Playwright)	Initialize containers	2025-12-29T05:16:01.2487357Z 2d6db1dc341dfe7a46de7d07cf200322871b5c7d866ccfb01041e2e212af9427
Admin UI E2E (Playwright)	Initialize containers	2025-12-29T05:16:01.2509668Z ##[command]/usr/bin/docker ps --all --filter id=2d6db1dc341dfe7a46de7d07cf200322871b5c7d866ccfb01041e2e212af9427 --filter status=running --no-trunc --format "{{.ID}} {{.Status}}"
Admin UI E2E (Playwright)	Initialize containers	2025-12-29T05:16:01.2657945Z 2d6db1dc341dfe7a46de7d07cf200322871b5c7d866ccfb01041e2e212af9427 Up Less than a second (health: starting)
Admin UI E2E (Playwright)	Initialize containers	2025-12-29T05:16:01.2683084Z ##[command]/usr/bin/docker port 2d6db1dc341dfe7a46de7d07cf200322871b5c7d866ccfb01041e2e212af9427
Admin UI E2E (Playwright)	Initialize containers	2025-12-29T05:16:01.2816472Z 5432/tcp -> 0.0.0.0:5432
Admin UI E2E (Playwright)	Initialize containers	2025-12-29T05:16:01.2817328Z 5432/tcp -> [::]:5432
Admin UI E2E (Playwright)	Initialize containers	2025-12-29T05:16:01.2864173Z ##[endgroup]
Admin UI E2E (Playwright)	Initialize containers	2025-12-29T05:16:01.2873367Z ##[group]Waiting for all services to be ready
Admin UI E2E (Playwright)	Initialize containers	2025-12-29T05:16:01.2887382Z ##[command]/usr/bin/docker inspect --format="{{if .Config.Healthcheck}}{{print .State.Health.Status}}{{end}}" 2d6db1dc341dfe7a46de7d07cf200322871b5c7d866ccfb01041e2e212af9427
Admin UI E2E (Playwright)	Initialize containers	2025-12-29T05:16:01.3033303Z starting
Admin UI E2E (Playwright)	Initialize containers	2025-12-29T05:16:01.3061428Z postgres service is starting, waiting 2 seconds before checking again.
Admin UI E2E (Playwright)	Initialize containers	2025-12-29T05:16:03.3059237Z ##[command]/usr/bin/docker inspect --format="{{if .Config.Healthcheck}}{{print .State.Health.Status}}{{end}}" 2d6db1dc341dfe7a46de7d07cf200322871b5c7d866ccfb01041e2e212af9427
Admin UI E2E (Playwright)	Initialize containers	2025-12-29T05:16:03.3182007Z starting
Admin UI E2E (Playwright)	Initialize containers	2025-12-29T05:16:03.3196055Z postgres service is starting, waiting 4 seconds before checking again.
Admin UI E2E (Playwright)	Initialize containers	2025-12-29T05:16:07.3400636Z ##[command]/usr/bin/docker inspect --format="{{if .Config.Healthcheck}}{{print .State.Health.Status}}{{end}}" 2d6db1dc341dfe7a46de7d07cf200322871b5c7d866ccfb01041e2e212af9427
Admin UI E2E (Playwright)	Initialize containers	2025-12-29T05:16:07.3517744Z starting
Admin UI E2E (Playwright)	Initialize containers	2025-12-29T05:16:07.3531699Z postgres service is starting, waiting 7 seconds before checking again.
Admin UI E2E (Playwright)	Initialize containers	2025-12-29T05:16:14.4857891Z ##[command]/usr/bin/docker inspect --format="{{if .Config.Healthcheck}}{{print .State.Health.Status}}{{end}}" 2d6db1dc341dfe7a46de7d07cf200322871b5c7d866ccfb01041e2e212af9427
Admin UI E2E (Playwright)	Initialize containers	2025-12-29T05:16:14.4977873Z healthy
Admin UI E2E (Playwright)	Initialize containers	2025-12-29T05:16:14.4994321Z postgres service is healthy.
Admin UI E2E (Playwright)	Initialize containers	2025-12-29T05:16:14.4995319Z ##[endgroup]
Admin UI E2E (Playwright)	Run actions/checkout@v4	ï»¿2025-12-29T05:16:14.5316454Z ##[group]Run actions/checkout@v4
Admin UI E2E (Playwright)	Run actions/checkout@v4	2025-12-29T05:16:14.5316987Z with:
Admin UI E2E (Playwright)	Run actions/checkout@v4	2025-12-29T05:16:14.5317179Z   repository: gjwang/zero_x_infinity
Admin UI E2E (Playwright)	Run actions/checkout@v4	2025-12-29T05:16:14.5317559Z   token: ***
Admin UI E2E (Playwright)	Run actions/checkout@v4	2025-12-29T05:16:14.5317730Z   ssh-strict: true
Admin UI E2E (Playwright)	Run actions/checkout@v4	2025-12-29T05:16:14.5317903Z   ssh-user: git
Admin UI E2E (Playwright)	Run actions/checkout@v4	2025-12-29T05:16:14.5318084Z   persist-credentials: true
Admin UI E2E (Playwright)	Run actions/checkout@v4	2025-12-29T05:16:14.5318291Z   clean: true
Admin UI E2E (Playwright)	Run actions/checkout@v4	2025-12-29T05:16:14.5318471Z   sparse-checkout-cone-mode: true
Admin UI E2E (Playwright)	Run actions/checkout@v4	2025-12-29T05:16:14.5318688Z   fetch-depth: 1
Admin UI E2E (Playwright)	Run actions/checkout@v4	2025-12-29T05:16:14.5318858Z   fetch-tags: false
Admin UI E2E (Playwright)	Run actions/checkout@v4	2025-12-29T05:16:14.5319028Z   show-progress: true
Admin UI E2E (Playwright)	Run actions/checkout@v4	2025-12-29T05:16:14.5319202Z   lfs: false
Admin UI E2E (Playwright)	Run actions/checkout@v4	2025-12-29T05:16:14.5319352Z   submodules: false
Admin UI E2E (Playwright)	Run actions/checkout@v4	2025-12-29T05:16:14.5319532Z   set-safe-directory: true
Admin UI E2E (Playwright)	Run actions/checkout@v4	2025-12-29T05:16:14.5319892Z env:
Admin UI E2E (Playwright)	Run actions/checkout@v4	2025-12-29T05:16:14.5320063Z   CARGO_TERM_COLOR: always
Admin UI E2E (Playwright)	Run actions/checkout@v4	2025-12-29T05:16:14.5320254Z   RUST_BACKTRACE: 1
Admin UI E2E (Playwright)	Run actions/checkout@v4	2025-12-29T05:16:14.5320417Z   CI: true
Admin UI E2E (Playwright)	Run actions/checkout@v4	2025-12-29T05:16:14.5320564Z   CI_LOG_DIR: logs
Admin UI E2E (Playwright)	Run actions/checkout@v4	2025-12-29T05:16:14.5320737Z   SQLX_OFFLINE: true
Admin UI E2E (Playwright)	Run actions/checkout@v4	2025-12-29T05:16:14.5320949Z   PG_HOST: localhost
Admin UI E2E (Playwright)	Run actions/checkout@v4	2025-12-29T05:16:14.5321120Z   PG_PORT: 5432
Admin UI E2E (Playwright)	Run actions/checkout@v4	2025-12-29T05:16:14.5321279Z   PG_USER: trading
Admin UI E2E (Playwright)	Run actions/checkout@v4	2025-12-29T05:16:14.5321465Z   PG_PASSWORD: trading123
Admin UI E2E (Playwright)	Run actions/checkout@v4	2025-12-29T05:16:14.5321663Z   PG_DB: exchange_info_db
Admin UI E2E (Playwright)	Run actions/checkout@v4	2025-12-29T05:16:14.5322085Z   DATABASE_URL: ***localhost:5432/exchange_info_db
Admin UI E2E (Playwright)	Run actions/checkout@v4	2025-12-29T05:16:14.5322623Z   DATABASE_URL_ASYNC: ***localhost:5432/exchange_info_db
Admin UI E2E (Playwright)	Run actions/checkout@v4	2025-12-29T05:16:14.5322893Z   ADMIN_PORT: 8002
Admin UI E2E (Playwright)	Run actions/checkout@v4	2025-12-29T05:16:14.5323175Z   GATEWAY_PORT: 8080
Admin UI E2E (Playwright)	Run actions/checkout@v4	2025-12-29T05:16:14.5323406Z   ADMIN_URL: http://localhost:8002
Admin UI E2E (Playwright)	Run actions/checkout@v4	2025-12-29T05:16:14.5323663Z   GATEWAY_API: http://localhost:8080
Admin UI E2E (Playwright)	Run actions/checkout@v4	2025-12-29T05:16:14.5323894Z ##[endgroup]
Admin UI E2E (Playwright)	Run actions/checkout@v4	2025-12-29T05:16:14.6391535Z Syncing repository: gjwang/zero_x_infinity
Admin UI E2E (Playwright)	Run actions/checkout@v4	2025-12-29T05:16:14.6392833Z ##[group]Getting Git version info
Admin UI E2E (Playwright)	Run actions/checkout@v4	2025-12-29T05:16:14.6393250Z Working directory is '/home/runner/work/zero_x_infinity/zero_x_infinity'
Admin UI E2E (Playwright)	Run actions/checkout@v4	2025-12-29T05:16:14.6393851Z [command]/usr/bin/git version
Admin UI E2E (Playwright)	Run actions/checkout@v4	2025-12-29T05:16:14.6517363Z git version 2.52.0
Admin UI E2E (Playwright)	Run actions/checkout@v4	2025-12-29T05:16:14.6543882Z ##[endgroup]
Admin UI E2E (Playwright)	Run actions/checkout@v4	2025-12-29T05:16:14.6565425Z Temporarily overriding HOME='/home/runner/work/_temp/bc048882-384f-45a6-aa06-55b518a41643' before making global git config changes
Admin UI E2E (Playwright)	Run actions/checkout@v4	2025-12-29T05:16:14.6566558Z Adding repository directory to the temporary git global config as a safe directory
Admin UI E2E (Playwright)	Run actions/checkout@v4	2025-12-29T05:16:14.6571176Z [command]/usr/bin/git config --global --add safe.directory /home/runner/work/zero_x_infinity/zero_x_infinity
Admin UI E2E (Playwright)	Run actions/checkout@v4	2025-12-29T05:16:14.6611498Z Deleting the contents of '/home/runner/work/zero_x_infinity/zero_x_infinity'
Admin UI E2E (Playwright)	Run actions/checkout@v4	2025-12-29T05:16:14.6615155Z ##[group]Initializing the repository
Admin UI E2E (Playwright)	Run actions/checkout@v4	2025-12-29T05:16:14.6619533Z [command]/usr/bin/git init /home/runner/work/zero_x_infinity/zero_x_infinity
Admin UI E2E (Playwright)	Run actions/checkout@v4	2025-12-29T05:16:14.6764814Z hint: Using 'master' as the name for the initial branch. This default branch name
Admin UI E2E (Playwright)	Run actions/checkout@v4	2025-12-29T05:16:14.6765580Z hint: will change to "main" in Git 3.0. To configure the initial branch name
Admin UI E2E (Playwright)	Run actions/checkout@v4	2025-12-29T05:16:14.6766187Z hint: to use in all of your new repositories, which will suppress this warning,
Admin UI E2E (Playwright)	Run actions/checkout@v4	2025-12-29T05:16:14.6766685Z hint: call:
Admin UI E2E (Playwright)	Run actions/checkout@v4	2025-12-29T05:16:14.6766934Z hint:
Admin UI E2E (Playwright)	Run actions/checkout@v4	2025-12-29T05:16:14.6767280Z hint: 	git config --global init.defaultBranch <name>
Admin UI E2E (Playwright)	Run actions/checkout@v4	2025-12-29T05:16:14.6767688Z hint:
Admin UI E2E (Playwright)	Run actions/checkout@v4	2025-12-29T05:16:14.6768067Z hint: Names commonly chosen instead of 'master' are 'main', 'trunk' and
Admin UI E2E (Playwright)	Run actions/checkout@v4	2025-12-29T05:16:14.6768664Z hint: 'development'. The just-created branch can be renamed via this command:
Admin UI E2E (Playwright)	Run actions/checkout@v4	2025-12-29T05:16:14.6769276Z hint:
Admin UI E2E (Playwright)	Run actions/checkout@v4	2025-12-29T05:16:14.6769622Z hint: 	git branch -m <name>
Admin UI E2E (Playwright)	Run actions/checkout@v4	2025-12-29T05:16:14.6770040Z hint:
Admin UI E2E (Playwright)	Run actions/checkout@v4	2025-12-29T05:16:14.6770639Z hint: Disable this message with "git config set advice.defaultBranchName false"
Admin UI E2E (Playwright)	Run actions/checkout@v4	2025-12-29T05:16:14.6771804Z Initialized empty Git repository in /home/runner/work/zero_x_infinity/zero_x_infinity/.git/
Admin UI E2E (Playwright)	Run actions/checkout@v4	2025-12-29T05:16:14.6782288Z [command]/usr/bin/git remote add origin https://github.com/gjwang/zero_x_infinity
Admin UI E2E (Playwright)	Run actions/checkout@v4	2025-12-29T05:16:14.6816486Z ##[endgroup]
Admin UI E2E (Playwright)	Run actions/checkout@v4	2025-12-29T05:16:14.6816885Z ##[group]Disabling automatic garbage collection
Admin UI E2E (Playwright)	Run actions/checkout@v4	2025-12-29T05:16:14.6820799Z [command]/usr/bin/git config --local gc.auto 0
Admin UI E2E (Playwright)	Run actions/checkout@v4	2025-12-29T05:16:14.6848144Z ##[endgroup]
Admin UI E2E (Playwright)	Run actions/checkout@v4	2025-12-29T05:16:14.6848535Z ##[group]Setting up auth
Admin UI E2E (Playwright)	Run actions/checkout@v4	2025-12-29T05:16:14.6855488Z [command]/usr/bin/git config --local --name-only --get-regexp core\.sshCommand
Admin UI E2E (Playwright)	Run actions/checkout@v4	2025-12-29T05:16:14.6884414Z [command]/usr/bin/git submodule foreach --recursive sh -c "git config --local --name-only --get-regexp 'core\.sshCommand' && git config --local --unset-all 'core.sshCommand' || :"
Admin UI E2E (Playwright)	Run actions/checkout@v4	2025-12-29T05:16:14.7248470Z [command]/usr/bin/git config --local --name-only --get-regexp http\.https\:\/\/github\.com\/\.extraheader
Admin UI E2E (Playwright)	Run actions/checkout@v4	2025-12-29T05:16:14.7278327Z [command]/usr/bin/git submodule foreach --recursive sh -c "git config --local --name-only --get-regexp 'http\.https\:\/\/github\.com\/\.extraheader' && git config --local --unset-all 'http.https://github.com/.extraheader' || :"
Admin UI E2E (Playwright)	Run actions/checkout@v4	2025-12-29T05:16:14.7497451Z [command]/usr/bin/git config --local --name-only --get-regexp ^includeIf\.gitdir:
Admin UI E2E (Playwright)	Run actions/checkout@v4	2025-12-29T05:16:14.7537425Z [command]/usr/bin/git submodule foreach --recursive git config --local --show-origin --name-only --get-regexp remote.origin.url
Admin UI E2E (Playwright)	Run actions/checkout@v4	2025-12-29T05:16:14.7756970Z [command]/usr/bin/git config --local http.https://github.com/.extraheader AUTHORIZATION: basic ***
Admin UI E2E (Playwright)	Run actions/checkout@v4	2025-12-29T05:16:14.7931912Z ##[endgroup]
Admin UI E2E (Playwright)	Run actions/checkout@v4	2025-12-29T05:16:14.7932624Z ##[group]Fetching the repository
Admin UI E2E (Playwright)	Run actions/checkout@v4	2025-12-29T05:16:14.7940922Z [command]/usr/bin/git -c protocol.version=2 fetch --no-tags --prune --no-recurse-submodules --depth=1 origin +b3252af44a25800d931f8b7122d99c2ceb9a6c50:refs/remotes/origin/main
Admin UI E2E (Playwright)	Run actions/checkout@v4	2025-12-29T05:16:17.5620843Z From https://github.com/gjwang/zero_x_infinity
Admin UI E2E (Playwright)	Run actions/checkout@v4	2025-12-29T05:16:17.5621549Z  * [new ref]         b3252af44a25800d931f8b7122d99c2ceb9a6c50 -> origin/main
Admin UI E2E (Playwright)	Run actions/checkout@v4	2025-12-29T05:16:17.5651912Z ##[endgroup]
Admin UI E2E (Playwright)	Run actions/checkout@v4	2025-12-29T05:16:17.5662308Z ##[group]Determining the checkout info
Admin UI E2E (Playwright)	Run actions/checkout@v4	2025-12-29T05:16:17.5662922Z ##[endgroup]
Admin UI E2E (Playwright)	Run actions/checkout@v4	2025-12-29T05:16:17.5663292Z [command]/usr/bin/git sparse-checkout disable
Admin UI E2E (Playwright)	Run actions/checkout@v4	2025-12-29T05:16:17.5705747Z [command]/usr/bin/git config --local --unset-all extensions.worktreeConfig
Admin UI E2E (Playwright)	Run actions/checkout@v4	2025-12-29T05:16:17.5730248Z ##[group]Checking out the ref
Admin UI E2E (Playwright)	Run actions/checkout@v4	2025-12-29T05:16:17.5734307Z [command]/usr/bin/git checkout --progress --force -B main refs/remotes/origin/main
Admin UI E2E (Playwright)	Run actions/checkout@v4	2025-12-29T05:16:18.5776400Z Updating files: 100% (595/595)
Admin UI E2E (Playwright)	Run actions/checkout@v4	2025-12-29T05:16:18.5776928Z Updating files: 100% (595/595), done.
Admin UI E2E (Playwright)	Run actions/checkout@v4	2025-12-29T05:16:18.5812198Z Switched to a new branch 'main'
Admin UI E2E (Playwright)	Run actions/checkout@v4	2025-12-29T05:16:18.5815217Z branch 'main' set up to track 'origin/main'.
Admin UI E2E (Playwright)	Run actions/checkout@v4	2025-12-29T05:16:18.5848100Z ##[endgroup]
Admin UI E2E (Playwright)	Run actions/checkout@v4	2025-12-29T05:16:18.5886725Z [command]/usr/bin/git log -1 --format=%H
Admin UI E2E (Playwright)	Run actions/checkout@v4	2025-12-29T05:16:18.5908404Z b3252af44a25800d931f8b7122d99c2ceb9a6c50
Admin UI E2E (Playwright)	Download Gateway Binary	ï»¿2025-12-29T05:16:18.6092176Z ##[group]Run actions/download-artifact@v4
Admin UI E2E (Playwright)	Download Gateway Binary	2025-12-29T05:16:18.6092463Z with:
Admin UI E2E (Playwright)	Download Gateway Binary	2025-12-29T05:16:18.6092633Z   name: gateway-binary
Admin UI E2E (Playwright)	Download Gateway Binary	2025-12-29T05:16:18.6092827Z   path: target/release
Admin UI E2E (Playwright)	Download Gateway Binary	2025-12-29T05:16:18.6093025Z   merge-multiple: false
Admin UI E2E (Playwright)	Download Gateway Binary	2025-12-29T05:16:18.6093237Z   repository: gjwang/zero_x_infinity
Admin UI E2E (Playwright)	Download Gateway Binary	2025-12-29T05:16:18.6093464Z   run-id: 20565416358
Admin UI E2E (Playwright)	Download Gateway Binary	2025-12-29T05:16:18.6093641Z env:
Admin UI E2E (Playwright)	Download Gateway Binary	2025-12-29T05:16:18.6093797Z   CARGO_TERM_COLOR: always
Admin UI E2E (Playwright)	Download Gateway Binary	2025-12-29T05:16:18.6093997Z   RUST_BACKTRACE: 1
Admin UI E2E (Playwright)	Download Gateway Binary	2025-12-29T05:16:18.6094181Z   CI: true
Admin UI E2E (Playwright)	Download Gateway Binary	2025-12-29T05:16:18.6094343Z   CI_LOG_DIR: logs
Admin UI E2E (Playwright)	Download Gateway Binary	2025-12-29T05:16:18.6094517Z   SQLX_OFFLINE: true
Admin UI E2E (Playwright)	Download Gateway Binary	2025-12-29T05:16:18.6094831Z   PG_HOST: localhost
Admin UI E2E (Playwright)	Download Gateway Binary	2025-12-29T05:16:18.6095022Z   PG_PORT: 5432
Admin UI E2E (Playwright)	Download Gateway Binary	2025-12-29T05:16:18.6095202Z   PG_USER: trading
Admin UI E2E (Playwright)	Download Gateway Binary	2025-12-29T05:16:18.6095389Z   PG_PASSWORD: trading123
Admin UI E2E (Playwright)	Download Gateway Binary	2025-12-29T05:16:18.6095585Z   PG_DB: exchange_info_db
Admin UI E2E (Playwright)	Download Gateway Binary	2025-12-29T05:16:18.6096065Z   DATABASE_URL: ***localhost:5432/exchange_info_db
Admin UI E2E (Playwright)	Download Gateway Binary	2025-12-29T05:16:18.6096572Z   DATABASE_URL_ASYNC: ***localhost:5432/exchange_info_db
Admin UI E2E (Playwright)	Download Gateway Binary	2025-12-29T05:16:18.6096876Z   ADMIN_PORT: 8002
Admin UI E2E (Playwright)	Download Gateway Binary	2025-12-29T05:16:18.6097058Z   GATEWAY_PORT: 8080
Admin UI E2E (Playwright)	Download Gateway Binary	2025-12-29T05:16:18.6097255Z   ADMIN_URL: http://localhost:8002
Admin UI E2E (Playwright)	Download Gateway Binary	2025-12-29T05:16:18.6097502Z   GATEWAY_API: http://localhost:8080
Admin UI E2E (Playwright)	Download Gateway Binary	2025-12-29T05:16:18.6097726Z ##[endgroup]
Admin UI E2E (Playwright)	Download Gateway Binary	2025-12-29T05:16:18.8033614Z Downloading single artifact
Admin UI E2E (Playwright)	Download Gateway Binary	2025-12-29T05:16:19.0012375Z Preparing to download the following artifacts:
Admin UI E2E (Playwright)	Download Gateway Binary	2025-12-29T05:16:19.0014382Z - gateway-binary (ID: 4981463063, Size: 10286017, Expected Digest: sha256:54935168a926754d97c109cfe8186c03b01ae12112900e479f31f58933c16bb1)
Admin UI E2E (Playwright)	Download Gateway Binary	2025-12-29T05:16:19.1054435Z Redirecting to blob download url: https://productionresultssa19.blob.core.windows.net/actions-results/e6499664-b8d8-4c52-9df0-bc192467ca66/workflow-job-run-827cd31f-ef4d-578c-9a16-eaff54925c19/artifacts/6508bf6db1da2ac9ea406910b611f3d91add9b0a1af022ffb6c4c8a10b8e3548.zip
Admin UI E2E (Playwright)	Download Gateway Binary	2025-12-29T05:16:19.1056442Z Starting download of artifact to: /home/runner/work/zero_x_infinity/zero_x_infinity/target/release
Admin UI E2E (Playwright)	Download Gateway Binary	2025-12-29T05:16:19.2865318Z (node:2540) [DEP0005] DeprecationWarning: Buffer() is deprecated due to security and usability issues. Please use the Buffer.alloc(), Buffer.allocUnsafe(), or Buffer.from() methods instead.
Admin UI E2E (Playwright)	Download Gateway Binary	2025-12-29T05:16:19.2866509Z (Use `node --trace-deprecation ...` to show where the warning was created)
Admin UI E2E (Playwright)	Download Gateway Binary	2025-12-29T05:16:19.8733785Z SHA256 digest of downloaded artifact is 54935168a926754d97c109cfe8186c03b01ae12112900e479f31f58933c16bb1
Admin UI E2E (Playwright)	Download Gateway Binary	2025-12-29T05:16:19.8735007Z Artifact download completed successfully.
Admin UI E2E (Playwright)	Download Gateway Binary	2025-12-29T05:16:19.8735489Z Total of 1 artifact(s) downloaded
Admin UI E2E (Playwright)	Download Gateway Binary	2025-12-29T05:16:19.8741827Z Download artifact has finished successfully
Admin UI E2E (Playwright)	Make Gateway Executable	ï»¿2025-12-29T05:16:19.8875823Z ##[group]Run chmod +x target/release/zero_x_infinity
Admin UI E2E (Playwright)	Make Gateway Executable	2025-12-29T05:16:19.8876243Z [36;1mchmod +x target/release/zero_x_infinity[0m
Admin UI E2E (Playwright)	Make Gateway Executable	2025-12-29T05:16:19.8911024Z shell: /usr/bin/bash -e {0}
Admin UI E2E (Playwright)	Make Gateway Executable	2025-12-29T05:16:19.8911270Z env:
Admin UI E2E (Playwright)	Make Gateway Executable	2025-12-29T05:16:19.8911438Z   CARGO_TERM_COLOR: always
Admin UI E2E (Playwright)	Make Gateway Executable	2025-12-29T05:16:19.8911651Z   RUST_BACKTRACE: 1
Admin UI E2E (Playwright)	Make Gateway Executable	2025-12-29T05:16:19.8911833Z   CI: true
Admin UI E2E (Playwright)	Make Gateway Executable	2025-12-29T05:16:19.8911994Z   CI_LOG_DIR: logs
Admin UI E2E (Playwright)	Make Gateway Executable	2025-12-29T05:16:19.8912171Z   SQLX_OFFLINE: true
Admin UI E2E (Playwright)	Make Gateway Executable	2025-12-29T05:16:19.8912363Z   PG_HOST: localhost
Admin UI E2E (Playwright)	Make Gateway Executable	2025-12-29T05:16:19.8912552Z   PG_PORT: 5432
Admin UI E2E (Playwright)	Make Gateway Executable	2025-12-29T05:16:19.8912731Z   PG_USER: trading
Admin UI E2E (Playwright)	Make Gateway Executable	2025-12-29T05:16:19.8912920Z   PG_PASSWORD: trading123
Admin UI E2E (Playwright)	Make Gateway Executable	2025-12-29T05:16:19.8913129Z   PG_DB: exchange_info_db
Admin UI E2E (Playwright)	Make Gateway Executable	2025-12-29T05:16:19.8913690Z   DATABASE_URL: ***localhost:5432/exchange_info_db
Admin UI E2E (Playwright)	Make Gateway Executable	2025-12-29T05:16:19.8914217Z   DATABASE_URL_ASYNC: ***localhost:5432/exchange_info_db
Admin UI E2E (Playwright)	Make Gateway Executable	2025-12-29T05:16:19.8914965Z   ADMIN_PORT: 8002
Admin UI E2E (Playwright)	Make Gateway Executable	2025-12-29T05:16:19.8915162Z   GATEWAY_PORT: 8080
Admin UI E2E (Playwright)	Make Gateway Executable	2025-12-29T05:16:19.8915375Z   ADMIN_URL: http://localhost:8002
Admin UI E2E (Playwright)	Make Gateway Executable	2025-12-29T05:16:19.8915695Z   GATEWAY_API: http://localhost:8080
Admin UI E2E (Playwright)	Make Gateway Executable	2025-12-29T05:16:19.8915933Z ##[endgroup]
Admin UI E2E (Playwright)	Initialize PostgreSQL	ï»¿2025-12-29T05:16:19.9019823Z ##[group]Run ./scripts/db/init.sh pg
Admin UI E2E (Playwright)	Initialize PostgreSQL	2025-12-29T05:16:19.9020125Z [36;1m./scripts/db/init.sh pg[0m
Admin UI E2E (Playwright)	Initialize PostgreSQL	2025-12-29T05:16:19.9048857Z shell: /usr/bin/bash -e {0}
Admin UI E2E (Playwright)	Initialize PostgreSQL	2025-12-29T05:16:19.9049081Z env:
Admin UI E2E (Playwright)	Initialize PostgreSQL	2025-12-29T05:16:19.9049261Z   CARGO_TERM_COLOR: always
Admin UI E2E (Playwright)	Initialize PostgreSQL	2025-12-29T05:16:19.9049471Z   RUST_BACKTRACE: 1
Admin UI E2E (Playwright)	Initialize PostgreSQL	2025-12-29T05:16:19.9049648Z   CI: true
Admin UI E2E (Playwright)	Initialize PostgreSQL	2025-12-29T05:16:19.9049819Z   CI_LOG_DIR: logs
Admin UI E2E (Playwright)	Initialize PostgreSQL	2025-12-29T05:16:19.9049996Z   SQLX_OFFLINE: true
Admin UI E2E (Playwright)	Initialize PostgreSQL	2025-12-29T05:16:19.9050176Z   PG_HOST: localhost
Admin UI E2E (Playwright)	Initialize PostgreSQL	2025-12-29T05:16:19.9050361Z   PG_PORT: 5432
Admin UI E2E (Playwright)	Initialize PostgreSQL	2025-12-29T05:16:19.9050538Z   PG_USER: trading
Admin UI E2E (Playwright)	Initialize PostgreSQL	2025-12-29T05:16:19.9050718Z   PG_PASSWORD: trading123
Admin UI E2E (Playwright)	Initialize PostgreSQL	2025-12-29T05:16:19.9050926Z   PG_DB: exchange_info_db
Admin UI E2E (Playwright)	Initialize PostgreSQL	2025-12-29T05:16:19.9051392Z   DATABASE_URL: ***localhost:5432/exchange_info_db
Admin UI E2E (Playwright)	Initialize PostgreSQL	2025-12-29T05:16:19.9051915Z   DATABASE_URL_ASYNC: ***localhost:5432/exchange_info_db
Admin UI E2E (Playwright)	Initialize PostgreSQL	2025-12-29T05:16:19.9052196Z   ADMIN_PORT: 8002
Admin UI E2E (Playwright)	Initialize PostgreSQL	2025-12-29T05:16:19.9052373Z   GATEWAY_PORT: 8080
Admin UI E2E (Playwright)	Initialize PostgreSQL	2025-12-29T05:16:19.9052584Z   ADMIN_URL: http://localhost:8002
Admin UI E2E (Playwright)	Initialize PostgreSQL	2025-12-29T05:16:19.9052865Z   GATEWAY_API: http://localhost:8080
Admin UI E2E (Playwright)	Initialize PostgreSQL	2025-12-29T05:16:19.9053111Z ##[endgroup]
Admin UI E2E (Playwright)	Initialize PostgreSQL	2025-12-29T05:16:19.9198960Z ========================================
Admin UI E2E (Playwright)	Initialize PostgreSQL	2025-12-29T05:16:19.9199290Z  Database Configuration
Admin UI E2E (Playwright)	Initialize PostgreSQL	2025-12-29T05:16:19.9199513Z ========================================
Admin UI E2E (Playwright)	Initialize PostgreSQL	2025-12-29T05:16:19.9199786Z   Runtime Environment: CI
Admin UI E2E (Playwright)	Initialize PostgreSQL	2025-12-29T05:16:19.9200136Z   Config File: /home/runner/work/zero_x_infinity/zero_x_infinity/config/ci.yaml
Admin UI E2E (Playwright)	Initialize PostgreSQL	2025-12-29T05:16:19.9200438Z 
Admin UI E2E (Playwright)	Initialize PostgreSQL	2025-12-29T05:16:19.9200532Z   PostgreSQL:
Admin UI E2E (Playwright)	Initialize PostgreSQL	2025-12-29T05:16:19.9200719Z     Host:     localhost
Admin UI E2E (Playwright)	Initialize PostgreSQL	2025-12-29T05:16:19.9200911Z     Port:     5432
Admin UI E2E (Playwright)	Initialize PostgreSQL	2025-12-29T05:16:19.9201096Z     User:     trading
Admin UI E2E (Playwright)	Initialize PostgreSQL	2025-12-29T05:16:19.9204027Z     Password: tra***
Admin UI E2E (Playwright)	Initialize PostgreSQL	2025-12-29T05:16:19.9204297Z     Database: exchange_info_db
Admin UI E2E (Playwright)	Initialize PostgreSQL	2025-12-29T05:16:19.9204445Z 
Admin UI E2E (Playwright)	Initialize PostgreSQL	2025-12-29T05:16:19.9204512Z   TDengine:
Admin UI E2E (Playwright)	Initialize PostgreSQL	2025-12-29T05:16:19.9204861Z     Host:     localhost
Admin UI E2E (Playwright)	Initialize PostgreSQL	2025-12-29T05:16:19.9205075Z     REST Port: 6041
Admin UI E2E (Playwright)	Initialize PostgreSQL	2025-12-29T05:16:19.9205262Z     User:     root
Admin UI E2E (Playwright)	Initialize PostgreSQL	2025-12-29T05:16:19.9209524Z     Password: tao***
Admin UI E2E (Playwright)	Initialize PostgreSQL	2025-12-29T05:16:19.9209774Z     Database: trading
Admin UI E2E (Playwright)	Initialize PostgreSQL	2025-12-29T05:16:19.9209968Z ========================================
Admin UI E2E (Playwright)	Initialize PostgreSQL	2025-12-29T05:16:19.9210128Z 
Admin UI E2E (Playwright)	Initialize PostgreSQL	2025-12-29T05:16:19.9210882Z [0;32m[INFO][0m === Initializing PostgreSQL ===
Admin UI E2E (Playwright)	Initialize PostgreSQL	2025-12-29T05:16:19.9211563Z [0;32m[INFO][0m Waiting for PostgreSQL...
Admin UI E2E (Playwright)	Initialize PostgreSQL	2025-12-29T05:16:19.9672954Z [0;32m[INFO][0m PostgreSQL is ready
Admin UI E2E (Playwright)	Initialize PostgreSQL	2025-12-29T05:16:19.9673560Z [0;32m[INFO][0m Running migrations...
Admin UI E2E (Playwright)	Initialize PostgreSQL	2025-12-29T05:16:19.9687140Z [0;32m[INFO][0m   Applying 001_init_schema.sql...
Admin UI E2E (Playwright)	Initialize PostgreSQL	2025-12-29T05:16:20.0195091Z [0;32m[INFO][0m   Applying 002_create_api_keys.sql...
Admin UI E2E (Playwright)	Initialize PostgreSQL	2025-12-29T05:16:20.0645967Z [0;32m[INFO][0m   Applying 003_internal_transfer.sql...
Admin UI E2E (Playwright)	Initialize PostgreSQL	2025-12-29T05:16:20.1151927Z [0;32m[INFO][0m   Applying 004_fsm_transfers.sql...
Admin UI E2E (Playwright)	Initialize PostgreSQL	2025-12-29T05:16:20.1607132Z [0;32m[INFO][0m   Applying 005_account_status.sql...
Admin UI E2E (Playwright)	Initialize PostgreSQL	2025-12-29T05:16:20.2008003Z [0;32m[INFO][0m   Applying 006_consolidate_transfer_id.sql...
Admin UI E2E (Playwright)	Initialize PostgreSQL	2025-12-29T05:16:20.2523597Z [0;32m[INFO][0m   Applying 007_trade_fee.sql...
Admin UI E2E (Playwright)	Initialize PostgreSQL	2025-12-29T05:16:20.2957483Z [0;32m[INFO][0m   Applying 008_admin_audit_log.sql...
Admin UI E2E (Playwright)	Initialize PostgreSQL	2025-12-29T05:16:20.3400712Z [0;32m[INFO][0m   Applying 009_users_auth.sql...
Admin UI E2E (Playwright)	Initialize PostgreSQL	2025-12-29T05:16:20.3800713Z [0;32m[INFO][0m   Applying 010_deposit_withdraw.sql...
Admin UI E2E (Playwright)	Initialize PostgreSQL	2025-12-29T05:16:20.4225335Z [0;32m[INFO][0m Seeding data...
Admin UI E2E (Playwright)	Initialize PostgreSQL	2025-12-29T05:16:20.4675647Z INSERT 0 1
Admin UI E2E (Playwright)	Initialize PostgreSQL	2025-12-29T05:16:20.4676327Z INSERT 0 3
Admin UI E2E (Playwright)	Initialize PostgreSQL	2025-12-29T05:16:20.4676659Z INSERT 0 1
Admin UI E2E (Playwright)	Initialize PostgreSQL	2025-12-29T05:16:20.4676918Z INSERT 0 1
Admin UI E2E (Playwright)	Initialize PostgreSQL	2025-12-29T05:16:20.4677174Z INSERT 0 1
Admin UI E2E (Playwright)	Initialize PostgreSQL	2025-12-29T05:16:20.4677427Z INSERT 0 1
Admin UI E2E (Playwright)	Initialize PostgreSQL	2025-12-29T05:16:20.4677674Z INSERT 0 1
Admin UI E2E (Playwright)	Initialize PostgreSQL	2025-12-29T05:16:20.4678268Z INSERT 0 1
Admin UI E2E (Playwright)	Initialize PostgreSQL	2025-12-29T05:16:20.4678536Z INSERT 0 1
Admin UI E2E (Playwright)	Initialize PostgreSQL	2025-12-29T05:16:20.4678805Z INSERT 0 1
Admin UI E2E (Playwright)	Initialize PostgreSQL	2025-12-29T05:16:20.4679561Z [0;32m[INFO][0m Fixing sequences...
Admin UI E2E (Playwright)	Initialize PostgreSQL	2025-12-29T05:16:20.5063742Z [0;32m[INFO][0m Verifying tables...
Admin UI E2E (Playwright)	Initialize PostgreSQL	2025-12-29T05:16:20.5460985Z [0;32m[INFO][0m   Found 13 tables
Admin UI E2E (Playwright)	Initialize PostgreSQL	2025-12-29T05:16:20.5461892Z [0;32m[INFO][0m âœ… PostgreSQL initialized
Admin UI E2E (Playwright)	Initialize PostgreSQL	2025-12-29T05:16:20.5463176Z 
Admin UI E2E (Playwright)	Initialize PostgreSQL	2025-12-29T05:16:20.5463464Z ======================================
Admin UI E2E (Playwright)	Initialize PostgreSQL	2025-12-29T05:16:20.5464038Z  âœ… All databases initialized
Admin UI E2E (Playwright)	Initialize PostgreSQL	2025-12-29T05:16:20.5464522Z ======================================
Admin UI E2E (Playwright)	Install uv	ï»¿2025-12-29T05:16:20.5527752Z ##[group]Run astral-sh/setup-uv@v5
Admin UI E2E (Playwright)	Install uv	2025-12-29T05:16:20.5528023Z with:
Admin UI E2E (Playwright)	Install uv	2025-12-29T05:16:20.5528195Z   version: 0.5.11
Admin UI E2E (Playwright)	Install uv	2025-12-29T05:16:20.5528388Z   enable-cache: true
Admin UI E2E (Playwright)	Install uv	2025-12-29T05:16:20.5528700Z   github-token: ***
Admin UI E2E (Playwright)	Install uv	2025-12-29T05:16:20.5528951Z   cache-dependency-glob: **/uv.lock
Admin UI E2E (Playwright)	Install uv	**/requirements*.txt
Admin UI E2E (Playwright)	Install uv	
Admin UI E2E (Playwright)	Install uv	2025-12-29T05:16:20.5529256Z   prune-cache: true
Admin UI E2E (Playwright)	Install uv	2025-12-29T05:16:20.5529459Z   ignore-nothing-to-cache: false
Admin UI E2E (Playwright)	Install uv	2025-12-29T05:16:20.5529711Z   ignore-empty-workdir: false
Admin UI E2E (Playwright)	Install uv	2025-12-29T05:16:20.5529923Z env:
Admin UI E2E (Playwright)	Install uv	2025-12-29T05:16:20.5530093Z   CARGO_TERM_COLOR: always
Admin UI E2E (Playwright)	Install uv	2025-12-29T05:16:20.5530303Z   RUST_BACKTRACE: 1
Admin UI E2E (Playwright)	Install uv	2025-12-29T05:16:20.5530481Z   CI: true
Admin UI E2E (Playwright)	Install uv	2025-12-29T05:16:20.5530648Z   CI_LOG_DIR: logs
Admin UI E2E (Playwright)	Install uv	2025-12-29T05:16:20.5530821Z   SQLX_OFFLINE: true
Admin UI E2E (Playwright)	Install uv	2025-12-29T05:16:20.5531010Z   PG_HOST: localhost
Admin UI E2E (Playwright)	Install uv	2025-12-29T05:16:20.5531196Z   PG_PORT: 5432
Admin UI E2E (Playwright)	Install uv	2025-12-29T05:16:20.5531372Z   PG_USER: trading
Admin UI E2E (Playwright)	Install uv	2025-12-29T05:16:20.5531553Z   PG_PASSWORD: trading123
Admin UI E2E (Playwright)	Install uv	2025-12-29T05:16:20.5531761Z   PG_DB: exchange_info_db
Admin UI E2E (Playwright)	Install uv	2025-12-29T05:16:20.5532189Z   DATABASE_URL: ***localhost:5432/exchange_info_db
Admin UI E2E (Playwright)	Install uv	2025-12-29T05:16:20.5532704Z   DATABASE_URL_ASYNC: ***localhost:5432/exchange_info_db
Admin UI E2E (Playwright)	Install uv	2025-12-29T05:16:20.5532972Z   ADMIN_PORT: 8002
Admin UI E2E (Playwright)	Install uv	2025-12-29T05:16:20.5533155Z   GATEWAY_PORT: 8080
Admin UI E2E (Playwright)	Install uv	2025-12-29T05:16:20.5533364Z   ADMIN_URL: http://localhost:8002
Admin UI E2E (Playwright)	Install uv	2025-12-29T05:16:20.5533608Z   GATEWAY_API: http://localhost:8080
Admin UI E2E (Playwright)	Install uv	2025-12-29T05:16:20.5533840Z ##[endgroup]
Admin UI E2E (Playwright)	Install uv	2025-12-29T05:16:20.7939328Z Downloading uv from "https://github.com/astral-sh/uv/releases/download/0.5.11/uv-x86_64-unknown-linux-gnu.tar.gz" ...
Admin UI E2E (Playwright)	Install uv	2025-12-29T05:16:21.2227700Z [command]/usr/bin/tar xz --warning=no-unknown-keyword --overwrite -C /home/runner/work/_temp/95da82ca-aee8-4b58-8bc6-74926f3da416 -f /home/runner/work/_temp/6c409515-085a-44d1-a3e4-c0adc5227e92
Admin UI E2E (Playwright)	Install uv	2025-12-29T05:16:21.5280928Z Added /home/runner/.local/bin to the path
Admin UI E2E (Playwright)	Install uv	2025-12-29T05:16:21.5284026Z Added /opt/hostedtoolcache/uv/0.5.11/x86_64 to the path
Admin UI E2E (Playwright)	Install uv	2025-12-29T05:16:21.5308965Z Set UV_CACHE_DIR to /home/runner/work/_temp/setup-uv-cache
Admin UI E2E (Playwright)	Install uv	2025-12-29T05:16:21.5309634Z Successfully installed uv version 0.5.11
Admin UI E2E (Playwright)	Install uv	2025-12-29T05:16:21.5310319Z Searching files using cache dependency glob: **/uv.lock,**/requirements*.txt
Admin UI E2E (Playwright)	Install uv	2025-12-29T05:16:21.6049946Z /home/runner/work/zero_x_infinity/zero_x_infinity/uv.lock
Admin UI E2E (Playwright)	Install uv	2025-12-29T05:16:21.6068061Z Found 1 files to hash.
Admin UI E2E (Playwright)	Install uv	2025-12-29T05:16:21.7929387Z Trying to restore uv cache from GitHub Actions cache with key: setup-uv-1-x86_64-unknown-linux-gnu-unknown-7edd4bd285f29550cbd0bb084cc1ae42864ab23f79e2f25318e7f1c45938f5f6
Admin UI E2E (Playwright)	Install uv	2025-12-29T05:16:21.9258785Z Cache hit for: setup-uv-1-x86_64-unknown-linux-gnu-unknown-7edd4bd285f29550cbd0bb084cc1ae42864ab23f79e2f25318e7f1c45938f5f6
Admin UI E2E (Playwright)	Install uv	2025-12-29T05:16:22.1142969Z Received 1775 of 1775 (100.0%), 0.0 MBs/sec
Admin UI E2E (Playwright)	Install uv	2025-12-29T05:16:22.1143434Z Cache Size: ~0 MB (1775 B)
Admin UI E2E (Playwright)	Install uv	2025-12-29T05:16:22.1174314Z [command]/usr/bin/tar -xf /home/runner/work/_temp/6ddd6881-bf47-42ec-a42d-941939b0b3a8/cache.tzst -P -C /home/runner/work/zero_x_infinity/zero_x_infinity --use-compress-program unzstd
Admin UI E2E (Playwright)	Install uv	2025-12-29T05:16:22.1245315Z Cache restored successfully
Admin UI E2E (Playwright)	Install uv	2025-12-29T05:16:22.1250750Z uv cache restored from GitHub Actions cache with key: setup-uv-1-x86_64-unknown-linux-gnu-unknown-7edd4bd285f29550cbd0bb084cc1ae42864ab23f79e2f25318e7f1c45938f5f6
Admin UI E2E (Playwright)	Install Admin Dependencies	ï»¿2025-12-29T05:16:22.1361479Z ##[group]Run uv sync
Admin UI E2E (Playwright)	Install Admin Dependencies	2025-12-29T05:16:22.1361729Z [36;1muv sync[0m
Admin UI E2E (Playwright)	Install Admin Dependencies	2025-12-29T05:16:22.1361985Z [36;1muv run playwright install chromium --with-deps[0m
Admin UI E2E (Playwright)	Install Admin Dependencies	2025-12-29T05:16:22.1396739Z shell: /usr/bin/bash -e {0}
Admin UI E2E (Playwright)	Install Admin Dependencies	2025-12-29T05:16:22.1396987Z env:
Admin UI E2E (Playwright)	Install Admin Dependencies	2025-12-29T05:16:22.1397174Z   CARGO_TERM_COLOR: always
Admin UI E2E (Playwright)	Install Admin Dependencies	2025-12-29T05:16:22.1397399Z   RUST_BACKTRACE: 1
Admin UI E2E (Playwright)	Install Admin Dependencies	2025-12-29T05:16:22.1397582Z   CI: true
Admin UI E2E (Playwright)	Install Admin Dependencies	2025-12-29T05:16:22.1397753Z   CI_LOG_DIR: logs
Admin UI E2E (Playwright)	Install Admin Dependencies	2025-12-29T05:16:22.1397942Z   SQLX_OFFLINE: true
Admin UI E2E (Playwright)	Install Admin Dependencies	2025-12-29T05:16:22.1398148Z   PG_HOST: localhost
Admin UI E2E (Playwright)	Install Admin Dependencies	2025-12-29T05:16:22.1398348Z   PG_PORT: 5432
Admin UI E2E (Playwright)	Install Admin Dependencies	2025-12-29T05:16:22.1398535Z   PG_USER: trading
Admin UI E2E (Playwright)	Install Admin Dependencies	2025-12-29T05:16:22.1398737Z   PG_PASSWORD: trading123
Admin UI E2E (Playwright)	Install Admin Dependencies	2025-12-29T05:16:22.1398961Z   PG_DB: exchange_info_db
Admin UI E2E (Playwright)	Install Admin Dependencies	2025-12-29T05:16:22.1399426Z   DATABASE_URL: ***localhost:5432/exchange_info_db
Admin UI E2E (Playwright)	Install Admin Dependencies	2025-12-29T05:16:22.1399950Z   DATABASE_URL_ASYNC: ***localhost:5432/exchange_info_db
Admin UI E2E (Playwright)	Install Admin Dependencies	2025-12-29T05:16:22.1400239Z   ADMIN_PORT: 8002
Admin UI E2E (Playwright)	Install Admin Dependencies	2025-12-29T05:16:22.1400434Z   GATEWAY_PORT: 8080
Admin UI E2E (Playwright)	Install Admin Dependencies	2025-12-29T05:16:22.1400683Z   ADMIN_URL: http://localhost:8002
Admin UI E2E (Playwright)	Install Admin Dependencies	2025-12-29T05:16:22.1400935Z   GATEWAY_API: http://localhost:8080
Admin UI E2E (Playwright)	Install Admin Dependencies	2025-12-29T05:16:22.1401242Z   UV_CACHE_DIR: /home/runner/work/_temp/setup-uv-cache
Admin UI E2E (Playwright)	Install Admin Dependencies	2025-12-29T05:16:22.1401520Z ##[endgroup]
Admin UI E2E (Playwright)	Install Admin Dependencies	2025-12-29T05:16:23.5941998Z Using CPython 3.11.11
Admin UI E2E (Playwright)	Install Admin Dependencies	2025-12-29T05:16:23.5942600Z Creating virtual environment at: .venv
Admin UI E2E (Playwright)	Install Admin Dependencies	2025-12-29T05:16:23.6018188Z Resolved 77 packages in 0.71ms
Admin UI E2E (Playwright)	Install Admin Dependencies	2025-12-29T05:16:25.4593878Z Prepared 74 packages in 1.85s
Admin UI E2E (Playwright)	Install Admin Dependencies	2025-12-29T05:16:25.5325449Z Installed 74 packages in 72ms
Admin UI E2E (Playwright)	Install Admin Dependencies	2025-12-29T05:16:25.5325977Z  + aiofiles==25.1.0
Admin UI E2E (Playwright)	Install Admin Dependencies	2025-12-29T05:16:25.5326521Z  + aiohappyeyeballs==2.6.1
Admin UI E2E (Playwright)	Install Admin Dependencies	2025-12-29T05:16:25.5326882Z  + aiohttp==3.13.2
Admin UI E2E (Playwright)	Install Admin Dependencies	2025-12-29T05:16:25.5327177Z  + aiosignal==1.4.0
Admin UI E2E (Playwright)	Install Admin Dependencies	2025-12-29T05:16:25.5328837Z  + annotated-types==0.7.0
Admin UI E2E (Playwright)	Install Admin Dependencies	2025-12-29T05:16:25.5329333Z  + anyio==4.12.0
Admin UI E2E (Playwright)	Install Admin Dependencies	2025-12-29T05:16:25.5329730Z  + asyncpg==0.31.0
Admin UI E2E (Playwright)	Install Admin Dependencies	2025-12-29T05:16:25.5330118Z  + attrs==25.4.0
Admin UI E2E (Playwright)	Install Admin Dependencies	2025-12-29T05:16:25.5330496Z  + bcrypt==4.0.1
Admin UI E2E (Playwright)	Install Admin Dependencies	2025-12-29T05:16:25.5330879Z  + casbin==1.43.0
Admin UI E2E (Playwright)	Install Admin Dependencies	2025-12-29T05:16:25.5331308Z  + certifi==2025.11.12
Admin UI E2E (Playwright)	Install Admin Dependencies	2025-12-29T05:16:25.5331748Z  + cffi==2.0.0
Admin UI E2E (Playwright)	Install Admin Dependencies	2025-12-29T05:16:25.5332216Z  + charset-normalizer==3.4.4
Admin UI E2E (Playwright)	Install Admin Dependencies	2025-12-29T05:16:25.5332842Z  + click==8.3.1
Admin UI E2E (Playwright)	Install Admin Dependencies	2025-12-29T05:16:25.5333237Z  + dnspython==2.8.0
Admin UI E2E (Playwright)	Install Admin Dependencies	2025-12-29T05:16:25.5333859Z  + email-validator==2.3.0
Admin UI E2E (Playwright)	Install Admin Dependencies	2025-12-29T05:16:25.5334431Z  + fastapi==0.109.2
Admin UI E2E (Playwright)	Install Admin Dependencies	2025-12-29T05:16:25.5335009Z  + fastapi-amis-admin==0.7.3
Admin UI E2E (Playwright)	Install Admin Dependencies	2025-12-29T05:16:25.5335477Z  + fastapi-user-auth==0.7.3
Admin UI E2E (Playwright)	Install Admin Dependencies	2025-12-29T05:16:25.5336003Z  + frozenlist==1.8.0
Admin UI E2E (Playwright)	Install Admin Dependencies	2025-12-29T05:16:25.5336396Z  + greenlet==3.3.0
Admin UI E2E (Playwright)	Install Admin Dependencies	2025-12-29T05:16:25.5336769Z  + h11==0.16.0
Admin UI E2E (Playwright)	Install Admin Dependencies	2025-12-29T05:16:25.5337115Z  + httpcore==1.0.9
Admin UI E2E (Playwright)	Install Admin Dependencies	2025-12-29T05:16:25.5337495Z  + httptools==0.7.1
Admin UI E2E (Playwright)	Install Admin Dependencies	2025-12-29T05:16:25.5337875Z  + httpx==0.28.1
Admin UI E2E (Playwright)	Install Admin Dependencies	2025-12-29T05:16:25.5338240Z  + idna==3.11
Admin UI E2E (Playwright)	Install Admin Dependencies	2025-12-29T05:16:25.5338607Z  + iniconfig==2.3.0
Admin UI E2E (Playwright)	Install Admin Dependencies	2025-12-29T05:16:25.5338990Z  + loguru==0.7.3
Admin UI E2E (Playwright)	Install Admin Dependencies	2025-12-29T05:16:25.5339360Z  + multidict==6.7.0
Admin UI E2E (Playwright)	Install Admin Dependencies	2025-12-29T05:16:25.5339699Z  + numpy==2.4.0
Admin UI E2E (Playwright)	Install Admin Dependencies	2025-12-29T05:16:25.5340009Z  + packaging==25.0
Admin UI E2E (Playwright)	Install Admin Dependencies	2025-12-29T05:16:25.5340346Z  + pandas==2.3.3
Admin UI E2E (Playwright)	Install Admin Dependencies	2025-12-29T05:16:25.5340663Z  + passlib==1.7.4
Admin UI E2E (Playwright)	Install Admin Dependencies	2025-12-29T05:16:25.5340983Z  + playwright==1.57.0
Admin UI E2E (Playwright)	Install Admin Dependencies	2025-12-29T05:16:25.5341332Z  + pluggy==1.6.0
Admin UI E2E (Playwright)	Install Admin Dependencies	2025-12-29T05:16:25.5341647Z  + propcache==0.4.1
Admin UI E2E (Playwright)	Install Admin Dependencies	2025-12-29T05:16:25.5341993Z  + psycopg2-binary==2.9.11
Admin UI E2E (Playwright)	Install Admin Dependencies	2025-12-29T05:16:25.5342359Z  + pycparser==2.23
Admin UI E2E (Playwright)	Install Admin Dependencies	2025-12-29T05:16:25.5342679Z  + pydantic==2.9.2
Admin UI E2E (Playwright)	Install Admin Dependencies	2025-12-29T05:16:25.5343002Z  + pydantic-core==2.23.4
Admin UI E2E (Playwright)	Install Admin Dependencies	2025-12-29T05:16:25.5343374Z  + pydantic-settings==2.12.0
Admin UI E2E (Playwright)	Install Admin Dependencies	2025-12-29T05:16:25.5343761Z  + pyee==13.0.0
Admin UI E2E (Playwright)	Install Admin Dependencies	2025-12-29T05:16:25.5344071Z  + pygments==2.19.2
Admin UI E2E (Playwright)	Install Admin Dependencies	2025-12-29T05:16:25.5344384Z  + pynacl==1.6.1
Admin UI E2E (Playwright)	Install Admin Dependencies	2025-12-29T05:16:25.5344829Z  + pytest==9.0.2
Admin UI E2E (Playwright)	Install Admin Dependencies	2025-12-29T05:16:25.5345150Z  + pytest-asyncio==1.3.0
Admin UI E2E (Playwright)	Install Admin Dependencies	2025-12-29T05:16:25.5345520Z  + pytest-base-url==2.1.0
Admin UI E2E (Playwright)	Install Admin Dependencies	2025-12-29T05:16:25.5345897Z  + pytest-playwright==0.7.2
Admin UI E2E (Playwright)	Install Admin Dependencies	2025-12-29T05:16:25.5346291Z  + python-dateutil==2.9.0.post0
Admin UI E2E (Playwright)	Install Admin Dependencies	2025-12-29T05:16:25.5346684Z  + python-dotenv==1.2.1
Admin UI E2E (Playwright)	Install Admin Dependencies	2025-12-29T05:16:25.5347041Z  + python-multipart==0.0.21
Admin UI E2E (Playwright)	Install Admin Dependencies	2025-12-29T05:16:25.5347740Z  + python-slugify==8.0.4
Admin UI E2E (Playwright)	Install Admin Dependencies	2025-12-29T05:16:25.5348117Z  + python-ulid==3.1.0
Admin UI E2E (Playwright)	Install Admin Dependencies	2025-12-29T05:16:25.5348651Z  + pytz==2025.2
Admin UI E2E (Playwright)	Install Admin Dependencies	2025-12-29T05:16:25.5348965Z  + pyyaml==6.0.3
Admin UI E2E (Playwright)	Install Admin Dependencies	2025-12-29T05:16:25.5349279Z  + requests==2.32.5
Admin UI E2E (Playwright)	Install Admin Dependencies	2025-12-29T05:16:25.5349598Z  + simpleeval==1.0.3
Admin UI E2E (Playwright)	Install Admin Dependencies	2025-12-29T05:16:25.5349877Z  + six==1.17.0
Admin UI E2E (Playwright)	Install Admin Dependencies	2025-12-29T05:16:25.5350156Z  + sqlalchemy==2.0.45
Admin UI E2E (Playwright)	Install Admin Dependencies	2025-12-29T05:16:25.5350477Z  + sqlalchemy-database==0.1.2
Admin UI E2E (Playwright)	Install Admin Dependencies	2025-12-29T05:16:25.5350826Z  + sqlmodel==0.0.16
Admin UI E2E (Playwright)	Install Admin Dependencies	2025-12-29T05:16:25.5351103Z  + starlette==0.36.3
Admin UI E2E (Playwright)	Install Admin Dependencies	2025-12-29T05:16:25.5351383Z  + taos-ws-py==0.6.3
Admin UI E2E (Playwright)	Install Admin Dependencies	2025-12-29T05:16:25.5351666Z  + text-unidecode==1.3
Admin UI E2E (Playwright)	Install Admin Dependencies	2025-12-29T05:16:25.5351972Z  + typing-extensions==4.15.0
Admin UI E2E (Playwright)	Install Admin Dependencies	2025-12-29T05:16:25.5352317Z  + typing-inspection==0.4.2
Admin UI E2E (Playwright)	Install Admin Dependencies	2025-12-29T05:16:25.5352625Z  + tzdata==2025.3
Admin UI E2E (Playwright)	Install Admin Dependencies	2025-12-29T05:16:25.5352896Z  + urllib3==2.6.2
Admin UI E2E (Playwright)	Install Admin Dependencies	2025-12-29T05:16:25.5353160Z  + uvicorn==0.40.0
Admin UI E2E (Playwright)	Install Admin Dependencies	2025-12-29T05:16:25.5353447Z  + uvloop==0.22.1
Admin UI E2E (Playwright)	Install Admin Dependencies	2025-12-29T05:16:25.5353730Z  + watchfiles==1.1.1
Admin UI E2E (Playwright)	Install Admin Dependencies	2025-12-29T05:16:25.5354041Z  + websocket-client==1.9.0
Admin UI E2E (Playwright)	Install Admin Dependencies	2025-12-29T05:16:25.5354362Z  + websockets==15.0.1
Admin UI E2E (Playwright)	Install Admin Dependencies	2025-12-29T05:16:25.5354646Z  + yarl==1.22.0
Admin UI E2E (Playwright)	Install Admin Dependencies	2025-12-29T05:16:26.1052287Z Installing dependencies...
Admin UI E2E (Playwright)	Install Admin Dependencies	2025-12-29T05:16:26.1123087Z Switching to root user to install dependencies...
Admin UI E2E (Playwright)	Install Admin Dependencies	2025-12-29T05:16:26.1934894Z Get:1 file:/etc/apt/apt-mirrors.txt Mirrorlist [144 B]
Admin UI E2E (Playwright)	Install Admin Dependencies	2025-12-29T05:16:26.2265641Z Hit:2 http://azure.archive.ubuntu.com/ubuntu noble InRelease
Admin UI E2E (Playwright)	Install Admin Dependencies	2025-12-29T05:16:26.2315535Z Get:3 http://azure.archive.ubuntu.com/ubuntu noble-updates InRelease [126 kB]
Admin UI E2E (Playwright)	Install Admin Dependencies	2025-12-29T05:16:26.2356170Z Get:4 http://azure.archive.ubuntu.com/ubuntu noble-backports InRelease [126 kB]
Admin UI E2E (Playwright)	Install Admin Dependencies	2025-12-29T05:16:26.2390451Z Get:5 http://azure.archive.ubuntu.com/ubuntu noble-security InRelease [126 kB]
Admin UI E2E (Playwright)	Install Admin Dependencies	2025-12-29T05:16:26.3644144Z Get:6 http://azure.archive.ubuntu.com/ubuntu noble-updates/main amd64 Packages [1684 kB]
Admin UI E2E (Playwright)	Install Admin Dependencies	2025-12-29T05:16:26.3821271Z Hit:22 https://packages.microsoft.com/repos/azure-cli noble InRelease
Admin UI E2E (Playwright)	Install Admin Dependencies	2025-12-29T05:16:26.3822916Z Get:7 http://azure.archive.ubuntu.com/ubuntu noble-updates/main Translation-en [311 kB]
Admin UI E2E (Playwright)	Install Admin Dependencies	2025-12-29T05:16:26.3855398Z Get:8 http://azure.archive.ubuntu.com/ubuntu noble-updates/main amd64 Components [175 kB]
Admin UI E2E (Playwright)	Install Admin Dependencies	2025-12-29T05:16:26.3879204Z Get:9 http://azure.archive.ubuntu.com/ubuntu noble-updates/main amd64 c-n-f Metadata [15.8 kB]
Admin UI E2E (Playwright)	Install Admin Dependencies	2025-12-29T05:16:26.3884359Z Get:23 https://packages.microsoft.com/ubuntu/24.04/prod noble InRelease [3600 B]
Admin UI E2E (Playwright)	Install Admin Dependencies	2025-12-29T05:16:26.3899749Z Get:10 http://azure.archive.ubuntu.com/ubuntu noble-updates/universe amd64 Packages [1506 kB]
Admin UI E2E (Playwright)	Install Admin Dependencies	2025-12-29T05:16:26.3986534Z Get:11 http://azure.archive.ubuntu.com/ubuntu noble-updates/universe Translation-en [306 kB]
Admin UI E2E (Playwright)	Install Admin Dependencies	2025-12-29T05:16:26.4011727Z Get:12 http://azure.archive.ubuntu.com/ubuntu noble-updates/universe amd64 Components [378 kB]
Admin UI E2E (Playwright)	Install Admin Dependencies	2025-12-29T05:16:26.4041334Z Get:13 http://azure.archive.ubuntu.com/ubuntu noble-updates/universe amd64 c-n-f Metadata [31.4 kB]
Admin UI E2E (Playwright)	Install Admin Dependencies	2025-12-29T05:16:26.4057295Z Get:14 http://azure.archive.ubuntu.com/ubuntu noble-updates/restricted amd64 Packages [2413 kB]
Admin UI E2E (Playwright)	Install Admin Dependencies	2025-12-29T05:16:26.4178619Z Get:15 http://azure.archive.ubuntu.com/ubuntu noble-updates/restricted Translation-en [550 kB]
Admin UI E2E (Playwright)	Install Admin Dependencies	2025-12-29T05:16:26.4668207Z Get:16 http://azure.archive.ubuntu.com/ubuntu noble-updates/restricted amd64 Components [212 B]
Admin UI E2E (Playwright)	Install Admin Dependencies	2025-12-29T05:16:26.4677703Z Get:17 http://azure.archive.ubuntu.com/ubuntu noble-updates/restricted amd64 c-n-f Metadata [516 B]
Admin UI E2E (Playwright)	Install Admin Dependencies	2025-12-29T05:16:26.4691434Z Get:18 http://azure.archive.ubuntu.com/ubuntu noble-updates/multiverse amd64 Packages [30.3 kB]
Admin UI E2E (Playwright)	Install Admin Dependencies	2025-12-29T05:16:26.4705616Z Get:19 http://azure.archive.ubuntu.com/ubuntu noble-updates/multiverse Translation-en [6048 B]
Admin UI E2E (Playwright)	Install Admin Dependencies	2025-12-29T05:16:26.4750508Z Get:20 http://azure.archive.ubuntu.com/ubuntu noble-updates/multiverse amd64 Components [940 B]
Admin UI E2E (Playwright)	Install Admin Dependencies	2025-12-29T05:16:26.4752024Z Get:21 http://azure.archive.ubuntu.com/ubuntu noble-updates/multiverse amd64 c-n-f Metadata [488 B]
Admin UI E2E (Playwright)	Install Admin Dependencies	2025-12-29T05:16:26.4753440Z Get:24 http://azure.archive.ubuntu.com/ubuntu noble-backports/main amd64 Packages [40.4 kB]
Admin UI E2E (Playwright)	Install Admin Dependencies	2025-12-29T05:16:26.4758826Z Get:25 http://azure.archive.ubuntu.com/ubuntu noble-backports/main amd64 Components [7300 B]
Admin UI E2E (Playwright)	Install Admin Dependencies	2025-12-29T05:16:26.4775548Z Get:26 http://azure.archive.ubuntu.com/ubuntu noble-backports/main amd64 c-n-f Metadata [368 B]
Admin UI E2E (Playwright)	Install Admin Dependencies	2025-12-29T05:16:26.4788196Z Get:27 http://azure.archive.ubuntu.com/ubuntu noble-backports/universe amd64 Packages [29.5 kB]
Admin UI E2E (Playwright)	Install Admin Dependencies	2025-12-29T05:16:26.4801188Z Get:28 http://azure.archive.ubuntu.com/ubuntu noble-backports/universe Translation-en [17.9 kB]
Admin UI E2E (Playwright)	Install Admin Dependencies	2025-12-29T05:16:26.4815308Z Get:29 http://azure.archive.ubuntu.com/ubuntu noble-backports/universe amd64 Components [10.5 kB]
Admin UI E2E (Playwright)	Install Admin Dependencies	2025-12-29T05:16:26.4831322Z Get:30 http://azure.archive.ubuntu.com/ubuntu noble-backports/universe amd64 c-n-f Metadata [1444 B]
Admin UI E2E (Playwright)	Install Admin Dependencies	2025-12-29T05:16:26.4841143Z Get:31 http://azure.archive.ubuntu.com/ubuntu noble-backports/restricted amd64 Components [216 B]
Admin UI E2E (Playwright)	Install Admin Dependencies	2025-12-29T05:16:26.5325561Z Get:32 http://azure.archive.ubuntu.com/ubuntu noble-backports/multiverse amd64 Components [212 B]
Admin UI E2E (Playwright)	Install Admin Dependencies	2025-12-29T05:16:26.5336808Z Get:33 http://azure.archive.ubuntu.com/ubuntu noble-security/main Translation-en [225 kB]
Admin UI E2E (Playwright)	Install Admin Dependencies	2025-12-29T05:16:26.5362943Z Get:34 http://azure.archive.ubuntu.com/ubuntu noble-security/main amd64 Components [21.5 kB]
Admin UI E2E (Playwright)	Install Admin Dependencies	2025-12-29T05:16:26.5409608Z Get:35 http://azure.archive.ubuntu.com/ubuntu noble-security/main amd64 c-n-f Metadata [9504 B]
Admin UI E2E (Playwright)	Install Admin Dependencies	2025-12-29T05:16:26.5421658Z Get:36 http://azure.archive.ubuntu.com/ubuntu noble-security/universe amd64 Components [71.5 kB]
Admin UI E2E (Playwright)	Install Admin Dependencies	2025-12-29T05:16:26.5438269Z Get:37 http://azure.archive.ubuntu.com/ubuntu noble-security/restricted amd64 Components [212 B]
Admin UI E2E (Playwright)	Install Admin Dependencies	2025-12-29T05:16:26.5450435Z Get:38 http://azure.archive.ubuntu.com/ubuntu noble-security/multiverse amd64 Components [212 B]
Admin UI E2E (Playwright)	Install Admin Dependencies	2025-12-29T05:16:26.5759162Z Get:39 https://packages.microsoft.com/ubuntu/24.04/prod noble/main amd64 Packages [77.3 kB]
Admin UI E2E (Playwright)	Install Admin Dependencies	2025-12-29T05:16:26.5935319Z Get:40 https://packages.microsoft.com/ubuntu/24.04/prod noble/main arm64 Packages [58.9 kB]
Admin UI E2E (Playwright)	Install Admin Dependencies	2025-12-29T05:16:26.6072873Z Get:41 https://packages.microsoft.com/ubuntu/24.04/prod noble/main armhf Packages [11.4 kB]
Admin UI E2E (Playwright)	Install Admin Dependencies	2025-12-29T05:16:35.0478917Z Fetched 8375 kB in 1s (7944 kB/s)
Admin UI E2E (Playwright)	Install Admin Dependencies	2025-12-29T05:16:35.8243107Z Reading package lists...
Admin UI E2E (Playwright)	Install Admin Dependencies	2025-12-29T05:16:35.8510690Z Reading package lists...
Admin UI E2E (Playwright)	Install Admin Dependencies	2025-12-29T05:16:36.0771145Z Building dependency tree...
Admin UI E2E (Playwright)	Install Admin Dependencies	2025-12-29T05:16:36.0778404Z Reading state information...
Admin UI E2E (Playwright)	Install Admin Dependencies	2025-12-29T05:16:36.3063053Z libasound2t64 is already the newest version (1.2.11-1ubuntu0.1).
Admin UI E2E (Playwright)	Install Admin Dependencies	2025-12-29T05:16:36.3063992Z libasound2t64 set to manually installed.
Admin UI E2E (Playwright)	Install Admin Dependencies	2025-12-29T05:16:36.3065117Z libatk-bridge2.0-0t64 is already the newest version (2.52.0-1build1).
Admin UI E2E (Playwright)	Install Admin Dependencies	2025-12-29T05:16:36.3065975Z libatk-bridge2.0-0t64 set to manually installed.
Admin UI E2E (Playwright)	Install Admin Dependencies	2025-12-29T05:16:36.3066775Z libatk1.0-0t64 is already the newest version (2.52.0-1build1).
Admin UI E2E (Playwright)	Install Admin Dependencies	2025-12-29T05:16:36.3067321Z libatk1.0-0t64 set to manually installed.
Admin UI E2E (Playwright)	Install Admin Dependencies	2025-12-29T05:16:36.3067833Z libatspi2.0-0t64 is already the newest version (2.52.0-1build1).
Admin UI E2E (Playwright)	Install Admin Dependencies	2025-12-29T05:16:36.3068341Z libatspi2.0-0t64 set to manually installed.
Admin UI E2E (Playwright)	Install Admin Dependencies	2025-12-29T05:16:36.3068839Z libcairo2 is already the newest version (1.18.0-3build1).
Admin UI E2E (Playwright)	Install Admin Dependencies	2025-12-29T05:16:36.3069301Z libcairo2 set to manually installed.
Admin UI E2E (Playwright)	Install Admin Dependencies	2025-12-29T05:16:36.3069787Z libcups2t64 is already the newest version (2.4.7-1.2ubuntu7.9).
Admin UI E2E (Playwright)	Install Admin Dependencies	2025-12-29T05:16:36.3070329Z libcups2t64 set to manually installed.
Admin UI E2E (Playwright)	Install Admin Dependencies	2025-12-29T05:16:36.3071054Z libdbus-1-3 is already the newest version (1.14.10-4ubuntu4.1).
Admin UI E2E (Playwright)	Install Admin Dependencies	2025-12-29T05:16:36.3071653Z libdbus-1-3 set to manually installed.
Admin UI E2E (Playwright)	Install Admin Dependencies	2025-12-29T05:16:36.3072103Z libdrm2 is already the newest version (2.4.122-1~ubuntu0.24.04.2).
Admin UI E2E (Playwright)	Install Admin Dependencies	2025-12-29T05:16:36.3072506Z libdrm2 set to manually installed.
Admin UI E2E (Playwright)	Install Admin Dependencies	2025-12-29T05:16:36.3072871Z libgbm1 is already the newest version (25.0.7-0ubuntu0.24.04.2).
Admin UI E2E (Playwright)	Install Admin Dependencies	2025-12-29T05:16:36.3073253Z libgbm1 set to manually installed.
Admin UI E2E (Playwright)	Install Admin Dependencies	2025-12-29T05:16:36.3073602Z libnspr4 is already the newest version (2:4.35-1.1build1).
Admin UI E2E (Playwright)	Install Admin Dependencies	2025-12-29T05:16:36.3073974Z libnspr4 set to manually installed.
Admin UI E2E (Playwright)	Install Admin Dependencies	2025-12-29T05:16:36.3074318Z libnss3 is already the newest version (2:3.98-1build1).
Admin UI E2E (Playwright)	Install Admin Dependencies	2025-12-29T05:16:36.3075625Z libnss3 set to manually installed.
Admin UI E2E (Playwright)	Install Admin Dependencies	2025-12-29T05:16:36.3075999Z libpango-1.0-0 is already the newest version (1.52.1+ds-1build1).
Admin UI E2E (Playwright)	Install Admin Dependencies	2025-12-29T05:16:36.3076550Z libpango-1.0-0 set to manually installed.
Admin UI E2E (Playwright)	Install Admin Dependencies	2025-12-29T05:16:36.3076916Z libx11-6 is already the newest version (2:1.8.7-1build1).
Admin UI E2E (Playwright)	Install Admin Dependencies	2025-12-29T05:16:36.3077278Z libx11-6 set to manually installed.
Admin UI E2E (Playwright)	Install Admin Dependencies	2025-12-29T05:16:36.3077614Z libxcb1 is already the newest version (1.15-1ubuntu2).
Admin UI E2E (Playwright)	Install Admin Dependencies	2025-12-29T05:16:36.3078103Z libxcb1 set to manually installed.
Admin UI E2E (Playwright)	Install Admin Dependencies	2025-12-29T05:16:36.3078580Z libxcomposite1 is already the newest version (1:0.4.5-1build3).
Admin UI E2E (Playwright)	Install Admin Dependencies	2025-12-29T05:16:36.3078995Z libxcomposite1 set to manually installed.
Admin UI E2E (Playwright)	Install Admin Dependencies	2025-12-29T05:16:36.3079377Z libxdamage1 is already the newest version (1:1.1.6-1build1).
Admin UI E2E (Playwright)	Install Admin Dependencies	2025-12-29T05:16:36.3079755Z libxdamage1 set to manually installed.
Admin UI E2E (Playwright)	Install Admin Dependencies	2025-12-29T05:16:36.3080111Z libxext6 is already the newest version (2:1.3.4-1build2).
Admin UI E2E (Playwright)	Install Admin Dependencies	2025-12-29T05:16:36.3080466Z libxext6 set to manually installed.
Admin UI E2E (Playwright)	Install Admin Dependencies	2025-12-29T05:16:36.3080824Z libxfixes3 is already the newest version (1:6.0.0-2build1).
Admin UI E2E (Playwright)	Install Admin Dependencies	2025-12-29T05:16:36.3081203Z libxfixes3 set to manually installed.
Admin UI E2E (Playwright)	Install Admin Dependencies	2025-12-29T05:16:36.3081581Z libxkbcommon0 is already the newest version (1.6.0-1build1).
Admin UI E2E (Playwright)	Install Admin Dependencies	2025-12-29T05:16:36.3081968Z libxkbcommon0 set to manually installed.
Admin UI E2E (Playwright)	Install Admin Dependencies	2025-12-29T05:16:36.3082288Z libxrandr2 is already the newest version (2:1.5.2-2build1).
Admin UI E2E (Playwright)	Install Admin Dependencies	2025-12-29T05:16:36.3082595Z libxrandr2 set to manually installed.
Admin UI E2E (Playwright)	Install Admin Dependencies	2025-12-29T05:16:36.3082901Z xvfb is already the newest version (2:21.1.12-1ubuntu1.5).
Admin UI E2E (Playwright)	Install Admin Dependencies	2025-12-29T05:16:36.3083352Z fonts-noto-color-emoji is already the newest version (2.047-0ubuntu0.24.04.1).
Admin UI E2E (Playwright)	Install Admin Dependencies	2025-12-29T05:16:36.3083806Z libfontconfig1 is already the newest version (2.15.0-1.1ubuntu2).
Admin UI E2E (Playwright)	Install Admin Dependencies	2025-12-29T05:16:36.3084155Z libfontconfig1 set to manually installed.
Admin UI E2E (Playwright)	Install Admin Dependencies	2025-12-29T05:16:36.3084492Z libfreetype6 is already the newest version (2.13.2+dfsg-1build3).
Admin UI E2E (Playwright)	Install Admin Dependencies	2025-12-29T05:16:36.3085027Z libfreetype6 set to manually installed.
Admin UI E2E (Playwright)	Install Admin Dependencies	2025-12-29T05:16:36.3085359Z fonts-liberation is already the newest version (1:2.1.5-3).
Admin UI E2E (Playwright)	Install Admin Dependencies	2025-12-29T05:16:36.3085688Z fonts-liberation set to manually installed.
Admin UI E2E (Playwright)	Install Admin Dependencies	2025-12-29T05:16:36.3086011Z The following additional packages will be installed:
Admin UI E2E (Playwright)	Install Admin Dependencies	2025-12-29T05:16:36.3086432Z   gir1.2-glib-2.0 libglib2.0-bin libglib2.0-data xfonts-encodings xfonts-utils
Admin UI E2E (Playwright)	Install Admin Dependencies	2025-12-29T05:16:36.3086784Z Suggested packages:
Admin UI E2E (Playwright)	Install Admin Dependencies	2025-12-29T05:16:36.3086984Z   low-memory-monitor
Admin UI E2E (Playwright)	Install Admin Dependencies	2025-12-29T05:16:36.3087184Z Recommended packages:
Admin UI E2E (Playwright)	Install Admin Dependencies	2025-12-29T05:16:36.3087411Z   fonts-ipafont-mincho fonts-tlwg-loma
Admin UI E2E (Playwright)	Install Admin Dependencies	2025-12-29T05:16:36.3346289Z The following NEW packages will be installed:
Admin UI E2E (Playwright)	Install Admin Dependencies	2025-12-29T05:16:36.3346812Z   fonts-freefont-ttf fonts-ipafont-gothic fonts-tlwg-loma-otf fonts-unifont
Admin UI E2E (Playwright)	Install Admin Dependencies	2025-12-29T05:16:36.3359647Z   fonts-wqy-zenhei xfonts-cyrillic xfonts-encodings xfonts-scalable
Admin UI E2E (Playwright)	Install Admin Dependencies	2025-12-29T05:16:36.3360067Z   xfonts-utils
Admin UI E2E (Playwright)	Install Admin Dependencies	2025-12-29T05:16:36.3366244Z The following packages will be upgraded:
Admin UI E2E (Playwright)	Install Admin Dependencies	2025-12-29T05:16:36.3375844Z   gir1.2-glib-2.0 libglib2.0-0t64 libglib2.0-bin libglib2.0-data
Admin UI E2E (Playwright)	Install Admin Dependencies	2025-12-29T05:16:36.3571574Z 4 upgraded, 9 newly installed, 0 to remove and 65 not upgraded.
Admin UI E2E (Playwright)	Install Admin Dependencies	2025-12-29T05:16:36.3572258Z Need to get 23.0 MB of archives.
Admin UI E2E (Playwright)	Install Admin Dependencies	2025-12-29T05:16:36.3572869Z After this operation, 79.5 MB of additional disk space will be used.
Admin UI E2E (Playwright)	Install Admin Dependencies	2025-12-29T05:16:36.3573521Z Get:1 file:/etc/apt/apt-mirrors.txt Mirrorlist [144 B]
Admin UI E2E (Playwright)	Install Admin Dependencies	2025-12-29T05:16:36.4102594Z Get:2 http://azure.archive.ubuntu.com/ubuntu noble/universe amd64 fonts-ipafont-gothic all 00303-21ubuntu1 [3513 kB]
Admin UI E2E (Playwright)	Install Admin Dependencies	2025-12-29T05:16:36.6446109Z Get:3 http://azure.archive.ubuntu.com/ubuntu noble-updates/main amd64 libglib2.0-data all 2.80.0-6ubuntu3.5 [48.8 kB]
Admin UI E2E (Playwright)	Install Admin Dependencies	2025-12-29T05:16:36.6744358Z Get:4 http://azure.archive.ubuntu.com/ubuntu noble-updates/main amd64 libglib2.0-bin amd64 2.80.0-6ubuntu3.5 [97.9 kB]
Admin UI E2E (Playwright)	Install Admin Dependencies	2025-12-29T05:16:36.7071705Z Get:5 http://azure.archive.ubuntu.com/ubuntu noble-updates/main amd64 gir1.2-glib-2.0 amd64 2.80.0-6ubuntu3.5 [183 kB]
Admin UI E2E (Playwright)	Install Admin Dependencies	2025-12-29T05:16:36.7381689Z Get:6 http://azure.archive.ubuntu.com/ubuntu noble-updates/main amd64 libglib2.0-0t64 amd64 2.80.0-6ubuntu3.5 [1544 kB]
Admin UI E2E (Playwright)	Install Admin Dependencies	2025-12-29T05:16:36.7803883Z Get:7 http://azure.archive.ubuntu.com/ubuntu noble/main amd64 fonts-freefont-ttf all 20211204+svn4273-2 [5641 kB]
Admin UI E2E (Playwright)	Install Admin Dependencies	2025-12-29T05:16:36.8653181Z Get:8 http://azure.archive.ubuntu.com/ubuntu noble/universe amd64 fonts-tlwg-loma-otf all 1:0.7.3-1 [107 kB]
Admin UI E2E (Playwright)	Install Admin Dependencies	2025-12-29T05:16:36.8952489Z Get:9 http://azure.archive.ubuntu.com/ubuntu noble/universe amd64 fonts-unifont all 1:15.1.01-1build1 [2993 kB]
Admin UI E2E (Playwright)	Install Admin Dependencies	2025-12-29T05:16:36.9564926Z Get:10 http://azure.archive.ubuntu.com/ubuntu noble/universe amd64 fonts-wqy-zenhei all 0.9.45-8 [7472 kB]
Admin UI E2E (Playwright)	Install Admin Dependencies	2025-12-29T05:16:37.1150156Z Get:11 http://azure.archive.ubuntu.com/ubuntu noble/main amd64 xfonts-encodings all 1:1.0.5-0ubuntu2 [578 kB]
Admin UI E2E (Playwright)	Install Admin Dependencies	2025-12-29T05:16:37.1532303Z Get:12 http://azure.archive.ubuntu.com/ubuntu noble/main amd64 xfonts-utils amd64 1:7.7+6build3 [94.4 kB]
Admin UI E2E (Playwright)	Install Admin Dependencies	2025-12-29T05:16:37.1852699Z Get:13 http://azure.archive.ubuntu.com/ubuntu noble/universe amd64 xfonts-cyrillic all 1:1.0.5+nmu1 [384 kB]
Admin UI E2E (Playwright)	Install Admin Dependencies	2025-12-29T05:16:37.2218348Z Get:14 http://azure.archive.ubuntu.com/ubuntu noble/main amd64 xfonts-scalable all 1:1.0.3-1.3 [304 kB]
Admin UI E2E (Playwright)	Install Admin Dependencies	2025-12-29T05:16:37.5104246Z Fetched 23.0 MB in 1s (26.1 MB/s)
Admin UI E2E (Playwright)	Install Admin Dependencies	2025-12-29T05:16:37.5354113Z Selecting previously unselected package fonts-ipafont-gothic.
Admin UI E2E (Playwright)	Install Admin Dependencies	2025-12-29T05:16:37.5740396Z (Reading database ... 
Admin UI E2E (Playwright)	Install Admin Dependencies	2025-12-29T05:16:37.5740906Z (Reading database ... 5%
Admin UI E2E (Playwright)	Install Admin Dependencies	2025-12-29T05:16:37.5741301Z (Reading database ... 10%
Admin UI E2E (Playwright)	Install Admin Dependencies	2025-12-29T05:16:37.5741659Z (Reading database ... 15%
Admin UI E2E (Playwright)	Install Admin Dependencies	2025-12-29T05:16:37.5742003Z (Reading database ... 20%
Admin UI E2E (Playwright)	Install Admin Dependencies	2025-12-29T05:16:37.5742220Z (Reading database ... 25%
Admin UI E2E (Playwright)	Install Admin Dependencies	2025-12-29T05:16:37.5742425Z (Reading database ... 30%
Admin UI E2E (Playwright)	Install Admin Dependencies	2025-12-29T05:16:37.5742626Z (Reading database ... 35%
Admin UI E2E (Playwright)	Install Admin Dependencies	2025-12-29T05:16:37.5742837Z (Reading database ... 40%
Admin UI E2E (Playwright)	Install Admin Dependencies	2025-12-29T05:16:37.5743044Z (Reading database ... 45%
Admin UI E2E (Playwright)	Install Admin Dependencies	2025-12-29T05:16:37.5743250Z (Reading database ... 50%
Admin UI E2E (Playwright)	Install Admin Dependencies	2025-12-29T05:16:37.5849243Z (Reading database ... 55%
Admin UI E2E (Playwright)	Install Admin Dependencies	2025-12-29T05:16:37.7138026Z (Reading database ... 60%
Admin UI E2E (Playwright)	Install Admin Dependencies	2025-12-29T05:16:37.8117728Z (Reading database ... 65%
Admin UI E2E (Playwright)	Install Admin Dependencies	2025-12-29T05:16:37.8701679Z (Reading database ... 70%
Admin UI E2E (Playwright)	Install Admin Dependencies	2025-12-29T05:16:37.9349626Z (Reading database ... 75%
Admin UI E2E (Playwright)	Install Admin Dependencies	2025-12-29T05:16:38.0816019Z (Reading database ... 80%
Admin UI E2E (Playwright)	Install Admin Dependencies	2025-12-29T05:16:38.2600518Z (Reading database ... 85%
Admin UI E2E (Playwright)	Install Admin Dependencies	2025-12-29T05:16:38.4474279Z (Reading database ... 90%
Admin UI E2E (Playwright)	Install Admin Dependencies	2025-12-29T05:16:38.5768487Z (Reading database ... 95%
Admin UI E2E (Playwright)	Install Admin Dependencies	2025-12-29T05:16:38.5768982Z (Reading database ... 100%
Admin UI E2E (Playwright)	Install Admin Dependencies	2025-12-29T05:16:38.5769415Z (Reading database ... 217374 files and directories currently installed.)
Admin UI E2E (Playwright)	Install Admin Dependencies	2025-12-29T05:16:38.5812914Z Preparing to unpack .../00-fonts-ipafont-gothic_00303-21ubuntu1_all.deb ...
Admin UI E2E (Playwright)	Install Admin Dependencies	2025-12-29T05:16:38.5904873Z Unpacking fonts-ipafont-gothic (00303-21ubuntu1) ...
Admin UI E2E (Playwright)	Install Admin Dependencies	2025-12-29T05:16:38.8383718Z Preparing to unpack .../01-libglib2.0-data_2.80.0-6ubuntu3.5_all.deb ...
Admin UI E2E (Playwright)	Install Admin Dependencies	2025-12-29T05:16:38.8423363Z Unpacking libglib2.0-data (2.80.0-6ubuntu3.5) over (2.80.0-6ubuntu3.4) ...
Admin UI E2E (Playwright)	Install Admin Dependencies	2025-12-29T05:16:38.8852630Z Preparing to unpack .../02-libglib2.0-bin_2.80.0-6ubuntu3.5_amd64.deb ...
Admin UI E2E (Playwright)	Install Admin Dependencies	2025-12-29T05:16:38.8892819Z Unpacking libglib2.0-bin (2.80.0-6ubuntu3.5) over (2.80.0-6ubuntu3.4) ...
Admin UI E2E (Playwright)	Install Admin Dependencies	2025-12-29T05:16:38.9493518Z Preparing to unpack .../03-gir1.2-glib-2.0_2.80.0-6ubuntu3.5_amd64.deb ...
Admin UI E2E (Playwright)	Install Admin Dependencies	2025-12-29T05:16:38.9529467Z Unpacking gir1.2-glib-2.0:amd64 (2.80.0-6ubuntu3.5) over (2.80.0-6ubuntu3.4) ...
Admin UI E2E (Playwright)	Install Admin Dependencies	2025-12-29T05:16:39.0015052Z Preparing to unpack .../04-libglib2.0-0t64_2.80.0-6ubuntu3.5_amd64.deb ...
Admin UI E2E (Playwright)	Install Admin Dependencies	2025-12-29T05:16:39.0115348Z Unpacking libglib2.0-0t64:amd64 (2.80.0-6ubuntu3.5) over (2.80.0-6ubuntu3.4) ...
Admin UI E2E (Playwright)	Install Admin Dependencies	2025-12-29T05:16:39.0610867Z Selecting previously unselected package fonts-freefont-ttf.
Admin UI E2E (Playwright)	Install Admin Dependencies	2025-12-29T05:16:39.0748943Z Preparing to unpack .../05-fonts-freefont-ttf_20211204+svn4273-2_all.deb ...
Admin UI E2E (Playwright)	Install Admin Dependencies	2025-12-29T05:16:39.0758830Z Unpacking fonts-freefont-ttf (20211204+svn4273-2) ...
Admin UI E2E (Playwright)	Install Admin Dependencies	2025-12-29T05:16:39.1707372Z Selecting previously unselected package fonts-tlwg-loma-otf.
Admin UI E2E (Playwright)	Install Admin Dependencies	2025-12-29T05:16:39.1839811Z Preparing to unpack .../06-fonts-tlwg-loma-otf_1%3a0.7.3-1_all.deb ...
Admin UI E2E (Playwright)	Install Admin Dependencies	2025-12-29T05:16:39.1852436Z Unpacking fonts-tlwg-loma-otf (1:0.7.3-1) ...
Admin UI E2E (Playwright)	Install Admin Dependencies	2025-12-29T05:16:39.2095152Z Selecting previously unselected package fonts-unifont.
Admin UI E2E (Playwright)	Install Admin Dependencies	2025-12-29T05:16:39.2227746Z Preparing to unpack .../07-fonts-unifont_1%3a15.1.01-1build1_all.deb ...
Admin UI E2E (Playwright)	Install Admin Dependencies	2025-12-29T05:16:39.2243829Z Unpacking fonts-unifont (1:15.1.01-1build1) ...
Admin UI E2E (Playwright)	Install Admin Dependencies	2025-12-29T05:16:39.3502519Z Selecting previously unselected package fonts-wqy-zenhei.
Admin UI E2E (Playwright)	Install Admin Dependencies	2025-12-29T05:16:39.3636537Z Preparing to unpack .../08-fonts-wqy-zenhei_0.9.45-8_all.deb ...
Admin UI E2E (Playwright)	Install Admin Dependencies	2025-12-29T05:16:39.3750103Z Unpacking fonts-wqy-zenhei (0.9.45-8) ...
Admin UI E2E (Playwright)	Install Admin Dependencies	2025-12-29T05:16:39.8465587Z Selecting previously unselected package xfonts-encodings.
Admin UI E2E (Playwright)	Install Admin Dependencies	2025-12-29T05:16:39.8599749Z Preparing to unpack .../09-xfonts-encodings_1%3a1.0.5-0ubuntu2_all.deb ...
Admin UI E2E (Playwright)	Install Admin Dependencies	2025-12-29T05:16:39.8620591Z Unpacking xfonts-encodings (1:1.0.5-0ubuntu2) ...
Admin UI E2E (Playwright)	Install Admin Dependencies	2025-12-29T05:16:39.8954838Z Selecting previously unselected package xfonts-utils.
Admin UI E2E (Playwright)	Install Admin Dependencies	2025-12-29T05:16:39.9088405Z Preparing to unpack .../10-xfonts-utils_1%3a7.7+6build3_amd64.deb ...
Admin UI E2E (Playwright)	Install Admin Dependencies	2025-12-29T05:16:39.9100429Z Unpacking xfonts-utils (1:7.7+6build3) ...
Admin UI E2E (Playwright)	Install Admin Dependencies	2025-12-29T05:16:39.9565945Z Selecting previously unselected package xfonts-cyrillic.
Admin UI E2E (Playwright)	Install Admin Dependencies	2025-12-29T05:16:39.9700949Z Preparing to unpack .../11-xfonts-cyrillic_1%3a1.0.5+nmu1_all.deb ...
Admin UI E2E (Playwright)	Install Admin Dependencies	2025-12-29T05:16:39.9711702Z Unpacking xfonts-cyrillic (1:1.0.5+nmu1) ...
Admin UI E2E (Playwright)	Install Admin Dependencies	2025-12-29T05:16:40.0111090Z Selecting previously unselected package xfonts-scalable.
Admin UI E2E (Playwright)	Install Admin Dependencies	2025-12-29T05:16:40.0248963Z Preparing to unpack .../12-xfonts-scalable_1%3a1.0.3-1.3_all.deb ...
Admin UI E2E (Playwright)	Install Admin Dependencies	2025-12-29T05:16:40.0260591Z Unpacking xfonts-scalable (1:1.0.3-1.3) ...
Admin UI E2E (Playwright)	Install Admin Dependencies	2025-12-29T05:16:40.0735223Z Setting up fonts-wqy-zenhei (0.9.45-8) ...
Admin UI E2E (Playwright)	Install Admin Dependencies	2025-12-29T05:16:40.0876739Z Setting up fonts-freefont-ttf (20211204+svn4273-2) ...
Admin UI E2E (Playwright)	Install Admin Dependencies	2025-12-29T05:16:40.0904145Z Setting up libglib2.0-0t64:amd64 (2.80.0-6ubuntu3.5) ...
Admin UI E2E (Playwright)	Install Admin Dependencies	2025-12-29T05:16:40.1214102Z Setting up libglib2.0-data (2.80.0-6ubuntu3.5) ...
Admin UI E2E (Playwright)	Install Admin Dependencies	2025-12-29T05:16:40.1241882Z Setting up fonts-tlwg-loma-otf (1:0.7.3-1) ...
Admin UI E2E (Playwright)	Install Admin Dependencies	2025-12-29T05:16:40.1277903Z Setting up xfonts-encodings (1:1.0.5-0ubuntu2) ...
Admin UI E2E (Playwright)	Install Admin Dependencies	2025-12-29T05:16:40.1313298Z Setting up gir1.2-glib-2.0:amd64 (2.80.0-6ubuntu3.5) ...
Admin UI E2E (Playwright)	Install Admin Dependencies	2025-12-29T05:16:40.1340392Z Setting up fonts-ipafont-gothic (00303-21ubuntu1) ...
Admin UI E2E (Playwright)	Install Admin Dependencies	2025-12-29T05:16:40.1413808Z update-alternatives: using /usr/share/fonts/opentype/ipafont-gothic/ipag.ttf to provide /usr/share/fonts/truetype/fonts-japanese-gothic.ttf (fonts-japanese-gothic.ttf) in auto mode
Admin UI E2E (Playwright)	Install Admin Dependencies	2025-12-29T05:16:40.1437491Z Setting up fonts-unifont (1:15.1.01-1build1) ...
Admin UI E2E (Playwright)	Install Admin Dependencies	2025-12-29T05:16:40.1469165Z Setting up libglib2.0-bin (2.80.0-6ubuntu3.5) ...
Admin UI E2E (Playwright)	Install Admin Dependencies	2025-12-29T05:16:40.1502192Z Setting up xfonts-utils (1:7.7+6build3) ...
Admin UI E2E (Playwright)	Install Admin Dependencies	2025-12-29T05:16:40.1553158Z Setting up xfonts-cyrillic (1:1.0.5+nmu1) ...
Admin UI E2E (Playwright)	Install Admin Dependencies	2025-12-29T05:16:40.2016726Z Setting up xfonts-scalable (1:1.0.3-1.3) ...
Admin UI E2E (Playwright)	Install Admin Dependencies	2025-12-29T05:16:40.2426815Z Processing triggers for libc-bin (2.39-0ubuntu8.6) ...
Admin UI E2E (Playwright)	Install Admin Dependencies	2025-12-29T05:16:40.2852898Z Processing triggers for man-db (2.12.0-4build2) ...
Admin UI E2E (Playwright)	Install Admin Dependencies	2025-12-29T05:16:40.2894645Z Not building database; man-db/auto-update is not 'true'.
Admin UI E2E (Playwright)	Install Admin Dependencies	2025-12-29T05:16:40.2914814Z Processing triggers for fontconfig (2.15.0-1.1ubuntu2) ...
Admin UI E2E (Playwright)	Install Admin Dependencies	2025-12-29T05:16:41.0217103Z 
Admin UI E2E (Playwright)	Install Admin Dependencies	2025-12-29T05:16:41.0217828Z Running kernel seems to be up-to-date.
Admin UI E2E (Playwright)	Install Admin Dependencies	2025-12-29T05:16:41.0218239Z 
Admin UI E2E (Playwright)	Install Admin Dependencies	2025-12-29T05:16:41.0218392Z Restarting services...
Admin UI E2E (Playwright)	Install Admin Dependencies	2025-12-29T05:16:41.0680915Z  systemctl restart packagekit.service php8.3-fpm.service polkit.service udisks2.service
Admin UI E2E (Playwright)	Install Admin Dependencies	2025-12-29T05:16:41.2136180Z 
Admin UI E2E (Playwright)	Install Admin Dependencies	2025-12-29T05:16:41.2137205Z Service restarts being deferred:
Admin UI E2E (Playwright)	Install Admin Dependencies	2025-12-29T05:16:41.2137973Z  systemctl restart ModemManager.service
Admin UI E2E (Playwright)	Install Admin Dependencies	2025-12-29T05:16:41.2138510Z  systemctl restart networkd-dispatcher.service
Admin UI E2E (Playwright)	Install Admin Dependencies	2025-12-29T05:16:41.2138870Z 
Admin UI E2E (Playwright)	Install Admin Dependencies	2025-12-29T05:16:41.2139041Z No containers need to be restarted.
Admin UI E2E (Playwright)	Install Admin Dependencies	2025-12-29T05:16:41.2139326Z 
Admin UI E2E (Playwright)	Install Admin Dependencies	2025-12-29T05:16:41.2139518Z No user sessions are running outdated binaries.
Admin UI E2E (Playwright)	Install Admin Dependencies	2025-12-29T05:16:41.2139865Z 
Admin UI E2E (Playwright)	Install Admin Dependencies	2025-12-29T05:16:41.2140168Z No VM guests are running outdated hypervisor (qemu) binaries on this host.
Admin UI E2E (Playwright)	Install Admin Dependencies	2025-12-29T05:16:42.2893548Z Downloading Chromium 143.0.7499.4 (playwright build v1200) from https://cdn.playwright.dev/dbazure/download/playwright/builds/chromium/1200/chromium-linux.zip
Admin UI E2E (Playwright)	Install Admin Dependencies	2025-12-29T05:16:42.3910971Z (node:3483) [DEP0169] DeprecationWarning: `url.parse()` behavior is not standardized and prone to errors that have security implications. Use the WHATWG URL API instead. CVEs are not issued for `url.parse()` vulnerabilities.
Admin UI E2E (Playwright)	Install Admin Dependencies	2025-12-29T05:16:42.3912502Z (Use `node --trace-deprecation ...` to show where the warning was created)
Admin UI E2E (Playwright)	Install Admin Dependencies	2025-12-29T05:16:42.5357895Z |                                                                                |   0% of 164.7 MiB
Admin UI E2E (Playwright)	Install Admin Dependencies	2025-12-29T05:16:42.8121152Z |â– â– â– â– â– â– â– â–                                                                         |  10% of 164.7 MiB
Admin UI E2E (Playwright)	Install Admin Dependencies	2025-12-29T05:16:42.9105767Z |â– â– â– â– â– â– â– â– â– â– â– â– â– â– â– â–                                                                 |  20% of 164.7 MiB
Admin UI E2E (Playwright)	Install Admin Dependencies	2025-12-29T05:16:43.0167256Z |â– â– â– â– â– â– â– â– â– â– â– â– â– â– â– â– â– â– â– â– â– â– â– â–                                                         |  30% of 164.7 MiB
Admin UI E2E (Playwright)	Install Admin Dependencies	2025-12-29T05:16:43.1210237Z |â– â– â– â– â– â– â– â– â– â– â– â– â– â– â– â– â– â– â– â– â– â– â– â– â– â– â– â– â– â– â– â–                                                 |  40% of 164.7 MiB
Admin UI E2E (Playwright)	Install Admin Dependencies	2025-12-29T05:16:43.2151675Z |â– â– â– â– â– â– â– â– â– â– â– â– â– â– â– â– â– â– â– â– â– â– â– â– â– â– â– â– â– â– â– â– â– â– â– â– â– â– â– â–                                         |  50% of 164.7 MiB
Admin UI E2E (Playwright)	Install Admin Dependencies	2025-12-29T05:16:43.3080198Z |â– â– â– â– â– â– â– â– â– â– â– â– â– â– â– â– â– â– â– â– â– â– â– â– â– â– â– â– â– â– â– â– â– â– â– â– â– â– â– â– â– â– â– â– â– â– â– â–                                 |  60% of 164.7 MiB
Admin UI E2E (Playwright)	Install Admin Dependencies	2025-12-29T05:16:43.4016601Z |â– â– â– â– â– â– â– â– â– â– â– â– â– â– â– â– â– â– â– â– â– â– â– â– â– â– â– â– â– â– â– â– â– â– â– â– â– â– â– â– â– â– â– â– â– â– â– â– â– â– â– â– â– â– â– â–                         |  70% of 164.7 MiB
Admin UI E2E (Playwright)	Install Admin Dependencies	2025-12-29T05:16:43.4984442Z |â– â– â– â– â– â– â– â– â– â– â– â– â– â– â– â– â– â– â– â– â– â– â– â– â– â– â– â– â– â– â– â– â– â– â– â– â– â– â– â– â– â– â– â– â– â– â– â– â– â– â– â– â– â– â– â– â– â– â– â– â– â– â– â–                 |  80% of 164.7 MiB
Admin UI E2E (Playwright)	Install Admin Dependencies	2025-12-29T05:16:43.5935273Z |â– â– â– â– â– â– â– â– â– â– â– â– â– â– â– â– â– â– â– â– â– â– â– â– â– â– â– â– â– â– â– â– â– â– â– â– â– â– â– â– â– â– â– â– â– â– â– â– â– â– â– â– â– â– â– â– â– â– â– â– â– â– â– â– â– â– â– â– â– â– â– â–         |  90% of 164.7 MiB
Admin UI E2E (Playwright)	Install Admin Dependencies	2025-12-29T05:16:43.6880908Z |â– â– â– â– â– â– â– â– â– â– â– â– â– â– â– â– â– â– â– â– â– â– â– â– â– â– â– â– â– â– â– â– â– â– â– â– â– â– â– â– â– â– â– â– â– â– â– â– â– â– â– â– â– â– â– â– â– â– â– â– â– â– â– â– â– â– â– â– â– â– â– â– â– â– â– â– â– â– â– â– | 100% of 164.7 MiB
Admin UI E2E (Playwright)	Install Admin Dependencies	2025-12-29T05:16:46.0581658Z Chromium 143.0.7499.4 (playwright build v1200) downloaded to /home/runner/.cache/ms-playwright/chromium-1200
Admin UI E2E (Playwright)	Install Admin Dependencies	2025-12-29T05:16:46.0585919Z Downloading FFMPEG playwright build v1011 from https://cdn.playwright.dev/dbazure/download/playwright/builds/ffmpeg/1011/ffmpeg-linux.zip
Admin UI E2E (Playwright)	Install Admin Dependencies	2025-12-29T05:16:46.1574056Z (node:3494) [DEP0169] DeprecationWarning: `url.parse()` behavior is not standardized and prone to errors that have security implications. Use the WHATWG URL API instead. CVEs are not issued for `url.parse()` vulnerabilities.
Admin UI E2E (Playwright)	Install Admin Dependencies	2025-12-29T05:16:46.1576007Z (Use `node --trace-deprecation ...` to show where the warning was created)
Admin UI E2E (Playwright)	Install Admin Dependencies	2025-12-29T05:16:46.2334924Z |                                                                                |   0% of 2.3 MiB
Admin UI E2E (Playwright)	Install Admin Dependencies	2025-12-29T05:16:46.2612477Z |â– â– â– â– â– â– â– â–                                                                         |  10% of 2.3 MiB
Admin UI E2E (Playwright)	Install Admin Dependencies	2025-12-29T05:16:46.2724376Z |â– â– â– â– â– â– â– â– â– â– â– â– â– â– â– â–                                                                 |  20% of 2.3 MiB
Admin UI E2E (Playwright)	Install Admin Dependencies	2025-12-29T05:16:46.2809875Z |â– â– â– â– â– â– â– â– â– â– â– â– â– â– â– â– â– â– â– â– â– â– â– â–                                                         |  30% of 2.3 MiB
Admin UI E2E (Playwright)	Install Admin Dependencies	2025-12-29T05:16:46.2840412Z |â– â– â– â– â– â– â– â– â– â– â– â– â– â– â– â– â– â– â– â– â– â– â– â– â– â– â– â– â– â– â– â–                                                 |  40% of 2.3 MiB
Admin UI E2E (Playwright)	Install Admin Dependencies	2025-12-29T05:16:46.2909090Z |â– â– â– â– â– â– â– â– â– â– â– â– â– â– â– â– â– â– â– â– â– â– â– â– â– â– â– â– â– â– â– â– â– â– â– â– â– â– â– â–                                         |  50% of 2.3 MiB
Admin UI E2E (Playwright)	Install Admin Dependencies	2025-12-29T05:16:46.2941400Z |â– â– â– â– â– â– â– â– â– â– â– â– â– â– â– â– â– â– â– â– â– â– â– â– â– â– â– â– â– â– â– â– â– â– â– â– â– â– â– â– â– â– â– â– â– â– â– â–                                 |  60% of 2.3 MiB
Admin UI E2E (Playwright)	Install Admin Dependencies	2025-12-29T05:16:46.2957929Z |â– â– â– â– â– â– â– â– â– â– â– â– â– â– â– â– â– â– â– â– â– â– â– â– â– â– â– â– â– â– â– â– â– â– â– â– â– â– â– â– â– â– â– â– â– â– â– â– â– â– â– â– â– â– â– â–                         |  70% of 2.3 MiB
Admin UI E2E (Playwright)	Install Admin Dependencies	2025-12-29T05:16:46.2974481Z |â– â– â– â– â– â– â– â– â– â– â– â– â– â– â– â– â– â– â– â– â– â– â– â– â– â– â– â– â– â– â– â– â– â– â– â– â– â– â– â– â– â– â– â– â– â– â– â– â– â– â– â– â– â– â– â– â– â– â– â– â– â– â– â–                 |  80% of 2.3 MiB
Admin UI E2E (Playwright)	Install Admin Dependencies	2025-12-29T05:16:46.2986791Z |â– â– â– â– â– â– â– â– â– â– â– â– â– â– â– â– â– â– â– â– â– â– â– â– â– â– â– â– â– â– â– â– â– â– â– â– â– â– â– â– â– â– â– â– â– â– â– â– â– â– â– â– â– â– â– â– â– â– â– â– â– â– â– â– â– â– â– â– â– â– â– â–         |  90% of 2.3 MiB
Admin UI E2E (Playwright)	Install Admin Dependencies	2025-12-29T05:16:46.3022670Z |â– â– â– â– â– â– â– â– â– â– â– â– â– â– â– â– â– â– â– â– â– â– â– â– â– â– â– â– â– â– â– â– â– â– â– â– â– â– â– â– â– â– â– â– â– â– â– â– â– â– â– â– â– â– â– â– â– â– â– â– â– â– â– â– â– â– â– â– â– â– â– â– â– â– â– â– â– â– â– â– | 100% of 2.3 MiB
Admin UI E2E (Playwright)	Install Admin Dependencies	2025-12-29T05:16:46.3558942Z FFMPEG playwright build v1011 downloaded to /home/runner/.cache/ms-playwright/ffmpeg-1011
Admin UI E2E (Playwright)	Install Admin Dependencies	2025-12-29T05:16:46.3562331Z Downloading Chromium Headless Shell 143.0.7499.4 (playwright build v1200) from https://cdn.playwright.dev/dbazure/download/playwright/builds/chromium/1200/chromium-headless-shell-linux.zip
Admin UI E2E (Playwright)	Install Admin Dependencies	2025-12-29T05:16:46.4525926Z (node:3505) [DEP0169] DeprecationWarning: `url.parse()` behavior is not standardized and prone to errors that have security implications. Use the WHATWG URL API instead. CVEs are not issued for `url.parse()` vulnerabilities.
Admin UI E2E (Playwright)	Install Admin Dependencies	2025-12-29T05:16:46.4527450Z (Use `node --trace-deprecation ...` to show where the warning was created)
Admin UI E2E (Playwright)	Install Admin Dependencies	2025-12-29T05:16:46.5770931Z |                                                                                |   0% of 109.7 MiB
Admin UI E2E (Playwright)	Install Admin Dependencies	2025-12-29T05:16:46.8231140Z |â– â– â– â– â– â– â– â–                                                                         |  10% of 109.7 MiB
Admin UI E2E (Playwright)	Install Admin Dependencies	2025-12-29T05:16:46.9032067Z |â– â– â– â– â– â– â– â– â– â– â– â– â– â– â– â–                                                                 |  20% of 109.7 MiB
Admin UI E2E (Playwright)	Install Admin Dependencies	2025-12-29T05:16:46.9793851Z |â– â– â– â– â– â– â– â– â– â– â– â– â– â– â– â– â– â– â– â– â– â– â– â–                                                         |  30% of 109.7 MiB
Admin UI E2E (Playwright)	Install Admin Dependencies	2025-12-29T05:16:47.0544926Z |â– â– â– â– â– â– â– â– â– â– â– â– â– â– â– â– â– â– â– â– â– â– â– â– â– â– â– â– â– â– â– â–                                                 |  40% of 109.7 MiB
Admin UI E2E (Playwright)	Install Admin Dependencies	2025-12-29T05:16:47.1189522Z |â– â– â– â– â– â– â– â– â– â– â– â– â– â– â– â– â– â– â– â– â– â– â– â– â– â– â– â– â– â– â– â– â– â– â– â– â– â– â– â–                                         |  50% of 109.7 MiB
Admin UI E2E (Playwright)	Install Admin Dependencies	2025-12-29T05:16:47.1866813Z |â– â– â– â– â– â– â– â– â– â– â– â– â– â– â– â– â– â– â– â– â– â– â– â– â– â– â– â– â– â– â– â– â– â– â– â– â– â– â– â– â– â– â– â– â– â– â– â–                                 |  60% of 109.7 MiB
Admin UI E2E (Playwright)	Install Admin Dependencies	2025-12-29T05:16:47.2500255Z |â– â– â– â– â– â– â– â– â– â– â– â– â– â– â– â– â– â– â– â– â– â– â– â– â– â– â– â– â– â– â– â– â– â– â– â– â– â– â– â– â– â– â– â– â– â– â– â– â– â– â– â– â– â– â– â–                         |  70% of 109.7 MiB
Admin UI E2E (Playwright)	Install Admin Dependencies	2025-12-29T05:16:47.3305109Z |â– â– â– â– â– â– â– â– â– â– â– â– â– â– â– â– â– â– â– â– â– â– â– â– â– â– â– â– â– â– â– â– â– â– â– â– â– â– â– â– â– â– â– â– â– â– â– â– â– â– â– â– â– â– â– â– â– â– â– â– â– â– â– â–                 |  80% of 109.7 MiB
Admin UI E2E (Playwright)	Install Admin Dependencies	2025-12-29T05:16:47.3940217Z |â– â– â– â– â– â– â– â– â– â– â– â– â– â– â– â– â– â– â– â– â– â– â– â– â– â– â– â– â– â– â– â– â– â– â– â– â– â– â– â– â– â– â– â– â– â– â– â– â– â– â– â– â– â– â– â– â– â– â– â– â– â– â– â– â– â– â– â– â– â– â– â–         |  90% of 109.7 MiB
Admin UI E2E (Playwright)	Install Admin Dependencies	2025-12-29T05:16:47.4578333Z |â– â– â– â– â– â– â– â– â– â– â– â– â– â– â– â– â– â– â– â– â– â– â– â– â– â– â– â– â– â– â– â– â– â– â– â– â– â– â– â– â– â– â– â– â– â– â– â– â– â– â– â– â– â– â– â– â– â– â– â– â– â– â– â– â– â– â– â– â– â– â– â– â– â– â– â– â– â– â– â– | 100% of 109.7 MiB
Admin UI E2E (Playwright)	Install Admin Dependencies	2025-12-29T05:16:49.2611567Z Chromium Headless Shell 143.0.7499.4 (playwright build v1200) downloaded to /home/runner/.cache/ms-playwright/chromium_headless_shell-1200
Admin UI E2E (Playwright)	Initialize Admin DB	ï»¿2025-12-29T05:16:49.2875776Z ##[group]Run cd admin
Admin UI E2E (Playwright)	Initialize Admin DB	2025-12-29T05:16:49.2876088Z [36;1mcd admin[0m
Admin UI E2E (Playwright)	Initialize Admin DB	2025-12-29T05:16:49.2876304Z [36;1muv run python init_db.py[0m
Admin UI E2E (Playwright)	Initialize Admin DB	2025-12-29T05:16:49.2908803Z shell: /usr/bin/bash -e {0}
Admin UI E2E (Playwright)	Initialize Admin DB	2025-12-29T05:16:49.2909043Z env:
Admin UI E2E (Playwright)	Initialize Admin DB	2025-12-29T05:16:49.2909228Z   CARGO_TERM_COLOR: always
Admin UI E2E (Playwright)	Initialize Admin DB	2025-12-29T05:16:49.2909451Z   RUST_BACKTRACE: 1
Admin UI E2E (Playwright)	Initialize Admin DB	2025-12-29T05:16:49.2909630Z   CI: true
Admin UI E2E (Playwright)	Initialize Admin DB	2025-12-29T05:16:49.2909800Z   CI_LOG_DIR: logs
Admin UI E2E (Playwright)	Initialize Admin DB	2025-12-29T05:16:49.2909991Z   SQLX_OFFLINE: true
Admin UI E2E (Playwright)	Initialize Admin DB	2025-12-29T05:16:49.2910189Z   PG_HOST: localhost
Admin UI E2E (Playwright)	Initialize Admin DB	2025-12-29T05:16:49.2910378Z   PG_PORT: 5432
Admin UI E2E (Playwright)	Initialize Admin DB	2025-12-29T05:16:49.2910558Z   PG_USER: trading
Admin UI E2E (Playwright)	Initialize Admin DB	2025-12-29T05:16:49.2910749Z   PG_PASSWORD: trading123
Admin UI E2E (Playwright)	Initialize Admin DB	2025-12-29T05:16:49.2910971Z   PG_DB: exchange_info_db
Admin UI E2E (Playwright)	Initialize Admin DB	2025-12-29T05:16:49.2911440Z   DATABASE_URL: ***localhost:5432/exchange_info_db
Admin UI E2E (Playwright)	Initialize Admin DB	2025-12-29T05:16:49.2911972Z   DATABASE_URL_ASYNC: ***localhost:5432/exchange_info_db
Admin UI E2E (Playwright)	Initialize Admin DB	2025-12-29T05:16:49.2912257Z   ADMIN_PORT: 8002
Admin UI E2E (Playwright)	Initialize Admin DB	2025-12-29T05:16:49.2912447Z   GATEWAY_PORT: 8080
Admin UI E2E (Playwright)	Initialize Admin DB	2025-12-29T05:16:49.2912721Z   ADMIN_URL: http://localhost:8002
Admin UI E2E (Playwright)	Initialize Admin DB	2025-12-29T05:16:49.2913004Z   GATEWAY_API: http://localhost:8080
Admin UI E2E (Playwright)	Initialize Admin DB	2025-12-29T05:16:49.2913302Z   UV_CACHE_DIR: /home/runner/work/_temp/setup-uv-cache
Admin UI E2E (Playwright)	Initialize Admin DB	2025-12-29T05:16:49.2913577Z ##[endgroup]
Admin UI E2E (Playwright)	Initialize Admin DB	2025-12-29T05:16:50.5710699Z Initializing database at: localhost:5432/exchange_info_db
Admin UI E2E (Playwright)	Initialize Admin DB	2025-12-29T05:16:50.5711557Z 2025-12-29 05:16:50,570 INFO sqlalchemy.engine.Engine select pg_catalog.version()
Admin UI E2E (Playwright)	Initialize Admin DB	2025-12-29T05:16:50.5712289Z 2025-12-29 05:16:50,570 INFO sqlalchemy.engine.Engine [raw sql] ()
Admin UI E2E (Playwright)	Initialize Admin DB	2025-12-29T05:16:50.5726871Z 2025-12-29 05:16:50,572 INFO sqlalchemy.engine.Engine select current_schema()
Admin UI E2E (Playwright)	Initialize Admin DB	2025-12-29T05:16:50.5727725Z 2025-12-29 05:16:50,572 INFO sqlalchemy.engine.Engine [raw sql] ()
Admin UI E2E (Playwright)	Initialize Admin DB	2025-12-29T05:16:50.5738836Z 2025-12-29 05:16:50,573 INFO sqlalchemy.engine.Engine show standard_conforming_strings
Admin UI E2E (Playwright)	Initialize Admin DB	2025-12-29T05:16:50.5739711Z 2025-12-29 05:16:50,573 INFO sqlalchemy.engine.Engine [raw sql] ()
Admin UI E2E (Playwright)	Initialize Admin DB	2025-12-29T05:16:50.5749665Z 2025-12-29 05:16:50,574 INFO sqlalchemy.engine.Engine BEGIN (implicit)
Admin UI E2E (Playwright)	Initialize Admin DB	2025-12-29T05:16:50.5790016Z Creating table schema...
Admin UI E2E (Playwright)	Initialize Admin DB	2025-12-29T05:16:50.5790741Z 2025-12-29 05:16:50,578 INFO sqlalchemy.engine.Engine SELECT pg_catalog.pg_class.relname 
Admin UI E2E (Playwright)	Initialize Admin DB	2025-12-29T05:16:50.5791846Z FROM pg_catalog.pg_class JOIN pg_catalog.pg_namespace ON pg_catalog.pg_namespace.oid = pg_catalog.pg_class.relnamespace 
Admin UI E2E (Playwright)	Initialize Admin DB	2025-12-29T05:16:50.5793855Z WHERE pg_catalog.pg_class.relname = $1::VARCHAR AND pg_catalog.pg_class.relkind = ANY (ARRAY[$2::VARCHAR, $3::VARCHAR, $4::VARCHAR, $5::VARCHAR, $6::VARCHAR]) AND pg_catalog.pg_table_is_visible(pg_catalog.pg_class.oid) AND pg_catalog.pg_namespace.nspname != $7::VARCHAR
Admin UI E2E (Playwright)	Initialize Admin DB	2025-12-29T05:16:50.5795268Z 2025-12-29 05:16:50,578 INFO sqlalchemy.engine.Engine [generated in 0.00020s] ('assets_tb', 'r', 'p', 'f', 'v', 'm', 'pg_catalog')
Admin UI E2E (Playwright)	Initialize Admin DB	2025-12-29T05:16:50.5823274Z 2025-12-29 05:16:50,582 INFO sqlalchemy.engine.Engine SELECT pg_catalog.pg_class.relname 
Admin UI E2E (Playwright)	Initialize Admin DB	2025-12-29T05:16:50.5827194Z FROM pg_catalog.pg_class JOIN pg_catalog.pg_namespace ON pg_catalog.pg_namespace.oid = pg_catalog.pg_class.relnamespace 
Admin UI E2E (Playwright)	Initialize Admin DB	2025-12-29T05:16:50.5829864Z WHERE pg_catalog.pg_class.relname = $1::VARCHAR AND pg_catalog.pg_class.relkind = ANY (ARRAY[$2::VARCHAR, $3::VARCHAR, $4::VARCHAR, $5::VARCHAR, $6::VARCHAR]) AND pg_catalog.pg_table_is_visible(pg_catalog.pg_class.oid) AND pg_catalog.pg_namespace.nspname != $7::VARCHAR
Admin UI E2E (Playwright)	Initialize Admin DB	2025-12-29T05:16:50.5831815Z 2025-12-29 05:16:50,582 INFO sqlalchemy.engine.Engine [cached since 0.003418s ago] ('symbols_tb', 'r', 'p', 'f', 'v', 'm', 'pg_catalog')
Admin UI E2E (Playwright)	Initialize Admin DB	2025-12-29T05:16:50.5832926Z 2025-12-29 05:16:50,582 INFO sqlalchemy.engine.Engine SELECT pg_catalog.pg_class.relname 
Admin UI E2E (Playwright)	Initialize Admin DB	2025-12-29T05:16:50.5833714Z FROM pg_catalog.pg_class JOIN pg_catalog.pg_namespace ON pg_catalog.pg_namespace.oid = pg_catalog.pg_class.relnamespace 
Admin UI E2E (Playwright)	Initialize Admin DB	2025-12-29T05:16:50.5835345Z WHERE pg_catalog.pg_class.relname = $1::VARCHAR AND pg_catalog.pg_class.relkind = ANY (ARRAY[$2::VARCHAR, $3::VARCHAR, $4::VARCHAR, $5::VARCHAR, $6::VARCHAR]) AND pg_catalog.pg_table_is_visible(pg_catalog.pg_class.oid) AND pg_catalog.pg_namespace.nspname != $7::VARCHAR
Admin UI E2E (Playwright)	Initialize Admin DB	2025-12-29T05:16:50.5838115Z 2025-12-29 05:16:50,582 INFO sqlalchemy.engine.Engine [cached since 0.004114s ago] ('vip_levels_tb', 'r', 'p', 'f', 'v', 'm', 'pg_catalog')
Admin UI E2E (Playwright)	Initialize Admin DB	2025-12-29T05:16:50.5838912Z 2025-12-29 05:16:50,583 INFO sqlalchemy.engine.Engine SELECT pg_catalog.pg_class.relname 
Admin UI E2E (Playwright)	Initialize Admin DB	2025-12-29T05:16:50.5839709Z FROM pg_catalog.pg_class JOIN pg_catalog.pg_namespace ON pg_catalog.pg_namespace.oid = pg_catalog.pg_class.relnamespace 
Admin UI E2E (Playwright)	Initialize Admin DB	2025-12-29T05:16:50.5840929Z WHERE pg_catalog.pg_class.relname = $1::VARCHAR AND pg_catalog.pg_class.relkind = ANY (ARRAY[$2::VARCHAR, $3::VARCHAR, $4::VARCHAR, $5::VARCHAR, $6::VARCHAR]) AND pg_catalog.pg_table_is_visible(pg_catalog.pg_class.oid) AND pg_catalog.pg_namespace.nspname != $7::VARCHAR
Admin UI E2E (Playwright)	Initialize Admin DB	2025-12-29T05:16:50.5842009Z 2025-12-29 05:16:50,583 INFO sqlalchemy.engine.Engine [cached since 0.004781s ago] ('admin_audit_log', 'r', 'p', 'f', 'v', 'm', 'pg_catalog')
Admin UI E2E (Playwright)	Initialize Admin DB	2025-12-29T05:16:50.5843381Z 2025-12-29 05:16:50,584 INFO sqlalchemy.engine.Engine COMMIT
Admin UI E2E (Playwright)	Initialize Admin DB	2025-12-29T05:16:50.5883287Z Database initialized successfully.
Admin UI E2E (Playwright)	Start Admin Service	ï»¿2025-12-29T05:16:50.6726590Z ##[group]Run cd admin
Admin UI E2E (Playwright)	Start Admin Service	2025-12-29T05:16:50.6726988Z [36;1mcd admin[0m
Admin UI E2E (Playwright)	Start Admin Service	2025-12-29T05:16:50.6727572Z [36;1mnohup uv run uvicorn main:app --host 0.0.0.0 --port $ADMIN_PORT > /tmp/admin.log 2>&1 &[0m
Admin UI E2E (Playwright)	Start Admin Service	2025-12-29T05:16:50.6728268Z [36;1mecho "Waiting for Admin..."[0m
Admin UI E2E (Playwright)	Start Admin Service	2025-12-29T05:16:50.6728683Z [36;1mfor i in {1..30}; do[0m
Admin UI E2E (Playwright)	Start Admin Service	2025-12-29T05:16:50.6729082Z [36;1m  curl -s $ADMIN_URL/health && break[0m
Admin UI E2E (Playwright)	Start Admin Service	2025-12-29T05:16:50.6729505Z [36;1m  sleep 1[0m
Admin UI E2E (Playwright)	Start Admin Service	2025-12-29T05:16:50.6729810Z [36;1mdone[0m
Admin UI E2E (Playwright)	Start Admin Service	2025-12-29T05:16:50.6772227Z shell: /usr/bin/bash -e {0}
Admin UI E2E (Playwright)	Start Admin Service	2025-12-29T05:16:50.6772601Z env:
Admin UI E2E (Playwright)	Start Admin Service	2025-12-29T05:16:50.6772891Z   CARGO_TERM_COLOR: always
Admin UI E2E (Playwright)	Start Admin Service	2025-12-29T05:16:50.6773241Z   RUST_BACKTRACE: 1
Admin UI E2E (Playwright)	Start Admin Service	2025-12-29T05:16:50.6773534Z   CI: true
Admin UI E2E (Playwright)	Start Admin Service	2025-12-29T05:16:50.6773810Z   CI_LOG_DIR: logs
Admin UI E2E (Playwright)	Start Admin Service	2025-12-29T05:16:50.6774112Z   SQLX_OFFLINE: true
Admin UI E2E (Playwright)	Start Admin Service	2025-12-29T05:16:50.6774431Z   PG_HOST: localhost
Admin UI E2E (Playwright)	Start Admin Service	2025-12-29T05:16:50.6774922Z   PG_PORT: 5432
Admin UI E2E (Playwright)	Start Admin Service	2025-12-29T05:16:50.6775230Z   PG_USER: trading
Admin UI E2E (Playwright)	Start Admin Service	2025-12-29T05:16:50.6775538Z   PG_PASSWORD: trading123
Admin UI E2E (Playwright)	Start Admin Service	2025-12-29T05:16:50.6775943Z   PG_DB: exchange_info_db
Admin UI E2E (Playwright)	Start Admin Service	2025-12-29T05:16:50.6776667Z   DATABASE_URL: ***localhost:5432/exchange_info_db
Admin UI E2E (Playwright)	Start Admin Service	2025-12-29T05:16:50.6777548Z   DATABASE_URL_ASYNC: ***localhost:5432/exchange_info_db
Admin UI E2E (Playwright)	Start Admin Service	2025-12-29T05:16:50.6778032Z   ADMIN_PORT: 8002
Admin UI E2E (Playwright)	Start Admin Service	2025-12-29T05:16:50.6778339Z   GATEWAY_PORT: 8080
Admin UI E2E (Playwright)	Start Admin Service	2025-12-29T05:16:50.6778693Z   ADMIN_URL: http://localhost:8002
Admin UI E2E (Playwright)	Start Admin Service	2025-12-29T05:16:50.6779124Z   GATEWAY_API: http://localhost:8080
Admin UI E2E (Playwright)	Start Admin Service	2025-12-29T05:16:50.6779609Z   UV_CACHE_DIR: /home/runner/work/_temp/setup-uv-cache
Admin UI E2E (Playwright)	Start Admin Service	2025-12-29T05:16:50.6780064Z ##[endgroup]
Admin UI E2E (Playwright)	Start Admin Service	2025-12-29T05:16:50.6885441Z Waiting for Admin...
Admin UI E2E (Playwright)	Start Gateway	ï»¿2025-12-29T05:17:21.0440105Z ##[group]Run nohup ./target/release/zero_x_infinity --gateway --env ci --port $GATEWAY_PORT > /tmp/gateway.log 2>&1 &
Admin UI E2E (Playwright)	Start Gateway	2025-12-29T05:17:21.0441128Z [36;1mnohup ./target/release/zero_x_infinity --gateway --env ci --port $GATEWAY_PORT > /tmp/gateway.log 2>&1 &[0m
Admin UI E2E (Playwright)	Start Gateway	2025-12-29T05:17:21.0441636Z [36;1mecho "Waiting for Gateway..."[0m
Admin UI E2E (Playwright)	Start Gateway	2025-12-29T05:17:21.0441886Z [36;1mfor i in {1..30}; do[0m
Admin UI E2E (Playwright)	Start Gateway	2025-12-29T05:17:21.0442145Z [36;1m  curl -s $GATEWAY_API/api/v1/health && break[0m
Admin UI E2E (Playwright)	Start Gateway	2025-12-29T05:17:21.0442412Z [36;1m  sleep 1[0m
Admin UI E2E (Playwright)	Start Gateway	2025-12-29T05:17:21.0442592Z [36;1mdone[0m
Admin UI E2E (Playwright)	Start Gateway	2025-12-29T05:17:21.0475054Z shell: /usr/bin/bash -e {0}
Admin UI E2E (Playwright)	Start Gateway	2025-12-29T05:17:21.0475290Z env:
Admin UI E2E (Playwright)	Start Gateway	2025-12-29T05:17:21.0475466Z   CARGO_TERM_COLOR: always
Admin UI E2E (Playwright)	Start Gateway	2025-12-29T05:17:21.0475685Z   RUST_BACKTRACE: 1
Admin UI E2E (Playwright)	Start Gateway	2025-12-29T05:17:21.0475868Z   CI: true
Admin UI E2E (Playwright)	Start Gateway	2025-12-29T05:17:21.0476030Z   CI_LOG_DIR: logs
Admin UI E2E (Playwright)	Start Gateway	2025-12-29T05:17:21.0476211Z   SQLX_OFFLINE: true
Admin UI E2E (Playwright)	Start Gateway	2025-12-29T05:17:21.0476403Z   PG_HOST: localhost
Admin UI E2E (Playwright)	Start Gateway	2025-12-29T05:17:21.0476592Z   PG_PORT: 5432
Admin UI E2E (Playwright)	Start Gateway	2025-12-29T05:17:21.0476808Z   PG_USER: trading
Admin UI E2E (Playwright)	Start Gateway	2025-12-29T05:17:21.0476994Z   PG_PASSWORD: trading123
Admin UI E2E (Playwright)	Start Gateway	2025-12-29T05:17:21.0477205Z   PG_DB: exchange_info_db
Admin UI E2E (Playwright)	Start Gateway	2025-12-29T05:17:21.0477661Z   DATABASE_URL: ***localhost:5432/exchange_info_db
Admin UI E2E (Playwright)	Start Gateway	2025-12-29T05:17:21.0478394Z   DATABASE_URL_ASYNC: ***localhost:5432/exchange_info_db
Admin UI E2E (Playwright)	Start Gateway	2025-12-29T05:17:21.0478677Z   ADMIN_PORT: 8002
Admin UI E2E (Playwright)	Start Gateway	2025-12-29T05:17:21.0478864Z   GATEWAY_PORT: 8080
Admin UI E2E (Playwright)	Start Gateway	2025-12-29T05:17:21.0479077Z   ADMIN_URL: http://localhost:8002
Admin UI E2E (Playwright)	Start Gateway	2025-12-29T05:17:21.0479341Z   GATEWAY_API: http://localhost:8080
Admin UI E2E (Playwright)	Start Gateway	2025-12-29T05:17:21.0479633Z   UV_CACHE_DIR: /home/runner/work/_temp/setup-uv-cache
Admin UI E2E (Playwright)	Start Gateway	2025-12-29T05:17:21.0479902Z ##[endgroup]
Admin UI E2E (Playwright)	Start Gateway	2025-12-29T05:17:21.0534158Z Waiting for Gateway...
Admin UI E2E (Playwright)	Start Gateway	2025-12-29T05:17:22.0687988Z {"code":503,"msg":"unavailable"}
Admin UI E2E (Playwright)	Run Playwright UI Test	ï»¿2025-12-29T05:17:22.0713992Z ##[group]Run cd admin
Admin UI E2E (Playwright)	Run Playwright UI Test	2025-12-29T05:17:22.0714263Z [36;1mcd admin[0m
Admin UI E2E (Playwright)	Run Playwright UI Test	2025-12-29T05:17:22.0714624Z [36;1muv run pytest test_ui_poc.py -v --tb=short[0m
Admin UI E2E (Playwright)	Run Playwright UI Test	2025-12-29T05:17:22.0750618Z shell: /usr/bin/bash -e {0}
Admin UI E2E (Playwright)	Run Playwright UI Test	2025-12-29T05:17:22.0750933Z env:
Admin UI E2E (Playwright)	Run Playwright UI Test	2025-12-29T05:17:22.0751116Z   CARGO_TERM_COLOR: always
Admin UI E2E (Playwright)	Run Playwright UI Test	2025-12-29T05:17:22.0751339Z   RUST_BACKTRACE: 1
Admin UI E2E (Playwright)	Run Playwright UI Test	2025-12-29T05:17:22.0751526Z   CI: true
Admin UI E2E (Playwright)	Run Playwright UI Test	2025-12-29T05:17:22.0751695Z   CI_LOG_DIR: logs
Admin UI E2E (Playwright)	Run Playwright UI Test	2025-12-29T05:17:22.0751895Z   SQLX_OFFLINE: true
Admin UI E2E (Playwright)	Run Playwright UI Test	2025-12-29T05:17:22.0752081Z   PG_HOST: localhost
Admin UI E2E (Playwright)	Run Playwright UI Test	2025-12-29T05:17:22.0752297Z   PG_PORT: 5432
Admin UI E2E (Playwright)	Run Playwright UI Test	2025-12-29T05:17:22.0752585Z   PG_USER: trading
Admin UI E2E (Playwright)	Run Playwright UI Test	2025-12-29T05:17:22.0752900Z   PG_PASSWORD: trading123
Admin UI E2E (Playwright)	Run Playwright UI Test	2025-12-29T05:17:22.0753229Z   PG_DB: exchange_info_db
Admin UI E2E (Playwright)	Run Playwright UI Test	2025-12-29T05:17:22.0753698Z   DATABASE_URL: ***localhost:5432/exchange_info_db
Admin UI E2E (Playwright)	Run Playwright UI Test	2025-12-29T05:17:22.0754268Z   DATABASE_URL_ASYNC: ***localhost:5432/exchange_info_db
Admin UI E2E (Playwright)	Run Playwright UI Test	2025-12-29T05:17:22.0754857Z   ADMIN_PORT: 8002
Admin UI E2E (Playwright)	Run Playwright UI Test	2025-12-29T05:17:22.0755101Z   GATEWAY_PORT: 8080
Admin UI E2E (Playwright)	Run Playwright UI Test	2025-12-29T05:17:22.0755348Z   ADMIN_URL: http://localhost:8002
Admin UI E2E (Playwright)	Run Playwright UI Test	2025-12-29T05:17:22.0755603Z   GATEWAY_API: http://localhost:8080
Admin UI E2E (Playwright)	Run Playwright UI Test	2025-12-29T05:17:22.0755892Z   UV_CACHE_DIR: /home/runner/work/_temp/setup-uv-cache
Admin UI E2E (Playwright)	Run Playwright UI Test	2025-12-29T05:17:22.0756172Z ##[endgroup]
Admin UI E2E (Playwright)	Run Playwright UI Test	2025-12-29T05:17:22.9138522Z ============================= test session starts ==============================
Admin UI E2E (Playwright)	Run Playwright UI Test	2025-12-29T05:17:22.9139644Z platform linux -- Python 3.11.11, pytest-9.0.2, pluggy-1.6.0 -- /home/runner/work/zero_x_infinity/zero_x_infinity/.venv/bin/python
Admin UI E2E (Playwright)	Run Playwright UI Test	2025-12-29T05:17:22.9140596Z cachedir: .pytest_cache
Admin UI E2E (Playwright)	Run Playwright UI Test	2025-12-29T05:17:22.9141066Z rootdir: /home/runner/work/zero_x_infinity/zero_x_infinity/admin
Admin UI E2E (Playwright)	Run Playwright UI Test	2025-12-29T05:17:22.9141464Z configfile: pytest.ini
Admin UI E2E (Playwright)	Run Playwright UI Test	2025-12-29T05:17:22.9141825Z plugins: base-url-2.1.0, anyio-4.12.0, playwright-0.7.2, asyncio-1.3.0
Admin UI E2E (Playwright)	Run Playwright UI Test	2025-12-29T05:17:22.9142707Z asyncio: mode=Mode.AUTO, debug=False, asyncio_default_fixture_loop_scope=None, asyncio_default_test_loop_scope=function
Admin UI E2E (Playwright)	Run Playwright UI Test	2025-12-29T05:17:23.0707415Z collecting ... collected 1 item
Admin UI E2E (Playwright)	Run Playwright UI Test	2025-12-29T05:17:23.0707798Z 
Admin UI E2E (Playwright)	Run Playwright UI Test	2025-12-29T05:17:37.1490677Z test_ui_poc.py::test_admin_ui_create_asset_propagation[chromium] FAILED  [100%]
Admin UI E2E (Playwright)	Run Playwright UI Test	2025-12-29T05:17:37.1491380Z 
Admin UI E2E (Playwright)	Run Playwright UI Test	2025-12-29T05:17:37.1491527Z =================================== FAILURES ===================================
Admin UI E2E (Playwright)	Run Playwright UI Test	2025-12-29T05:17:37.1491992Z _______________ test_admin_ui_create_asset_propagation[chromium] _______________
Admin UI E2E (Playwright)	Run Playwright UI Test	2025-12-29T05:17:37.1492479Z test_ui_poc.py:34: in test_admin_ui_create_asset_propagation
Admin UI E2E (Playwright)	Run Playwright UI Test	2025-12-29T05:17:37.1493025Z     create_btn.wait_for(state="visible", timeout=10000)
Admin UI E2E (Playwright)	Run Playwright UI Test	2025-12-29T05:17:37.1493685Z ../.venv/lib/python3.11/site-packages/playwright/sync_api/_generated.py:18080: in wait_for
Admin UI E2E (Playwright)	Run Playwright UI Test	2025-12-29T05:17:37.1494279Z     self._sync(self._impl_obj.wait_for(timeout=timeout, state=state))
Admin UI E2E (Playwright)	Run Playwright UI Test	2025-12-29T05:17:37.1495078Z ../.venv/lib/python3.11/site-packages/playwright/_impl/_locator.py:710: in wait_for
Admin UI E2E (Playwright)	Run Playwright UI Test	2025-12-29T05:17:37.1495701Z     await self._frame.wait_for_selector(
Admin UI E2E (Playwright)	Run Playwright UI Test	2025-12-29T05:17:37.1496201Z ../.venv/lib/python3.11/site-packages/playwright/_impl/_frame.py:369: in wait_for_selector
Admin UI E2E (Playwright)	Run Playwright UI Test	2025-12-29T05:17:37.1496709Z     await self._channel.send(
Admin UI E2E (Playwright)	Run Playwright UI Test	2025-12-29T05:17:37.1497303Z ../.venv/lib/python3.11/site-packages/playwright/_impl/_connection.py:69: in send
Admin UI E2E (Playwright)	Run Playwright UI Test	2025-12-29T05:17:37.1497952Z     return await self._connection.wrap_api_call(
Admin UI E2E (Playwright)	Run Playwright UI Test	2025-12-29T05:17:37.1498475Z ../.venv/lib/python3.11/site-packages/playwright/_impl/_connection.py:559: in wrap_api_call
Admin UI E2E (Playwright)	Run Playwright UI Test	2025-12-29T05:17:37.1499657Z     raise rewrite_error(error, f"{parsed_st['apiName']}: {error}") from None
Admin UI E2E (Playwright)	Run Playwright UI Test	2025-12-29T05:17:37.1500257Z E   playwright._impl._errors.TimeoutError: Locator.wait_for: Timeout 10000ms exceeded.
Admin UI E2E (Playwright)	Run Playwright UI Test	2025-12-29T05:17:37.1500726Z E   Call log:
Admin UI E2E (Playwright)	Run Playwright UI Test	2025-12-29T05:17:37.1501291Z E     - waiting for locator("button.cxd-Button--primary").filter(has_text="Create") to be visible
Admin UI E2E (Playwright)	Run Playwright UI Test	2025-12-29T05:17:37.1501946Z ----------------------------- Captured stdout call -----------------------------
Admin UI E2E (Playwright)	Run Playwright UI Test	2025-12-29T05:17:37.1502239Z 
Admin UI E2E (Playwright)	Run Playwright UI Test	2025-12-29T05:17:37.1502641Z ðŸš€ Starting UI E2E PoC on http://localhost:8002
Admin UI E2E (Playwright)	Run Playwright UI Test	2025-12-29T05:17:37.1503454Z =========================== short test summary info ============================
Admin UI E2E (Playwright)	Run Playwright UI Test	2025-12-29T05:17:37.1504305Z FAILED test_ui_poc.py::test_admin_ui_create_asset_propagation[chromium] - playwright._impl._errors.TimeoutError: Locator.wait_for: Timeout 10000ms exceeded.
Admin UI E2E (Playwright)	Run Playwright UI Test	2025-12-29T05:17:37.1505254Z Call log:
Admin UI E2E (Playwright)	Run Playwright UI Test	2025-12-29T05:17:37.1505751Z   - waiting for locator("button.cxd-Button--primary").filter(has_text="Create") to be visible
Admin UI E2E (Playwright)	Run Playwright UI Test	2025-12-29T05:17:37.1506229Z ============================== 1 failed in 14.19s ==============================
Admin UI E2E (Playwright)	Run Playwright UI Test	2025-12-29T05:17:37.2047456Z ##[error]Process completed with exit code 1.
Admin UI E2E (Playwright)	Post Install uv	ï»¿2025-12-29T05:17:37.2130654Z Post job cleanup.
Admin UI E2E (Playwright)	Post Install uv	2025-12-29T05:17:37.3856567Z Cache hit occurred on key setup-uv-1-x86_64-unknown-linux-gnu-unknown-7edd4bd285f29550cbd0bb084cc1ae42864ab23f79e2f25318e7f1c45938f5f6, not saving cache.
Admin UI E2E (Playwright)	Post Run actions/checkout@v4	ï»¿2025-12-29T05:17:37.3964499Z Post job cleanup.
Admin UI E2E (Playwright)	Post Run actions/checkout@v4	2025-12-29T05:17:37.4991234Z [command]/usr/bin/git version
Admin UI E2E (Playwright)	Post Run actions/checkout@v4	2025-12-29T05:17:37.5033369Z git version 2.52.0
Admin UI E2E (Playwright)	Post Run actions/checkout@v4	2025-12-29T05:17:37.5093849Z Temporarily overriding HOME='/home/runner/work/_temp/3f455c0d-7c24-43da-bb2c-84273c9dfa9d' before making global git config changes
Admin UI E2E (Playwright)	Post Run actions/checkout@v4	2025-12-29T05:17:37.5097485Z Adding repository directory to the temporary git global config as a safe directory
Admin UI E2E (Playwright)	Post Run actions/checkout@v4	2025-12-29T05:17:37.5102230Z [command]/usr/bin/git config --global --add safe.directory /home/runner/work/zero_x_infinity/zero_x_infinity
Admin UI E2E (Playwright)	Post Run actions/checkout@v4	2025-12-29T05:17:37.5150026Z [command]/usr/bin/git config --local --name-only --get-regexp core\.sshCommand
Admin UI E2E (Playwright)	Post Run actions/checkout@v4	2025-12-29T05:17:37.5193858Z [command]/usr/bin/git submodule foreach --recursive sh -c "git config --local --name-only --get-regexp 'core\.sshCommand' && git config --local --unset-all 'core.sshCommand' || :"
Admin UI E2E (Playwright)	Post Run actions/checkout@v4	2025-12-29T05:17:37.5481777Z [command]/usr/bin/git config --local --name-only --get-regexp http\.https\:\/\/github\.com\/\.extraheader
Admin UI E2E (Playwright)	Post Run actions/checkout@v4	2025-12-29T05:17:37.5505830Z http.https://github.com/.extraheader
Admin UI E2E (Playwright)	Post Run actions/checkout@v4	2025-12-29T05:17:37.5519691Z [command]/usr/bin/git config --local --unset-all http.https://github.com/.extraheader
Admin UI E2E (Playwright)	Post Run actions/checkout@v4	2025-12-29T05:17:37.5553003Z [command]/usr/bin/git submodule foreach --recursive sh -c "git config --local --name-only --get-regexp 'http\.https\:\/\/github\.com\/\.extraheader' && git config --local --unset-all 'http.https://github.com/.extraheader' || :"
Admin UI E2E (Playwright)	Post Run actions/checkout@v4	2025-12-29T05:17:37.5798767Z [command]/usr/bin/git config --local --name-only --get-regexp ^includeIf\.gitdir:
Admin UI E2E (Playwright)	Post Run actions/checkout@v4	2025-12-29T05:17:37.5832906Z [command]/usr/bin/git submodule foreach --recursive git config --local --show-origin --name-only --get-regexp remote.origin.url
Admin UI E2E (Playwright)	Stop containers	ï»¿2025-12-29T05:17:37.6165906Z Print service container logs: 59c37fd41b114ea7b51859fa727f6d5d_postgres18_3cf0a5
Admin UI E2E (Playwright)	Stop containers	2025-12-29T05:17:37.6170472Z ##[command]/usr/bin/docker logs --details 2d6db1dc341dfe7a46de7d07cf200322871b5c7d866ccfb01041e2e212af9427
Admin UI E2E (Playwright)	Stop containers	2025-12-29T05:17:37.6306226Z  The files belonging to this database system will be owned by user "postgres".
Admin UI E2E (Playwright)	Stop containers	2025-12-29T05:17:37.6309258Z  initdb: warning: enabling "trust" authentication for local connections
Admin UI E2E (Playwright)	Stop containers	2025-12-29T05:17:37.6310399Z  initdb: hint: You can change this by editing pg_hba.conf or using the option -A, or --auth-local and --auth-host, the next time you run initdb.
Admin UI E2E (Playwright)	Stop containers	2025-12-29T05:17:37.6311742Z  2025-12-29 05:16:02.241 UTC [1] LOG:  starting PostgreSQL 18.1 (Debian 18.1-1.pgdg13+2) on x86_64-pc-linux-gnu, compiled by gcc (Debian 14.2.0-19) 14.2.0, 64-bit
Admin UI E2E (Playwright)	Stop containers	2025-12-29T05:17:37.6312313Z  This user must also own the server process.
Admin UI E2E (Playwright)	Stop containers	2025-12-29T05:17:37.6313011Z  
Admin UI E2E (Playwright)	Stop containers	2025-12-29T05:17:37.6313370Z  The database cluster will be initialized with locale "en_US.utf8".
Admin UI E2E (Playwright)	Stop containers	2025-12-29T05:17:37.6313819Z  The default database encoding has accordingly been set to "UTF8".
Admin UI E2E (Playwright)	Stop containers	2025-12-29T05:17:37.6314249Z  The default text search configuration will be set to "english".
Admin UI E2E (Playwright)	Stop containers	2025-12-29T05:17:37.6314549Z  
Admin UI E2E (Playwright)	Stop containers	2025-12-29T05:17:37.6314914Z  Data page checksums are enabled.
Admin UI E2E (Playwright)	Stop containers	2025-12-29T05:17:37.6315278Z  
Admin UI E2E (Playwright)	Stop containers	2025-12-29T05:17:37.6315652Z  fixing permissions on existing directory /var/lib/postgresql/18/docker ... ok
Admin UI E2E (Playwright)	Stop containers	2025-12-29T05:17:37.6316028Z  creating subdirectories ... ok
Admin UI E2E (Playwright)	Stop containers	2025-12-29T05:17:37.6316327Z  selecting dynamic shared memory implementation ... posix
Admin UI E2E (Playwright)	Stop containers	2025-12-29T05:17:37.6316649Z  selecting default "max_connections" ... 100
Admin UI E2E (Playwright)	Stop containers	2025-12-29T05:17:37.6316947Z  selecting default "shared_buffers" ... 128MB
Admin UI E2E (Playwright)	Stop containers	2025-12-29T05:17:37.6317388Z  selecting default time zone ... Etc/UTC
Admin UI E2E (Playwright)	Stop containers	2025-12-29T05:17:37.6317746Z  creating configuration files ... ok
Admin UI E2E (Playwright)	Stop containers	2025-12-29T05:17:37.6317994Z  running bootstrap script ... ok
Admin UI E2E (Playwright)	Stop containers	2025-12-29T05:17:37.6318273Z  performing post-bootstrap initialization ... ok
Admin UI E2E (Playwright)	Stop containers	2025-12-29T05:17:37.6318553Z  syncing data to disk ... ok
Admin UI E2E (Playwright)	Stop containers	2025-12-29T05:17:37.6318764Z  
Admin UI E2E (Playwright)	Stop containers	2025-12-29T05:17:37.6318912Z  
Admin UI E2E (Playwright)	Stop containers	2025-12-29T05:17:37.6319174Z  Success. You can now start the database server using:
Admin UI E2E (Playwright)	Stop containers	2025-12-29T05:17:37.6319610Z  
Admin UI E2E (Playwright)	Stop containers	2025-12-29T05:17:37.6319907Z      pg_ctl -D /var/lib/postgresql/18/docker -l logfile start
Admin UI E2E (Playwright)	Stop containers	2025-12-29T05:17:37.6320187Z  
Admin UI E2E (Playwright)	Stop containers	2025-12-29T05:17:37.6320723Z  waiting for server to start....2025-12-29 05:16:01.920 UTC [51] LOG:  starting PostgreSQL 18.1 (Debian 18.1-1.pgdg13+2) on x86_64-pc-linux-gnu, compiled by gcc (Debian 14.2.0-19) 14.2.0, 64-bit
Admin UI E2E (Playwright)	Stop containers	2025-12-29T05:17:37.6321629Z  2025-12-29 05:16:01.921 UTC [51] LOG:  listening on Unix socket "/var/run/postgresql/.s.PGSQL.5432"
Admin UI E2E (Playwright)	Stop containers	2025-12-29T05:17:37.6322599Z  2025-12-29 05:16:01.926 UTC [57] LOG:  database system was shut down at 2025-12-29 05:16:01 UTC
Admin UI E2E (Playwright)	Stop containers	2025-12-29T05:17:37.6323291Z  2025-12-29 05:16:01.929 UTC [51] LOG:  database system is ready to accept connections
Admin UI E2E (Playwright)	Stop containers	2025-12-29T05:17:37.6323833Z   done
Admin UI E2E (Playwright)	Stop containers	2025-12-29T05:17:37.6324096Z  server started
Admin UI E2E (Playwright)	Stop containers	2025-12-29T05:17:37.6324324Z  CREATE DATABASE
Admin UI E2E (Playwright)	Stop containers	2025-12-29T05:17:37.6324504Z  
Admin UI E2E (Playwright)	Stop containers	2025-12-29T05:17:37.6324809Z  
Admin UI E2E (Playwright)	Stop containers	2025-12-29T05:17:37.6325120Z  /usr/local/bin/docker-entrypoint.sh: ignoring /docker-entrypoint-initdb.d/*
Admin UI E2E (Playwright)	Stop containers	2025-12-29T05:17:37.6325484Z  
Admin UI E2E (Playwright)	Stop containers	2025-12-29T05:17:37.6325910Z  waiting for server to shut down...2025-12-29 05:16:02.120 UTC [51] LOG:  received fast shutdown request
Admin UI E2E (Playwright)	Stop containers	2025-12-29T05:17:37.6326553Z  .2025-12-29 05:16:02.121 UTC [51] LOG:  aborting any active transactions
Admin UI E2E (Playwright)	Stop containers	2025-12-29T05:17:37.6327047Z  2025-12-29 05:16:02.122 UTC [51] LOG:  background worker "logical replication launcher" (PID 60) exited with exit code 1
Admin UI E2E (Playwright)	Stop containers	2025-12-29T05:17:37.6327505Z  2025-12-29 05:16:02.123 UTC [55] LOG:  shutting down
Admin UI E2E (Playwright)	Stop containers	2025-12-29T05:17:37.6327903Z  2025-12-29 05:16:02.123 UTC [55] LOG:  checkpoint starting: shutdown immediate
Admin UI E2E (Playwright)	Stop containers	2025-12-29T05:17:37.6329137Z  2025-12-29 05:16:02.141 UTC [55] LOG:  checkpoint complete: wrote 943 buffers (5.8%), wrote 3 SLRU buffers; 0 WAL file(s) added, 0 removed, 0 recycled; write=0.015 s, sync=0.002 s, total=0.019 s; sync files=303, longest=0.001 s, average=0.001 s; distance=4352 kB, estimate=4352 kB; lsn=0/1B9FBB0, redo lsn=0/1B9FBB0
Admin UI E2E (Playwright)	Stop containers	2025-12-29T05:17:37.6330658Z  2025-12-29 05:16:02.151 UTC [51] LOG:  database system is shut down
Admin UI E2E (Playwright)	Stop containers	2025-12-29T05:17:37.6330964Z   done
Admin UI E2E (Playwright)	Stop containers	2025-12-29T05:17:37.6331134Z  server stopped
Admin UI E2E (Playwright)	Stop containers	2025-12-29T05:17:37.6331308Z  
Admin UI E2E (Playwright)	Stop containers	2025-12-29T05:17:37.6331531Z  PostgreSQL init process complete; ready for start up.
Admin UI E2E (Playwright)	Stop containers	2025-12-29T05:17:37.6331808Z  
Admin UI E2E (Playwright)	Stop containers	2025-12-29T05:17:37.6332066Z  2025-12-29 05:16:02.241 UTC [1] LOG:  listening on IPv4 address "0.0.0.0", port 5432
Admin UI E2E (Playwright)	Stop containers	2025-12-29T05:17:37.6332734Z  2025-12-29 05:16:02.242 UTC [1] LOG:  listening on IPv6 address "::", port 5432
Admin UI E2E (Playwright)	Stop containers	2025-12-29T05:17:37.6333217Z  2025-12-29 05:16:02.243 UTC [1] LOG:  listening on Unix socket "/var/run/postgresql/.s.PGSQL.5432"
Admin UI E2E (Playwright)	Stop containers	2025-12-29T05:17:37.6333939Z  2025-12-29 05:16:02.247 UTC [73] LOG:  database system was shut down at 2025-12-29 05:16:02 UTC
Admin UI E2E (Playwright)	Stop containers	2025-12-29T05:17:37.6334930Z  2025-12-29 05:16:02.250 UTC [1] LOG:  database system is ready to accept connections
Admin UI E2E (Playwright)	Stop containers	2025-12-29T05:17:37.6340951Z Stop and remove container: 59c37fd41b114ea7b51859fa727f6d5d_postgres18_3cf0a5
Admin UI E2E (Playwright)	Stop containers	2025-12-29T05:17:37.6347174Z ##[command]/usr/bin/docker rm --force 2d6db1dc341dfe7a46de7d07cf200322871b5c7d866ccfb01041e2e212af9427
Admin UI E2E (Playwright)	Stop containers	2025-12-29T05:17:37.7934130Z 2d6db1dc341dfe7a46de7d07cf200322871b5c7d866ccfb01041e2e212af9427
Admin UI E2E (Playwright)	Stop containers	2025-12-29T05:17:37.7969750Z Remove container network: github_network_45237607dc364bbcb1b13504cc73ae0a
Admin UI E2E (Playwright)	Stop containers	2025-12-29T05:17:37.7974344Z ##[command]/usr/bin/docker network rm github_network_45237607dc364bbcb1b13504cc73ae0a
Admin UI E2E (Playwright)	Stop containers	2025-12-29T05:17:37.9006328Z github_network_45237607dc364bbcb1b13504cc73ae0a
Admin UI E2E (Playwright)	Complete job	ï»¿2025-12-29T05:17:37.9070609Z Cleaning up orphan processes
Admin UI E2E (Playwright)	Complete job	2025-12-29T05:17:37.9461909Z Terminate orphan process: pid (3525) (uv)
Admin UI E2E (Playwright)	Complete job	2025-12-29T05:17:37.9484924Z Terminate orphan process: pid (3530) (uvicorn)
Admin UI E2E (Playwright)	Complete job	2025-12-29T05:17:37.9505640Z Terminate orphan process: pid (3666) (zero_x_infinity)
